Component: ARM Compiler 5.06 update 6 (build 750) Tool: armlink [4d35ed]

==============================================================================

Section Cross References

    main.o(i.BMP_HomeToAlarm) refers to oled.o(i.OLED_Fill) for OLED_Fill
    main.o(i.BMP_HomeToAlarm) refers to oled.o(i.OLED_Refresh) for OLED_Refresh
    main.o(i.BMP_HomeToAlarm) refers to oled.o(i.OLED_ShowPicture) for OLED_ShowPicture
    main.o(i.BMP_HomeToAlarm) refers to main.o(.data) for gImage_alarm
    main.o(i.Time_Dish_Display) refers to oled.o(i.OLED_DrawLine) for OLED_DrawLine
    main.o(i.Time_Dish_Display) refers to oled.o(i.OLED_DrawEllipse) for OLED_DrawEllipse
    main.o(i.Time_Dish_Display) refers to oled.o(i.OLED_DrawFillCircle) for OLED_DrawFillCircle
    main.o(i.Time_Dish_Display) refers to oled.o(i.OLED_DrawAngleLine) for OLED_DrawAngleLine
    main.o(i.Time_Dish_Display) refers to rtc.o(.bss) for calendar
    main.o(i.Time_Num_Display) refers to oled.o(i.OLED_ShowPicture) for OLED_ShowPicture
    main.o(i.Time_Num_Display) refers to rtc.o(.bss) for calendar
    main.o(i.Time_Num_Display) refers to main.o(.data) for gImage_0
    main.o(i.Time_Num_Dot_Display) refers to oled.o(i.OLED_Fill) for OLED_Fill
    main.o(i.Time_Num_Dot_Display) refers to oled.o(i.OLED_DrawFillCircle) for OLED_DrawFillCircle
    main.o(i.Time_Num_Dot_Display) refers to main.o(.data) for Flag_Time_Num_Dot
    main.o(i.Time_Num_Updata) refers to oled.o(i.OLED_ShowPicture) for OLED_ShowPicture
    main.o(i.Time_Num_Updata) refers to oled.o(i.OLED_Fill) for OLED_Fill
    main.o(i.Time_Num_Updata) refers to oled.o(i.OLED_Refresh) for OLED_Refresh
    main.o(i.Time_Num_Updata) refers to rtc.o(.bss) for calendar
    main.o(i.Time_Num_Updata) refers to main.o(.data) for Time_Now_Min_G
    main.o(i.main) refers to delay.o(i.delay_init) for delay_init
    main.o(i.main) refers to misc.o(i.NVIC_PriorityGroupConfig) for NVIC_PriorityGroupConfig
    main.o(i.main) refers to usart.o(i.uart_init) for uart_init
    main.o(i.main) refers to delay.o(i.delay_ms) for delay_ms
    main.o(i.main) refers to timer2_int.o(i.TIM2_Int_Init) for TIM2_Int_Init
    main.o(i.main) refers to timer3_int.o(i.TIM3_Int_Init) for TIM3_Int_Init
    main.o(i.main) refers to rtc.o(i.RTC_Init) for RTC_Init
    main.o(i.main) refers to led.o(i.LED_Init) for LED_Init
    main.o(i.main) refers to key.o(i.KEY_Init) for KEY_Init
    main.o(i.main) refers to oled.o(i.OLED_Init) for OLED_Init
    main.o(i.main) refers to oled.o(i.OLED_Refresh) for OLED_Refresh
    main.o(i.main) refers to oled.o(i.OLED_Clear) for OLED_Clear
    main.o(i.main) refers to oled.o(i.OLED_DrawBMP) for OLED_DrawBMP
    main.o(i.main) refers to main.o(i.BMP_HomeToAlarm) for BMP_HomeToAlarm
    main.o(i.main) refers to main.o(i.Time_Num_Display) for Time_Num_Display
    main.o(i.main) refers to oled.o(i.OLED_Fill) for OLED_Fill
    main.o(i.main) refers to main.o(i.Time_Num_Updata) for Time_Num_Updata
    main.o(i.main) refers to main.o(i.Time_Num_Dot_Display) for Time_Num_Dot_Display
    main.o(i.main) refers to main.o(i.Time_Dish_Display) for Time_Dish_Display
    main.o(i.main) refers to rtc.o(.bss) for calendar
    main.o(i.main) refers to main.o(.data) for Time_Now_Min_G
    system_stm32f10x.o(i.SetSysClock) refers to system_stm32f10x.o(i.SetSysClockTo72) for SetSysClockTo72
    system_stm32f10x.o(i.SystemCoreClockUpdate) refers to system_stm32f10x.o(.data) for SystemCoreClock
    system_stm32f10x.o(i.SystemInit) refers to system_stm32f10x.o(i.SetSysClock) for SetSysClock
    delay.o(i.delay_init) refers to misc.o(i.SysTick_CLKSourceConfig) for SysTick_CLKSourceConfig
    delay.o(i.delay_init) refers to system_stm32f10x.o(.data) for SystemCoreClock
    delay.o(i.delay_init) refers to delay.o(.data) for fac_us
    delay.o(i.delay_ms) refers to delay.o(.data) for fac_ms
    delay.o(i.delay_us) refers to delay.o(.data) for fac_us
    usart.o(i.USART1_IRQHandler) refers (Special) to use_no_semi_2.o(.text) for __use_no_semihosting
    usart.o(i.USART1_IRQHandler) refers to stm32f10x_usart.o(i.USART_GetITStatus) for USART_GetITStatus
    usart.o(i.USART1_IRQHandler) refers to stm32f10x_usart.o(i.USART_ReceiveData) for USART_ReceiveData
    usart.o(i.USART1_IRQHandler) refers to usart.o(.data) for USART_RX_STA
    usart.o(i.USART1_IRQHandler) refers to usart.o(.bss) for USART_RX_BUF
    usart.o(i._sys_exit) refers (Special) to use_no_semi_2.o(.text) for __use_no_semihosting
    usart.o(i.fputc) refers (Special) to use_no_semi_2.o(.text) for __use_no_semihosting
    usart.o(i.uart_init) refers (Special) to use_no_semi_2.o(.text) for __use_no_semihosting
    usart.o(i.uart_init) refers to stm32f10x_rcc.o(i.RCC_APB2PeriphClockCmd) for RCC_APB2PeriphClockCmd
    usart.o(i.uart_init) refers to stm32f10x_gpio.o(i.GPIO_Init) for GPIO_Init
    usart.o(i.uart_init) refers to misc.o(i.NVIC_Init) for NVIC_Init
    usart.o(i.uart_init) refers to stm32f10x_usart.o(i.USART_Init) for USART_Init
[...]
    .ARM.Collect$$_printf_percent$$00000000  0x080001ec   Section        0  _printf_percent.o(.ARM.Collect$$_printf_percent$$00000000)
    .ARM.Collect$$_printf_percent$$00000009  0x080001ec   Section        6  _printf_d.o(.ARM.Collect$$_printf_percent$$00000009)
    .ARM.Collect$$_printf_percent$$00000017  0x080001f2   Section        4  _printf_percent_end.o(.ARM.Collect$$_printf_percent$$00000017)
    .ARM.Collect$$libinit$$00000000          0x080001f6   Section        2  libinit.o(.ARM.Collect$$libinit$$00000000)
    .ARM.Collect$$libinit$$00000002          0x080001f8   Section        0  libinit2.o(.ARM.Collect$$libinit$$00000002)
    .ARM.Collect$$libinit$$00000004          0x080001f8   Section        0  libinit2.o(.ARM.Collect$$libinit$$00000004)
    .ARM.Collect$$libinit$$0000000A          0x080001f8   Section        0  libinit2.o(.ARM.Collect$$libinit$$0000000A)
    .ARM.Collect$$libinit$$0000000C          0x080001f8   Section        0  libinit2.o(.ARM.Collect$$libinit$$0000000C)
    .ARM.Collect$$libinit$$0000000E          0x080001f8   Section        0  libinit2.o(.ARM.Collect$$libinit$$0000000E)
    .ARM.Collect$$libinit$$00000011          0x080001f8   Section        0  libinit2.o(.ARM.Collect$$libinit$$00000011)
    .ARM.Collect$$libinit$$00000013          0x080001f8   Section        0  libinit2.o(.ARM.Collect$$libinit$$00000013)
    .ARM.Collect$$libinit$$00000015          0x080001f8   Section        0  libinit2.o(.ARM.Collect$$libinit$$00000015)
    .ARM.Collect$$libinit$$00000017          0x080001f8   Section        0  libinit2.o(.ARM.Collect$$libinit$$00000017)
    .ARM.Collect$$libinit$$00000019          0x080001f8   Section        0  libinit2.o(.ARM.Collect$$libinit$$00000019)
    .ARM.Collect$$libinit$$0000001B          0x080001f8   Section        0  libinit2.o(.ARM.Collect$$libinit$$0000001B)
    .ARM.Collect$$libinit$$0000001D          0x080001f8   Section        0  libinit2.o(.ARM.Collect$$libinit$$0000001D)
    .ARM.Collect$$libinit$$0000001F          0x080001f8   Section        0  libinit2.o(.ARM.Collect$$libinit$$0000001F)
    .ARM.Collect$$libinit$$00000021          0x080001f8   Section        0  libinit2.o(.ARM.Collect$$libinit$$00000021)
    .ARM.Collect$$libinit$$00000023          0x080001f8   Section        0  libinit2.o(.ARM.Collect$$libinit$$00000023)
    .ARM.Collect$$libinit$$00000025          0x080001f8   Section        0  libinit2.o(.ARM.Collect$$libinit$$00000025)
    .ARM.Collect$$libinit$$0000002C          0x080001f8   Section        0  libinit2.o(.ARM.Collect$$libinit$$0000002C)
    .ARM.Collect$$libinit$$0000002E          0x080001f8   Section        0  libinit2.o(.ARM.Collect$$libinit$$0000002E)
    .ARM.Collect$$libinit$$00000030          0x080001f8   Section        0  libinit2.o(.ARM.Collect$$libinit$$00000030)
    .ARM.Collect$$libinit$$00000032          0x080001f8   Section        0  libinit2.o(.ARM.Collect$$libinit$$00000032)
    .ARM.Collect$$libinit$$00000033          0x080001f8   Section        2  libinit2.o(.ARM.Collect$$libinit$$00000033)
    .ARM.Collect$$libshutdown$$00000000      0x080001fa   Section        2  libshutdown.o(.ARM.Collect$$libshutdown$$00000000)
    .ARM.Collect$$libshutdown$$00000002      0x080001fc   Section        0  libshutdown2.o(.ARM.Collect$$libshutdown$$00000002)
    .ARM.Collect$$libshutdown$$00000004      0x080001fc   Section        0  libshutdown2.o(.ARM.Collect$$libshutdown$$00000004)
    .ARM.Collect$$libshutdown$$00000007      0x080001fc   Section        0  libshutdown2.o(.ARM.Collect$$libshutdown$$00000007)
    .ARM.Collect$$libshutdown$$0000000A      0x080001fc   Section        0  libshutdown2.o(.ARM.Collect$$libshutdown$$0000000A)
    .ARM.Collect$$libshutdown$$0000000C      0x080001fc   Section        0  libshutdown2.o(.ARM.Collect$$libshutdown$$0000000C)
    .ARM.Collect$$libshutdown$$0000000F      0x080001fc   Section        0  libshutdown2.o(.ARM.Collect$$libshutdown$$0000000F)
    .ARM.Collect$$libshutdown$$00000010      0x080001fc   Section        2  libshutdown2.o(.ARM.Collect$$libshutdown$$00000010)
    .ARM.Collect$$rtentry$$00000000          0x080001fe   Section        0  __rtentry.o(.ARM.Collect$$rtentry$$00000000)
    .ARM.Collect$$rtentry$$00000002          0x080001fe   Section        0  __rtentry2.o(.ARM.Collect$$rtentry$$00000002)
    .ARM.Collect$$rtentry$$00000004          0x080001fe   Section        6  __rtentry4.o(.ARM.Collect$$rtentry$$00000004)
    .ARM.Collect$$rtentry$$00000009          0x08000204   Section        0  __rtentry2.o(.ARM.Collect$$rtentry$$00000009)
    .ARM.Collect$$rtentry$$0000000A          0x08000204   Section        4  __rtentry2.o(.ARM.Collect$$rtentry$$0000000A)
    .ARM.Collect$$rtentry$$0000000C          0x08000208   Section        0  __rtentry2.o(.ARM.Collect$$rtentry$$0000000C)
    .ARM.Collect$$rtentry$$0000000D          0x08000208   Section        8  __rtentry2.o(.ARM.Collect$$rtentry$$0000000D)
    .ARM.Collect$$rtexit$$00000000           0x08000210   Section        2  rtexit.o(.ARM.Collect$$rtexit$$00000000)
    .ARM.Collect$$rtexit$$00000002           0x08000212   Section        0  rtexit2.o(.ARM.Collect$$rtexit$$00000002)
    .ARM.Collect$$rtexit$$00000003           0x08000212   Section        4  rtexit2.o(.ARM.Collect$$rtexit$$00000003)
    .ARM.Collect$$rtexit$$00000004           0x08000216   Section        6  rtexit2.o(.ARM.Collect$$rtexit$$00000004)
    .text                                    0x0800021c   Section       64  startup_stm32f10x_hd.o(.text)
    .text                                    0x0800025c   Section        2  use_no_semi_2.o(.text)
    .text                                    0x08000260   Section        0  noretval__2printf.o(.text)
    .text                                    0x08000278   Section        0  __printf.o(.text)
    .text                                    0x080002e0   Section        0  _printf_dec.o(.text)
    .text                                    0x08000358   Section        0  heapauxi.o(.text)
    .text                                    0x0800035e   Section        2  use_no_semi.o(.text)
    .text                                    0x08000360   Section        0  _rserrno.o(.text)
    .text                                    0x08000376   Section        0  _printf_intcommon.o(.text)
    .text                                    0x08000428   Section        0  _printf_char_file.o(.text)
    .text                                    0x0800044c   Section        8  rt_errno_addr_intlibspace.o(.text)
    .text                                    0x08000454   Section        0  _printf_char_common.o(.text)
    _printf_input_char                       0x08000455   Thumb Code    10  _printf_char_common.o(.text)
    .text                                    0x08000484   Section        0  ferror.o(.text)
    .text                                    0x0800048c   Section        8  libspace.o(.text)
    .text                                    0x08000494   Section       74  sys_stackheap_outer.o(.text)
    .text                                    0x080004de   Section        0  exit.o(.text)
    i.BKP_DeInit                             0x080004f0   Section        0  stm32f10x_bkp.o(i.BKP_DeInit)
    i.BKP_ReadBackupRegister                 0x08000500   Section        0  stm32f10x_bkp.o(i.BKP_ReadBackupRegister)
    i.BKP_WriteBackupRegister                0x0800051c   Section        0  stm32f10x_bkp.o(i.BKP_WriteBackupRegister)
    i.BMP_HomeToAlarm                        0x08000538   Section        0  main.o(i.BMP_HomeToAlarm)
    i.BusFault_Handler                       0x08000588   Section        0  stm32f10x_it.o(i.BusFault_Handler)
    i.DebugMon_Handler                       0x0800058c   Section        0  stm32f10x_it.o(i.DebugMon_Handler)
    i.Delay                                  0x0800058e   Section        0  oled.o(i.Delay)
    i.Ellipse4Point                          0x0800059a   Section        0  oled.o(i.Ellipse4Point)
    Ellipse4Point                            0x0800059b   Thumb Code    68  oled.o(i.Ellipse4Point)
    i.GPIO_Init                              0x080005de   Section        0  stm32f10x_gpio.o(i.GPIO_Init)
    i.GPIO_PinRemapConfig                    0x080006f4   Section        0  stm32f10x_gpio.o(i.GPIO_PinRemapConfig)
    i.GPIO_ReadInputDataBit                  0x08000784   Section        0  stm32f10x_gpio.o(i.GPIO_ReadInputDataBit)
    i.GPIO_ResetBits                         0x08000796   Section        0  stm32f10x_gpio.o(i.GPIO_ResetBits)
    i.GPIO_SetBits                           0x0800079a   Section        0  stm32f10x_gpio.o(i.GPIO_SetBits)
    i.HardFault_Handler                      0x0800079e   Section        0  stm32f10x_it.o(i.HardFault_Handler)
    i.Is_Leap_Year                           0x080007a2   Section        0  rtc.o(i.Is_Leap_Year)
    i.KEY_Init                               0x080007dc   Section        0  key.o(i.KEY_Init)
    i.KEY_Scan                               0x08000818   Section        0  key.o(i.KEY_Scan)
    i.LED_Init                               0x080008b8   Section        0  led.o(i.LED_Init)
    i.MemManage_Handler                      0x08000904   Section        0  stm32f10x_it.o(i.MemManage_Handler)
    i.NMI_Handler                            0x08000908   Section        0  stm32f10x_it.o(i.NMI_Handler)
    i.NVIC_Init                              0x0800090c   Section        0  misc.o(i.NVIC_Init)
    i.NVIC_PriorityGroupConfig               0x0800097c   Section        0  misc.o(i.NVIC_PriorityGroupConfig)
    i.OLED_Clear                             0x08000990   Section        0  oled.o(i.OLED_Clear)
    i.OLED_DrawAngleLine                     0x080009d0   Section        0  oled.o(i.OLED_DrawAngleLine)
    i.OLED_DrawBMP                           0x08000a70   Section        0  oled.o(i.OLED_DrawBMP)
    i.OLED_DrawEllipse                       0x08000ae8   Section        0  oled.o(i.OLED_DrawEllipse)
    i.OLED_DrawFillCircle                    0x08000cd0   Section        0  oled.o(i.OLED_DrawFillCircle)
    i.OLED_DrawLine                          0x08000da6   Section        0  oled.o(i.OLED_DrawLine)
    i.OLED_DrawPoint                         0x08000e50   Section        0  oled.o(i.OLED_DrawPoint)
    i.OLED_Fill                              0x08000ec8   Section        0  oled.o(i.OLED_Fill)
    i.OLED_IIC_Start                         0x08000f00   Section        0  oled.o(i.OLED_IIC_Start)
    i.OLED_IIC_Stop                          0x08000f30   Section        0  oled.o(i.OLED_IIC_Stop)
    i.OLED_IIC_Wait_Ack                      0x08000f58   Section        0  oled.o(i.OLED_IIC_Wait_Ack)
    i.OLED_Init                              0x08000f74   Section        0  oled.o(i.OLED_Init)
    i.OLED_Refresh                           0x08001098   Section        0  oled.o(i.OLED_Refresh)
    i.OLED_Set_Pos                           0x080010e0   Section        0  oled.o(i.OLED_Set_Pos)
    i.OLED_ShowPicture                       0x08001108   Section        0  oled.o(i.OLED_ShowPicture)
    i.OLED_WR_Byte                           0x080011de   Section        0  oled.o(i.OLED_WR_Byte)
    i.OLED_Write_IIC_Byte                    0x080011f8   Section        0  oled.o(i.OLED_Write_IIC_Byte)
    i.OLED_Write_IIC_Command                 0x08001254   Section        0  oled.o(i.OLED_Write_IIC_Command)
    i.OLED_Write_IIC_Data                    0x08001280   Section        0  oled.o(i.OLED_Write_IIC_Data)
    i.PWR_BackupAccessCmd                    0x080012ac   Section        0  stm32f10x_pwr.o(i.PWR_BackupAccessCmd)
    i.PendSV_Handler                         0x080012b8   Section        0  stm32f10x_it.o(i.PendSV_Handler)
    i.RCC_APB1PeriphClockCmd                 0x080012bc   Section        0  stm32f10x_rcc.o(i.RCC_APB1PeriphClockCmd)
    i.RCC_APB2PeriphClockCmd                 0x080012dc   Section        0  stm32f10x_rcc.o(i.RCC_APB2PeriphClockCmd)
    i.RCC_BackupResetCmd                     0x080012fc   Section        0  stm32f10x_rcc.o(i.RCC_BackupResetCmd)
    i.RCC_GetClocksFreq                      0x08001308   Section        0  stm32f10x_rcc.o(i.RCC_GetClocksFreq)
    i.RCC_GetFlagStatus                      0x080013dc   Section        0  stm32f10x_rcc.o(i.RCC_GetFlagStatus)
    i.RCC_LSEConfig                          0x08001418   Section        0  stm32f10x_rcc.o(i.RCC_LSEConfig)
    i.RCC_RTCCLKCmd                          0x0800144c   Section        0  stm32f10x_rcc.o(i.RCC_RTCCLKCmd)
    i.RCC_RTCCLKConfig                       0x08001458   Section        0  stm32f10x_rcc.o(i.RCC_RTCCLKConfig)
    i.RTC_ClearITPendingBit                  0x08001468   Section        0  stm32f10x_rtc.o(i.RTC_ClearITPendingBit)
    i.RTC_EnterConfigMode                    0x08001478   Section        0  stm32f10x_rtc.o(i.RTC_EnterConfigMode)
    i.RTC_ExitConfigMode                     0x0800148c   Section        0  stm32f10x_rtc.o(i.RTC_ExitConfigMode)
    i.RTC_Get                                0x080014a0   Section        0  rtc.o(i.RTC_Get)
    i.RTC_GetCounter                         0x080015a0   Section        0  stm32f10x_rtc.o(i.RTC_GetCounter)
    i.RTC_GetITStatus                        0x080015b4   Section        0  stm32f10x_rtc.o(i.RTC_GetITStatus)
    i.RTC_Get_Week                           0x080015d8   Section        0  rtc.o(i.RTC_Get_Week)
    i.RTC_IRQHandler                         0x08001650   Section        0  rtc.o(i.RTC_IRQHandler)
    i.RTC_ITConfig                           0x080016c0   Section        0  stm32f10x_rtc.o(i.RTC_ITConfig)
    i.RTC_Init                               0x080016e0   Section        0  rtc.o(i.RTC_Init)
    i.RTC_NVIC_Config                        0x080017a0   Section        0  rtc.o(i.RTC_NVIC_Config)
    RTC_NVIC_Config                          0x080017a1   Thumb Code    32  rtc.o(i.RTC_NVIC_Config)
    i.RTC_Set                                0x080017c0   Section        0  rtc.o(i.RTC_Set)
    i.RTC_SetCounter                         0x08001888   Section        0  stm32f10x_rtc.o(i.RTC_SetCounter)
    i.RTC_SetPrescaler                       0x080018a4   Section        0  stm32f10x_rtc.o(i.RTC_SetPrescaler)
    i.RTC_WaitForLastTask                    0x080018c4   Section        0  stm32f10x_rtc.o(i.RTC_WaitForLastTask)
    i.RTC_WaitForSynchro                     0x080018d8   Section        0  stm32f10x_rtc.o(i.RTC_WaitForSynchro)
    i.SVC_Handler                            0x080018fc   Section        0  stm32f10x_it.o(i.SVC_Handler)
    i.SetSysClock                            0x080018fe   Section        0  system_stm32f10x.o(i.SetSysClock)
    SetSysClock                              0x080018ff   Thumb Code     8  system_stm32f10x.o(i.SetSysClock)
    i.SetSysClockTo72                        0x08001908   Section        0  system_stm32f10x.o(i.SetSysClockTo72)
    SetSysClockTo72                          0x08001909   Thumb Code   214  system_stm32f10x.o(i.SetSysClockTo72)
    i.SysTick_CLKSourceConfig                0x080019e8   Section        0  misc.o(i.SysTick_CLKSourceConfig)
    i.SysTick_Handler                        0x08001a10   Section        0  stm32f10x_it.o(i.SysTick_Handler)
    i.SystemInit                             0x08001a14   Section        0  system_stm32f10x.o(i.SystemInit)
    i.TIM2_IRQHandler                        0x08001a74   Section        0  timer2_int.o(i.TIM2_IRQHandler)
    i.TIM2_Int_Init                          0x08001af4   Section        0  timer2_int.o(i.TIM2_Int_Init)
    i.TIM3_IRQHandler                        0x08001b50   Section        0  timer3_int.o(i.TIM3_IRQHandler)
    i.TIM3_Int_Init                          0x08001ba0   Section        0  timer3_int.o(i.TIM3_Int_Init)
    i.TIM_ClearITPendingBit                  0x08001c00   Section        0  stm32f10x_tim.o(i.TIM_ClearITPendingBit)
    i.TIM_Cmd                                0x08001c06   Section        0  stm32f10x_tim.o(i.TIM_Cmd)
    i.TIM_GetITStatus                        0x08001c1e   Section        0  stm32f10x_tim.o(i.TIM_GetITStatus)
    i.TIM_ITConfig                           0x08001c40   Section        0  stm32f10x_tim.o(i.TIM_ITConfig)
    i.TIM_TimeBaseInit                       0x08001c54   Section        0  stm32f10x_tim.o(i.TIM_TimeBaseInit)
    i.Time_Dish_Display                      0x08001cf8   Section        0  main.o(i.Time_Dish_Display)
    i.Time_Num_Display                       0x08001e6c   Section        0  main.o(i.Time_Num_Display)
    i.Time_Num_Dot_Display                   0x08001f18   Section        0  main.o(i.Time_Num_Dot_Display)
    i.Time_Num_Updata                        0x08001f58   Section        0  main.o(i.Time_Num_Updata)
    i.USART1_IRQHandler                      0x08002314   Section        0  usart.o(i.USART1_IRQHandler)
    i.USART_Cmd                              0x0800239c   Section        0  stm32f10x_usart.o(i.USART_Cmd)
    i.USART_GetITStatus                      0x080023b4   Section        0  stm32f10x_usart.o(i.USART_GetITStatus)
    i.USART_ITConfig                         0x08002408   Section        0  stm32f10x_usart.o(i.USART_ITConfig)
    i.USART_Init                             0x08002454   Section        0  stm32f10x_usart.o(i.USART_Init)
    i.USART_ReceiveData                      0x0800252c   Section        0  stm32f10x_usart.o(i.USART_ReceiveData)
    i.UsageFault_Handler                     0x08002536   Section        0  stm32f10x_it.o(i.UsageFault_Handler)
    i.__ARM_fpclassify                       0x0800253a   Section        0  fpclassify.o(i.__ARM_fpclassify)
    i.__ieee754_rem_pio2                     0x08002564   Section        0  rred.o(i.__ieee754_rem_pio2)
    i.__kernel_cos                           0x080028ec   Section        0  cos_i.o(i.__kernel_cos)
    i.__kernel_poly                          0x080029e8   Section        0  poly.o(i.__kernel_poly)
    i.__kernel_sin                           0x08002a94   Section        0  sin_i.o(i.__kernel_sin)
    i.__mathlib_dbl_infnan                   0x08002b80   Section        0  dunder.o(i.__mathlib_dbl_infnan)
    i.__mathlib_dbl_invalid                  0x08002b86   Section        0  dunder.o(i.__mathlib_dbl_invalid)
    i.__mathlib_dbl_underflow                0x08002b94   Section        0  dunder.o(i.__mathlib_dbl_underflow)
    i._sys_exit                              0x08002ba4   Section        0  usart.o(i._sys_exit)
    i.cos                                    0x08002ba8   Section        0  cos.o(i.cos)
    i.delay_init                             0x08002c44   Section        0  delay.o(i.delay_init)
    i.delay_ms                               0x08002c88   Section        0  delay.o(i.delay_ms)
    i.fputc                                  0x08002cd4   Section        0  usart.o(i.fputc)
    i.main                                   0x08002cf0   Section        0  main.o(i.main)
    i.sin                                    0x08002e30   Section        0  sin.o(i.sin)
    i.uart_init                              0x08002ed0   Section        0  usart.o(i.uart_init)
    x$fpl$d2f                                0x08002f70   Section       98  d2f.o(x$fpl$d2f)
    x$fpl$dadd                               0x08002fd4   Section      336  daddsub_clz.o(x$fpl$dadd)
    _dadd1                                   0x08002fe5   Thumb Code     0  daddsub_clz.o(x$fpl$dadd)
    x$fpl$dcheck1                            0x08003124   Section       16  dcheck1.o(x$fpl$dcheck1)
    x$fpl$ddiv                               0x08003134   Section      688  ddiv.o(x$fpl$ddiv)
    ddiv_entry                               0x0800313b   Thumb Code     0  ddiv.o(x$fpl$ddiv)
    x$fpl$dfix                               0x080033e4   Section       94  dfix.o(x$fpl$dfix)
    x$fpl$dflt                               0x08003442   Section       46  dflt_clz.o(x$fpl$dflt)
    x$fpl$dfltu                              0x08003470   Section       38  dflt_clz.o(x$fpl$dfltu)
    x$fpl$dmul                               0x08003498   Section      340  dmul.o(x$fpl$dmul)
    x$fpl$dnaninf                            0x080035ec   Section      156  dnaninf.o(x$fpl$dnaninf)
    x$fpl$dretinf                            0x08003688   Section       12  dretinf.o(x$fpl$dretinf)
    x$fpl$drsb                               0x08003694   Section       22  daddsub_clz.o(x$fpl$drsb)
    x$fpl$dsub                               0x080036ac   Section      468  daddsub_clz.o(x$fpl$dsub)
    _dsub1                                   0x080036bd   Thumb Code     0  daddsub_clz.o(x$fpl$dsub)
    x$fpl$fadd                               0x08003880   Section      196  faddsub_clz.o(x$fpl$fadd)
    _fadd1                                   0x0800388f   Thumb Code     0  faddsub_clz.o(x$fpl$fadd)
    x$fpl$fcmpinf                            0x08003944   Section       24  fcmpi.o(x$fpl$fcmpinf)
    x$fpl$fflt                               0x0800395c   Section       48  fflt_clz.o(x$fpl$fflt)
    x$fpl$ffltu                              0x0800398c   Section       38  fflt_clz.o(x$fpl$ffltu)
    x$fpl$fleqf                              0x080039b4   Section      104  fleqf.o(x$fpl$fleqf)
    x$fpl$fmul                               0x08003a1c   Section      258  fmul.o(x$fpl$fmul)
    x$fpl$fnaninf                            0x08003b1e   Section      140  fnaninf.o(x$fpl$fnaninf)
    x$fpl$fretinf                            0x08003baa   Section       10  fretinf.o(x$fpl$fretinf)
    x$fpl$fsub                               0x08003bb4   Section      234  faddsub_clz.o(x$fpl$fsub)
    _fsub1                                   0x08003bc3   Thumb Code     0  faddsub_clz.o(x$fpl$fsub)
    x$fpl$retnan                             0x08003c9e   Section      100  retnan.o(x$fpl$retnan)
    x$fpl$scalbn                             0x08003d02   Section       92  scalbn.o(x$fpl$scalbn)
    x$fpl$trapveneer                         0x08003d5e   Section       48  trapv.o(x$fpl$trapveneer)
    .constdata                               0x08003d8e   Section       24  rtc.o(.constdata)
    x$fpl$usenofp                            0x08003d8e   Section        0  usenofp.o(x$fpl$usenofp)
    .constdata                               0x08003da8   Section       48  cos_i.o(.constdata)
    C                                        0x08003da8   Data          48  cos_i.o(.constdata)
    .constdata                               0x08003dd8   Section      200  rred.o(.constdata)
    pio2s                                    0x08003dd8   Data          48  rred.o(.constdata)
    twooverpi                                0x08003e08   Data         152  rred.o(.constdata)
    .constdata                               0x08003ea0   Section       40  sin_i.o(.constdata)
    S                                        0x08003ea0   Data          40  sin_i.o(.constdata)
    .data                                    0x20000000   Section     5707  main.o(.data)
    .data                                    0x2000164c   Section       20  system_stm32f10x.o(.data)
    .data                                    0x20001660   Section        4  delay.o(.data)
    fac_us                                   0x20001660   Data           1  delay.o(.data)
    fac_ms                                   0x20001662   Data           2  delay.o(.data)
    .data                                    0x20001664   Section        6  usart.o(.data)
    .data                                    0x2000166a   Section       20  stm32f10x_rcc.o(.data)
    APBAHBPrescTable                         0x2000166a   Data          16  stm32f10x_rcc.o(.data)
    ADCPrescTable                            0x2000167a   Data           4  stm32f10x_rcc.o(.data)
    .data                                    0x2000167e   Section        1  key.o(.data)
    key_up                                   0x2000167e   Data           1  key.o(.data)
    .data                                    0x20001680   Section        2  rtc.o(.data)
    daycnt                                   0x20001680   Data           2  rtc.o(.data)
    .data                                    0x20001682   Section        1  timer2_int.o(.data)
    .bss                                     0x20001684   Section      200  usart.o(.bss)
    .bss                                     0x2000174c   Section     1024  oled.o(.bss)
    .bss                                     0x20001b4c   Section       10  rtc.o(.bss)
    .bss                                     0x20001b58   Section       96  libspace.o(.bss)
    HEAP                                     0x20001bb8   Section      512  startup_stm32f10x_hd.o(HEAP)
    Heap_Mem                                 0x20001bb8   Data         512  startup_stm32f10x_hd.o(HEAP)
    STACK                                    0x20001db8   Section     1024  startup_stm32f10x_hd.o(STACK)
    Stack_Mem                                0x20001db8   Data        1024  startup_stm32f10x_hd.o(STACK)
    __initial_sp                             0x200021b8   Data           0  startup_stm32f10x_hd.o(STACK)

    Global Symbols

    Symbol Name                              Value     Ov Type        Size  Object(Section)

    BuildAttributes$$THM_ISAv4$P$D$K$B$S$PE$A:L22UL41UL21$X:L11$S22US41US21$IEEE1$IW$USESV6$~STKCKD$USESV7$~SHL$OTIME$ROPI$IEEEX$EBA8$UX$STANDARDLIB$REQ8$PRES8$EABIv2 0x00000000   Number         0  anon$$obj.o ABSOLUTE
    __ARM_use_no_argv                        0x00000000   Number         0  main.o ABSOLUTE
    __ARM_exceptions_init                     - Undefined Weak Reference
    __alloca_initialize                       - Undefined Weak Reference
    __arm_preinit_                            - Undefined Weak Reference
    __cpp_initialize__aeabi_                  - Undefined Weak Reference
    __cxa_finalize                            - Undefined Weak Reference
    __rt_locale                               - Undefined Weak Reference
    __sigvec_lookup                           - Undefined Weak Reference
    _atexit_init                              - Undefined Weak Reference
    _call_atexit_fns                          - Undefined Weak Reference
    _clock_init                               - Undefined Weak Reference
    _fp_trap_init                             - Undefined Weak Reference
    _fp_trap_shutdown                         - Undefined Weak Reference
    _get_lc_collate                           - Undefined Weak Reference
    _get_lc_ctype                             - Undefined Weak Reference
    _get_lc_monetary                          - Undefined Weak Reference
    _get_lc_numeric                           - Undefined Weak Reference
    _get_lc_time                              - Undefined Weak Reference
    _getenv_init                              - Undefined Weak Reference
    _handle_redirection                       - Undefined Weak Reference
    _init_alloc                               - Undefined Weak Reference
    _init_user_alloc                          - Undefined Weak Reference
    _initio                                   - Undefined Weak Reference
    _mutex_acquire                            - Undefined Weak Reference
    _mutex_release                            - Undefined Weak Reference
    _printf_post_padding                      - Undefined Weak Reference
    _printf_pre_padding                       - Undefined Weak Reference
    _printf_truncate_signed                   - Undefined Weak Reference
    _printf_truncate_unsigned                 - Undefined Weak Reference
    _rand_init                                - Undefined Weak Reference
    _signal_finish                            - Undefined Weak Reference
    _signal_init                              - Undefined Weak Reference
    _terminate_alloc                          - Undefined Weak Reference
    _terminate_user_alloc                     - Undefined Weak Reference
    _terminateio                              - Undefined Weak Reference
    __Vectors_Size                           0x00000130   Number         0  startup_stm32f10x_hd.o ABSOLUTE
    __Vectors                                0x08000000   Data           4  startup_stm32f10x_hd.o(RESET)
    __Vectors_End                            0x08000130   Data           0  startup_stm32f10x_hd.o(RESET)
    __main                                   0x08000131   Thumb Code     8  __main.o(!!!main)
    __scatterload                            0x08000139   Thumb Code     0  __scatter.o(!!!scatter)
    __scatterload_rt2                        0x08000139   Thumb Code    44  __scatter.o(!!!scatter)
    __scatterload_rt2_thumb_only             0x08000139   Thumb Code     0  __scatter.o(!!!scatter)
    __scatterload_null                       0x08000147   Thumb Code     0  __scatter.o(!!!scatter)
    __decompress                             0x0800016d   Thumb Code   100  __dclz77c.o(!!dclz77c)
    __decompress2                            0x0800016d   Thumb Code     0  __dclz77c.o(!!dclz77c)
    __scatterload_zeroinit                   0x080001d1   Thumb Code    28  __scatter_zi.o(!!handler_zi)
    _printf_d                                0x080001ed   Thumb Code     0  _printf_d.o(.ARM.Collect$$_printf_percent$$00000009)
    _printf_percent                          0x080001ed   Thumb Code     0  _printf_percent.o(.ARM.Collect$$_printf_percent$$00000000)
    _printf_percent_end                      0x080001f3   Thumb Code     0  _printf_percent_end.o(.ARM.Collect$$_printf_percent$$00000017)
    __rt_lib_init                            0x080001f7   Thumb Code     0  libinit.o(.ARM.Collect$$libinit$$00000000)
    __rt_lib_init_alloca_1                   0x080001f9   Thumb Code     0  libinit2.o(.ARM.Collect$$libinit$$0000002E)
    __rt_lib_init_argv_1                     0x080001f9   Thumb Code     0  libinit2.o(.ARM.Collect$$libinit$$0000002C)
    __rt_lib_init_atexit_1                   0x080001f9   Thumb Code     0  libinit2.o(.ARM.Collect$$libinit$$0000001B)
    __rt_lib_init_clock_1                    0x080001f9   Thumb Code     0  libinit2.o(.ARM.Collect$$libinit$$00000021)
    __rt_lib_init_cpp_1                      0x080001f9   Thumb Code     0  libinit2.o(.ARM.Collect$$libinit$$00000032)
    __rt_lib_init_exceptions_1               0x080001f9   Thumb Code     0  libinit2.o(.ARM.Collect$$libinit$$00000030)
    __rt_lib_init_fp_1                       0x080001f9   Thumb Code     0  libinit2.o(.ARM.Collect$$libinit$$00000002)
    __rt_lib_init_fp_trap_1                  0x080001f9   Thumb Code     0  libinit2.o(.ARM.Collect$$libinit$$0000001F)
    __rt_lib_init_getenv_1                   0x080001f9   Thumb Code     0  libinit2.o(.ARM.Collect$$libinit$$00000023)
    __rt_lib_init_heap_1                     0x080001f9   Thumb Code     0  libinit2.o(.ARM.Collect$$libinit$$0000000A)
    __rt_lib_init_lc_collate_1               0x080001f9   Thumb Code     0  libinit2.o(.ARM.Collect$$libinit$$00000011)
    __rt_lib_init_lc_ctype_1                 0x080001f9   Thumb Code     0  libinit2.o(.ARM.Collect$$libinit$$00000013)
    __rt_lib_init_lc_monetary_1              0x080001f9   Thumb Code     0  libinit2.o(.ARM.Collect$$libinit$$00000015)
    __rt_lib_init_lc_numeric_1               0x080001f9   Thumb Code     0  libinit2.o(.ARM.Collect$$libinit$$00000017)
    __rt_lib_init_lc_time_1                  0x080001f9   Thumb Code     0  libinit2.o(.ARM.Collect$$libinit$$00000019)
    __rt_lib_init_preinit_1                  0x080001f9   Thumb Code     0  libinit2.o(.ARM.Collect$$libinit$$00000004)
    __rt_lib_init_rand_1                     0x080001f9   Thumb Code     0  libinit2.o(.ARM.Collect$$libinit$$0000000E)
    __rt_lib_init_return                     0x080001f9   Thumb Code     0  libinit2.o(.ARM.Collect$$libinit$$00000033)
    __rt_lib_init_signal_1                   0x080001f9   Thumb Code     0  libinit2.o(.ARM.Collect$$libinit$$0000001D)
    __rt_lib_init_stdio_1                    0x080001f9   Thumb Code     0  libinit2.o(.ARM.Collect$$libinit$$00000025)
    __rt_lib_init_user_alloc_1               0x080001f9   Thumb Code     0  libinit2.o(.ARM.Collect$$libinit$$0000000C)
    __rt_lib_shutdown                        0x080001fb   Thumb Code     0  libshutdown.o(.ARM.Collect$$libshutdown$$00000000)
    __rt_lib_shutdown_cpp_1                  0x080001fd   Thumb Code     0  libshutdown2.o(.ARM.Collect$$libshutdown$$00000002)
    __rt_lib_shutdown_fp_trap_1              0x080001fd   Thumb Code     0  libshutdown2.o(.ARM.Collect$$libshutdown$$00000007)
    __rt_lib_shutdown_heap_1                 0x080001fd   Thumb Code     0  libshutdown2.o(.ARM.Collect$$libshutdown$$0000000F)
    __rt_lib_shutdown_return                 0x080001fd   Thumb Code     0  libshutdown2.o(.ARM.Collect$$libshutdown$$00000010)
    __rt_lib_shutdown_signal_1               0x080001fd   Thumb Code     0  libshutdown2.o(.ARM.Collect$$libshutdown$$0000000A)
    __rt_lib_shutdown_stdio_1                0x080001fd   Thumb Code     0  libshutdown2.o(.ARM.Collect$$libshutdown$$00000004)
    __rt_lib_shutdown_user_alloc_1           0x080001fd   Thumb Code     0  libshutdown2.o(.ARM.Collect$$libshutdown$$0000000C)
    __rt_entry                               0x080001ff   Thumb Code     0  __rtentry.o(.ARM.Collect$$rtentry$$00000000)
    __rt_entry_presh_1                       0x080001ff   Thumb Code     0  __rtentry2.o(.ARM.Collect$$rtentry$$00000002)
    __rt_entry_sh                            0x080001ff   Thumb Code     0  __rtentry4.o(.ARM.Collect$$rtentry$$00000004)
    __rt_entry_li                            0x08000205   Thumb Code     0  __rtentry2.o(.ARM.Collect$$rtentry$$0000000A)
    __rt_entry_postsh_1                      0x08000205   Thumb Code     0  __rtentry2.o(.ARM.Collect$$rtentry$$00000009)
    __rt_entry_main                          0x08000209   Thumb Code     0  __rtentry2.o(.ARM.Collect$$rtentry$$0000000D)
    __rt_entry_postli_1                      0x08000209   Thumb Code     0  __rtentry2.o(.ARM.Collect$$rtentry$$0000000C)
    __rt_exit                                0x08000211   Thumb Code     0  rtexit.o(.ARM.Collect$$rtexit$$00000000)
    __rt_exit_ls                             0x08000213   Thumb Code     0  rtexit2.o(.ARM.Collect$$rtexit$$00000003)
    __rt_exit_prels_1                        0x08000213   Thumb Code     0  rtexit2.o(.ARM.Collect$$rtexit$$00000002)
    __rt_exit_exit                           0x08000217   Thumb Code     0  rtexit2.o(.ARM.Collect$$rtexit$$00000004)
    Reset_Handler                            0x0800021d   Thumb Code     8  startup_stm32f10x_hd.o(.text)
    ADC1_2_IRQHandler                        0x08000237   Thumb Code     0  startup_stm32f10x_hd.o(.text)
    ADC3_IRQHandler                          0x08000237   Thumb Code     0  startup_stm32f10x_hd.o(.text)
    CAN1_RX1_IRQHandler                      0x08000237   Thumb Code     0  startup_stm32f10x_hd.o(.text)
    CAN1_SCE_IRQHandler                      0x08000237   Thumb Code     0  startup_stm32f10x_hd.o(.text)
    DMA1_Channel1_IRQHandler                 0x08000237   Thumb Code     0  startup_stm32f10x_hd.o(.text)
    DMA1_Channel2_IRQHandler                 0x08000237   Thumb Code     0  startup_stm32f10x_hd.o(.text)
    DMA1_Channel3_IRQHandler                 0x08000237   Thumb Code     0  startup_stm32f10x_hd.o(.text)
    DMA1_Channel4_IRQHandler                 0x08000237   Thumb Code     0  startup_stm32f10x_hd.o(.text)
    DMA1_Channel5_IRQHandler                 0x08000237   Thumb Code     0  startup_stm32f10x_hd.o(.text)
    DMA1_Channel6_IRQHandler                 0x08000237   Thumb Code     0  startup_stm32f10x_hd.o(.text)
    DMA1_Channel7_IRQHandler                 0x08000237   Thumb Code     0  startup_stm32f10x_hd.o(.text)
    DMA2_Channel1_IRQHandler                 0x08000237   Thumb Code     0  startup_stm32f10x_hd.o(.text)
    DMA2_Channel2_IRQHandler                 0x08000237   Thumb Code     0  startup_stm32f10x_hd.o(.text)
    DMA2_Channel3_IRQHandler                 0x08000237   Thumb Code     0  startup_stm32f10x_hd.o(.text)
    DMA2_Channel4_5_IRQHandler               0x08000237   Thumb Code     0  startup_stm32f10x_hd.o(.text)
    EXTI0_IRQHandler                         0x08000237   Thumb Code     0  startup_stm32f10x_hd.o(.text)
    EXTI15_10_IRQHandler                     0x08000237   Thumb Code     0  startup_stm32f10x_hd.o(.text)
    EXTI1_IRQHandler                         0x08000237   Thumb Code     0  startup_stm32f10x_hd.o(.text)
    EXTI2_IRQHandler                         0x08000237   Thumb Code     0  startup_stm32f10x_hd.o(.text)
    EXTI3_IRQHandler                         0x08000237   Thumb Code     0  startup_stm32f10x_hd.o(.text)
    EXTI4_IRQHandler                         0x08000237   Thumb Code     0  startup_stm32f10x_hd.o(.text)
    EXTI9_5_IRQHandler                       0x08000237   Thumb Code     0  startup_stm32f10x_hd.o(.text)
    FLASH_IRQHandler                         0x08000237   Thumb Code     0  startup_stm32f10x_hd.o(.text)
    FSMC_IRQHandler                          0x08000237   Thumb Code     0  startup_stm32f10x_hd.o(.text)
    I2C1_ER_IRQHandler                       0x08000237   Thumb Code     0  startup_stm32f10x_hd.o(.text)
    I2C1_EV_IRQHandler                       0x08000237   Thumb Code     0  startup_stm32f10x_hd.o(.text)
    I2C2_ER_IRQHandler                       0x08000237   Thumb Code     0  startup_stm32f10x_hd.o(.text)
    I2C2_EV_IRQHandler                       0x08000237   Thumb Code     0  startup_stm32f10x_hd.o(.text)
    PVD_IRQHandler                           0x08000237   Thumb Code     0  startup_stm32f10x_hd.o(.text)
    RCC_IRQHandler                           0x08000237   Thumb Code     0  startup_stm32f10x_hd.o(.text)
    RTCAlarm_IRQHandler                      0x08000237   Thumb Code     0  startup_stm32f10x_hd.o(.text)
    SDIO_IRQHandler                          0x08000237   Thumb Code     0  startup_stm32f10x_hd.o(.text)
    SPI1_IRQHandler                          0x08000237   Thumb Code     0  startup_stm32f10x_hd.o(.text)
    SPI2_IRQHandler                          0x08000237   Thumb Code     0  startup_stm32f10x_hd.o(.text)
    SPI3_IRQHandler                          0x08000237   Thumb Code     0  startup_stm32f10x_hd.o(.text)
    TAMPER_IRQHandler                        0x08000237   Thumb Code     0  startup_stm32f10x_hd.o(.text)
    TIM1_BRK_IRQHandler                      0x08000237   Thumb Code     0  startup_stm32f10x_hd.o(.text)
    TIM1_CC_IRQHandler                       0x08000237   Thumb Code     0  startup_stm32f10x_hd.o(.text)
    TIM1_TRG_COM_IRQHandler                  0x08000237   Thumb Code     0  startup_stm32f10x_hd.o(.text)
    TIM1_UP_IRQHandler                       0x08000237   Thumb Code     0  startup_stm32f10x_hd.o(.text)
    TIM4_IRQHandler                          0x08000237   Thumb Code     0  startup_stm32f10x_hd.o(.text)
    TIM5_IRQHandler                          0x08000237   Thumb Code     0  startup_stm32f10x_hd.o(.text)
    TIM6_IRQHandler                          0x08000237   Thumb Code     0  startup_stm32f10x_hd.o(.text)
    TIM7_IRQHandler                          0x08000237   Thumb Code     0  startup_stm32f10x_hd.o(.text)
    TIM8_BRK_IRQHandler                      0x08000237   Thumb Code     0  startup_stm32f10x_hd.o(.text)
    TIM8_CC_IRQHandler                       0x08000237   Thumb Code     0  startup_stm32f10x_hd.o(.text)
    TIM8_TRG_COM_IRQHandler                  0x08000237   Thumb Code     0  startup_stm32f10x_hd.o(.text)
    TIM8_UP_IRQHandler                       0x08000237   Thumb Code     0  startup_stm32f10x_hd.o(.text)
    UART4_IRQHandler                         0x08000237   Thumb Code     0  startup_stm32f10x_hd.o(.text)
    UART5_IRQHandler                         0x08000237   Thumb Code     0  startup_stm32f10x_hd.o(.text)
    USART2_IRQHandler                        0x08000237   Thumb Code     0  startup_stm32f10x_hd.o(.text)
    USART3_IRQHandler                        0x08000237   Thumb Code     0  startup_stm32f10x_hd.o(.text)
    USBWakeUp_IRQHandler                     0x08000237   Thumb Code     0  startup_stm32f10x_hd.o(.text)
    USB_HP_CAN1_TX_IRQHandler                0x08000237   Thumb Code     0  startup_stm32f10x_hd.o(.text)
    USB_LP_CAN1_RX0_IRQHandler               0x08000237   Thumb Code     0  startup_stm32f10x_hd.o(.text)
    WWDG_IRQHandler                          0x08000237   Thumb Code     0  startup_stm32f10x_hd.o(.text)
    __user_initial_stackheap                 0x08000239   Thumb Code     0  startup_stm32f10x_hd.o(.text)
    __use_no_semihosting                     0x0800025d   Thumb Code     2  use_no_semi_2.o(.text)
    __2printf                                0x08000261   Thumb Code    20  noretval__2printf.o(.text)
    __printf                                 0x08000279   Thumb Code   104  __printf.o(.text)
    _printf_int_dec                          0x080002e1   Thumb Code   104  _printf_dec.o(.text)
    __use_two_region_memory                  0x08000359   Thumb Code     2  heapauxi.o(.text)
    __rt_heap_escrow$2region                 0x0800035b   Thumb Code     2  heapauxi.o(.text)
    __rt_heap_expand$2region                 0x0800035d   Thumb Code     2  heapauxi.o(.text)
    __I$use$semihosting                      0x0800035f   Thumb Code     0  use_no_semi.o(.text)
    __use_no_semihosting_swi                 0x0800035f   Thumb Code     2  use_no_semi.o(.text)
    __read_errno                             0x08000361   Thumb Code    10  _rserrno.o(.text)
    __set_errno                              0x0800036b   Thumb Code    12  _rserrno.o(.text)
    _printf_int_common                       0x08000377   Thumb Code   178  _printf_intcommon.o(.text)
    _printf_char_file                        0x08000429   Thumb Code    32  _printf_char_file.o(.text)
    __aeabi_errno_addr                       0x0800044d   Thumb Code     8  rt_errno_addr_intlibspace.o(.text)
    __errno$intlibspace                      0x0800044d   Thumb Code     0  rt_errno_addr_intlibspace.o(.text)
    __rt_errno_addr$intlibspace              0x0800044d   Thumb Code     0  rt_errno_addr_intlibspace.o(.text)
    _printf_char_common                      0x0800045f   Thumb Code    32  _printf_char_common.o(.text)
    ferror                                   0x08000485   Thumb Code     8  ferror.o(.text)
    __user_libspace                          0x0800048d   Thumb Code     8  libspace.o(.text)
    __user_perproc_libspace                  0x0800048d   Thumb Code     0  libspace.o(.text)
    __user_perthread_libspace                0x0800048d   Thumb Code     0  libspace.o(.text)
    __user_setup_stackheap                   0x08000495   Thumb Code    74  sys_stackheap_outer.o(.text)
    exit                                     0x080004df   Thumb Code    18  exit.o(.text)
    BKP_DeInit                               0x080004f1   Thumb Code    16  stm32f10x_bkp.o(i.BKP_DeInit)
    BKP_ReadBackupRegister                   0x08000501   Thumb Code    24  stm32f10x_bkp.o(i.BKP_ReadBackupRegister)
    BKP_WriteBackupRegister                  0x0800051d   Thumb Code    22  stm32f10x_bkp.o(i.BKP_WriteBackupRegister)
    BMP_HomeToAlarm                          0x08000539   Thumb Code    76  main.o(i.BMP_HomeToAlarm)
    BusFault_Handler                         0x08000589   Thumb Code     4  stm32f10x_it.o(i.BusFault_Handler)
    DebugMon_Handler                         0x0800058d   Thumb Code     2  stm32f10x_it.o(i.DebugMon_Handler)
    Delay                                    0x0800058f   Thumb Code    12  oled.o(i.Delay)
    GPIO_Init                                0x080005df   Thumb Code   278  stm32f10x_gpio.o(i.GPIO_Init)
    GPIO_PinRemapConfig                      0x080006f5   Thumb Code   138  stm32f10x_gpio.o(i.GPIO_PinRemapConfig)
    GPIO_ReadInputDataBit                    0x08000785   Thumb Code    18  stm32f10x_gpio.o(i.GPIO_ReadInputDataBit)
    GPIO_ResetBits                           0x08000797   Thumb Code     4  stm32f10x_gpio.o(i.GPIO_ResetBits)
    GPIO_SetBits                             0x0800079b   Thumb Code     4  stm32f10x_gpio.o(i.GPIO_SetBits)
    HardFault_Handler                        0x0800079f   Thumb Code     4  stm32f10x_it.o(i.HardFault_Handler)
    Is_Leap_Year                             0x080007a3   Thumb Code    58  rtc.o(i.Is_Leap_Year)
    KEY_Init                                 0x080007dd   Thumb Code    52  key.o(i.KEY_Init)
    KEY_Scan                                 0x08000819   Thumb Code   148  key.o(i.KEY_Scan)
    LED_Init                                 0x080008b9   Thumb Code    68  led.o(i.LED_Init)
    MemManage_Handler                        0x08000905   Thumb Code     4  stm32f10x_it.o(i.MemManage_Handler)
    NMI_Handler                              0x08000909   Thumb Code     2  stm32f10x_it.o(i.NMI_Handler)
    NVIC_Init                                0x0800090d   Thumb Code   100  misc.o(i.NVIC_Init)
    NVIC_PriorityGroupConfig                 0x0800097d   Thumb Code    10  misc.o(i.NVIC_PriorityGroupConfig)
    OLED_Clear                               0x08000991   Thumb Code    62  oled.o(i.OLED_Clear)
    OLED_DrawAngleLine                       0x080009d1   Thumb Code   152  oled.o(i.OLED_DrawAngleLine)
    OLED_DrawBMP                             0x08000a71   Thumb Code   118  oled.o(i.OLED_DrawBMP)
    OLED_DrawEllipse                         0x08000ae9   Thumb Code   482  oled.o(i.OLED_DrawEllipse)
    OLED_DrawFillCircle                      0x08000cd1   Thumb Code   214  oled.o(i.OLED_DrawFillCircle)
    OLED_DrawLine                            0x08000da7   Thumb Code   170  oled.o(i.OLED_DrawLine)
    OLED_DrawPoint                           0x08000e51   Thumb Code   114  oled.o(i.OLED_DrawPoint)
    OLED_Fill                                0x08000ec9   Thumb Code    54  oled.o(i.OLED_Fill)
    OLED_IIC_Start                           0x08000f01   Thumb Code    44  oled.o(i.OLED_IIC_Start)
    OLED_IIC_Stop                            0x08000f31   Thumb Code    34  oled.o(i.OLED_IIC_Stop)
    OLED_IIC_Wait_Ack                        0x08000f59   Thumb Code    24  oled.o(i.OLED_IIC_Wait_Ack)
    OLED_Init                                0x08000f75   Thumb Code   280  oled.o(i.OLED_Init)
    OLED_Refresh                             0x08001099   Thumb Code    68  oled.o(i.OLED_Refresh)
    OLED_Set_Pos                             0x080010e1   Thumb Code    40  oled.o(i.OLED_Set_Pos)
    OLED_ShowPicture                         0x08001109   Thumb Code   214  oled.o(i.OLED_ShowPicture)
    OLED_WR_Byte                             0x080011df   Thumb Code    24  oled.o(i.OLED_WR_Byte)
    OLED_Write_IIC_Byte                      0x080011f9   Thumb Code    88  oled.o(i.OLED_Write_IIC_Byte)
    OLED_Write_IIC_Command                   0x08001255   Thumb Code    44  oled.o(i.OLED_Write_IIC_Command)
    OLED_Write_IIC_Data                      0x08001281   Thumb Code    44  oled.o(i.OLED_Write_IIC_Data)
    PWR_BackupAccessCmd                      0x080012ad   Thumb Code     6  stm32f10x_pwr.o(i.PWR_BackupAccessCmd)
    PendSV_Handler                           0x080012b9   Thumb Code     2  stm32f10x_it.o(i.PendSV_Handler)
    RCC_APB1PeriphClockCmd                   0x080012bd   Thumb Code    26  stm32f10x_rcc.o(i.RCC_APB1PeriphClockCmd)
    RCC_APB2PeriphClockCmd                   0x080012dd   Thumb Code    26  stm32f10x_rcc.o(i.RCC_APB2PeriphClockCmd)
    RCC_BackupResetCmd                       0x080012fd   Thumb Code     6  stm32f10x_rcc.o(i.RCC_BackupResetCmd)
    RCC_GetClocksFreq                        0x08001309   Thumb Code   192  stm32f10x_rcc.o(i.RCC_GetClocksFreq)
    RCC_GetFlagStatus                        0x080013dd   Thumb Code    56  stm32f10x_rcc.o(i.RCC_GetFlagStatus)
    RCC_LSEConfig                            0x08001419   Thumb Code    46  stm32f10x_rcc.o(i.RCC_LSEConfig)
    RCC_RTCCLKCmd                            0x0800144d   Thumb Code     6  stm32f10x_rcc.o(i.RCC_RTCCLKCmd)
    RCC_RTCCLKConfig                         0x08001459   Thumb Code    12  stm32f10x_rcc.o(i.RCC_RTCCLKConfig)
    RTC_ClearITPendingBit                    0x08001469   Thumb Code    12  stm32f10x_rtc.o(i.RTC_ClearITPendingBit)
    RTC_EnterConfigMode                      0x08001479   Thumb Code    14  stm32f10x_rtc.o(i.RTC_EnterConfigMode)
    RTC_ExitConfigMode                       0x0800148d   Thumb Code    16  stm32f10x_rtc.o(i.RTC_ExitConfigMode)
    RTC_Get                                  0x080014a1   Thumb Code   240  rtc.o(i.RTC_Get)
    RTC_GetCounter                           0x080015a1   Thumb Code    16  stm32f10x_rtc.o(i.RTC_GetCounter)
    RTC_GetITStatus                          0x080015b5   Thumb Code    32  stm32f10x_rtc.o(i.RTC_GetITStatus)
    RTC_Get_Week                             0x080015d9   Thumb Code   116  rtc.o(i.RTC_Get_Week)
    RTC_IRQHandler                           0x08001651   Thumb Code    76  rtc.o(i.RTC_IRQHandler)
    RTC_ITConfig                             0x080016c1   Thumb Code    26  stm32f10x_rtc.o(i.RTC_ITConfig)
    RTC_Init                                 0x080016e1   Thumb Code   192  rtc.o(i.RTC_Init)
    RTC_Set                                  0x080017c1   Thumb Code   184  rtc.o(i.RTC_Set)
    RTC_SetCounter                           0x08001889   Thumb Code    24  stm32f10x_rtc.o(i.RTC_SetCounter)
    RTC_SetPrescaler                         0x080018a5   Thumb Code    26  stm32f10x_rtc.o(i.RTC_SetPrescaler)
    RTC_WaitForLastTask                      0x080018c5   Thumb Code    16  stm32f10x_rtc.o(i.RTC_WaitForLastTask)
    RTC_WaitForSynchro                       0x080018d9   Thumb Code    30  stm32f10x_rtc.o(i.RTC_WaitForSynchro)
    SVC_Handler                              0x080018fd   Thumb Code     2  stm32f10x_it.o(i.SVC_Handler)
    SysTick_CLKSourceConfig                  0x080019e9   Thumb Code    40  misc.o(i.SysTick_CLKSourceConfig)
    SysTick_Handler                          0x08001a11   Thumb Code     2  stm32f10x_it.o(i.SysTick_Handler)
    SystemInit                               0x08001a15   Thumb Code    78  system_stm32f10x.o(i.SystemInit)
    TIM2_IRQHandler                          0x08001a75   Thumb Code   102  timer2_int.o(i.TIM2_IRQHandler)
    TIM2_Int_Init                            0x08001af5   Thumb Code    92  timer2_int.o(i.TIM2_Int_Init)
    TIM3_IRQHandler                          0x08001b51   Thumb Code    56  timer3_int.o(i.TIM3_IRQHandler)
    TIM3_Int_Init                            0x08001ba1   Thumb Code    90  timer3_int.o(i.TIM3_Int_Init)
    TIM_ClearITPendingBit                    0x08001c01   Thumb Code     6  stm32f10x_tim.o(i.TIM_ClearITPendingBit)
    TIM_Cmd                                  0x08001c07   Thumb Code    24  stm32f10x_tim.o(i.TIM_Cmd)
    TIM_GetITStatus                          0x08001c1f   Thumb Code    34  stm32f10x_tim.o(i.TIM_GetITStatus)
    TIM_ITConfig                             0x08001c41   Thumb Code    18  stm32f10x_tim.o(i.TIM_ITConfig)
    TIM_TimeBaseInit                         0x08001c55   Thumb Code   122  stm32f10x_tim.o(i.TIM_TimeBaseInit)
    Time_Dish_Display                        0x08001cf9   Thumb Code   368  main.o(i.Time_Dish_Display)
    Time_Num_Display                         0x08001e6d   Thumb Code   164  main.o(i.Time_Num_Display)
    Time_Num_Dot_Display                     0x08001f19   Thumb Code    58  main.o(i.Time_Num_Dot_Display)
    Time_Num_Updata                          0x08001f59   Thumb Code   932  main.o(i.Time_Num_Updata)
    USART1_IRQHandler                        0x08002315   Thumb Code   122  usart.o(i.USART1_IRQHandler)
    USART_Cmd                                0x0800239d   Thumb Code    24  stm32f10x_usart.o(i.USART_Cmd)
    USART_GetITStatus                        0x080023b5   Thumb Code    84  stm32f10x_usart.o(i.USART_GetITStatus)
    USART_ITConfig                           0x08002409   Thumb Code    74  stm32f10x_usart.o(i.USART_ITConfig)
    USART_Init                               0x08002455   Thumb Code   210  stm32f10x_usart.o(i.USART_Init)
    USART_ReceiveData                        0x0800252d   Thumb Code    10  stm32f10x_usart.o(i.USART_ReceiveData)
    UsageFault_Handler                       0x08002537   Thumb Code     4  stm32f10x_it.o(i.UsageFault_Handler)
    __ARM_fpclassify                         0x0800253b   Thumb Code    40  fpclassify.o(i.__ARM_fpclassify)
    __ieee754_rem_pio2                       0x08002565   Thumb Code   828  rred.o(i.__ieee754_rem_pio2)
    __kernel_cos                             0x080028ed   Thumb Code   230  cos_i.o(i.__kernel_cos)
    __kernel_poly                            0x080029e9   Thumb Code   170  poly.o(i.__kernel_poly)
    __kernel_sin                             0x08002a95   Thumb Code   224  sin_i.o(i.__kernel_sin)
    __mathlib_dbl_infnan                     0x08002b81   Thumb Code     6  dunder.o(i.__mathlib_dbl_infnan)
    __mathlib_dbl_invalid                    0x08002b87   Thumb Code    12  dunder.o(i.__mathlib_dbl_invalid)
    __mathlib_dbl_underflow                  0x08002b95   Thumb Code    10  dunder.o(i.__mathlib_dbl_underflow)
    _sys_exit                                0x08002ba5   Thumb Code     4  usart.o(i._sys_exit)
    cos                                      0x08002ba9   Thumb Code   148  cos.o(i.cos)
    delay_init                               0x08002c45   Thumb Code    50  delay.o(i.delay_init)
    delay_ms                                 0x08002c89   Thumb Code    72  delay.o(i.delay_ms)
    fputc                                    0x08002cd5   Thumb Code    24  usart.o(i.fputc)
    main                                     0x08002cf1   Thumb Code   282  main.o(i.main)
    sin                                      0x08002e31   Thumb Code   150  sin.o(i.sin)
    uart_init                                0x08002ed1   Thumb Code   152  usart.o(i.uart_init)
    __aeabi_d2f                              0x08002f71   Thumb Code     0  d2f.o(x$fpl$d2f)
    _d2f                                     0x08002f71   Thumb Code    98  d2f.o(x$fpl$d2f)
    __aeabi_dadd                             0x08002fd5   Thumb Code     0  daddsub_clz.o(x$fpl$dadd)
    _dadd                                    0x08002fd5   Thumb Code   332  daddsub_clz.o(x$fpl$dadd)
    __fpl_dcheck_NaN1                        0x08003125   Thumb Code    10  dcheck1.o(x$fpl$dcheck1)
    __aeabi_ddiv                             0x08003135   Thumb Code     0  ddiv.o(x$fpl$ddiv)
    _ddiv                                    0x08003135   Thumb Code   552  ddiv.o(x$fpl$ddiv)
    __aeabi_d2iz                             0x080033e5   Thumb Code     0  dfix.o(x$fpl$dfix)
    _dfix                                    0x080033e5   Thumb Code    94  dfix.o(x$fpl$dfix)
    __aeabi_i2d                              0x08003443   Thumb Code     0  dflt_clz.o(x$fpl$dflt)
    _dflt                                    0x08003443   Thumb Code    46  dflt_clz.o(x$fpl$dflt)
    __aeabi_ui2d                             0x08003471   Thumb Code     0  dflt_clz.o(x$fpl$dfltu)
    _dfltu                                   0x08003471   Thumb Code    38  dflt_clz.o(x$fpl$dfltu)
    __aeabi_dmul                             0x08003499   Thumb Code     0  dmul.o(x$fpl$dmul)
    _dmul                                    0x08003499   Thumb Code   332  dmul.o(x$fpl$dmul)
    __fpl_dnaninf                            0x080035ed   Thumb Code   156  dnaninf.o(x$fpl$dnaninf)
    __fpl_dretinf                            0x08003689   Thumb Code    12  dretinf.o(x$fpl$dretinf)
    __aeabi_drsub                            0x08003695   Thumb Code     0  daddsub_clz.o(x$fpl$drsb)
    _drsb                                    0x08003695   Thumb Code    22  daddsub_clz.o(x$fpl$drsb)
    __aeabi_dsub                             0x080036ad   Thumb Code     0  daddsub_clz.o(x$fpl$dsub)
    _dsub                                    0x080036ad   Thumb Code   464  daddsub_clz.o(x$fpl$dsub)
    __aeabi_fadd                             0x08003881   Thumb Code     0  faddsub_clz.o(x$fpl$fadd)
    _fadd                                    0x08003881   Thumb Code   196  faddsub_clz.o(x$fpl$fadd)
    __fpl_fcmp_Inf                           0x08003945   Thumb Code    24  fcmpi.o(x$fpl$fcmpinf)
    __aeabi_i2f                              0x0800395d   Thumb Code     0  fflt_clz.o(x$fpl$fflt)
    _fflt                                    0x0800395d   Thumb Code    48  fflt_clz.o(x$fpl$fflt)
    __aeabi_ui2f                             0x0800398d   Thumb Code     0  fflt_clz.o(x$fpl$ffltu)
    _ffltu                                   0x0800398d   Thumb Code    38  fflt_clz.o(x$fpl$ffltu)
    __aeabi_cfcmple                          0x080039b5   Thumb Code     0  fleqf.o(x$fpl$fleqf)
    _fcmple                                  0x080039b5   Thumb Code   104  fleqf.o(x$fpl$fleqf)
    __fpl_fcmple_InfNaN                      0x08003a07   Thumb Code     0  fleqf.o(x$fpl$fleqf)
    __aeabi_fmul                             0x08003a1d   Thumb Code     0  fmul.o(x$fpl$fmul)
    _fmul                                    0x08003a1d   Thumb Code   258  fmul.o(x$fpl$fmul)
    __fpl_fnaninf                            0x08003b1f   Thumb Code   140  fnaninf.o(x$fpl$fnaninf)
    __fpl_fretinf                            0x08003bab   Thumb Code    10  fretinf.o(x$fpl$fretinf)
    __aeabi_fsub                             0x08003bb5   Thumb Code     0  faddsub_clz.o(x$fpl$fsub)
    _fsub                                    0x08003bb5   Thumb Code   234  faddsub_clz.o(x$fpl$fsub)
    __fpl_return_NaN                         0x08003c9f   Thumb Code   100  retnan.o(x$fpl$retnan)
    __ARM_scalbn                             0x08003d03   Thumb Code    92  scalbn.o(x$fpl$scalbn)
    __fpl_cmpreturn                          0x08003d5f   Thumb Code    48  trapv.o(x$fpl$trapveneer)
    __I$use$fp                               0x08003d8e   Number         0  usenofp.o(x$fpl$usenofp)
    table_week                               0x08003d8e   Data          12  rtc.o(.constdata)
    mon_table                                0x08003d9a   Data          12  rtc.o(.constdata)
    Region$$Table$$Base                      0x08003ec8   Number         0  anon$$obj.o(Region$$Table)
    Region$$Table$$Limit                     0x08003ee8   Number         0  anon$$obj.o(Region$$Table)
    gImage_set                               0x20000000   Data        1024  main.o(.data)
    gImage_alarm                             0x20000400   Data        1024  main.o(.data)
    gImage_map                               0x20000800   Data        1024  main.o(.data)
    gImage_home                              0x20000c00   Data        1024  main.o(.data)
    gImage_0                                 0x20001000   Data        1600  main.o(.data)
    Time_Mode                                0x20001640   Data           1  main.o(.data)
    Flag_Time_Num_Dot                        0x20001641   Data           1  main.o(.data)
    Flag_Time_IT_1S                          0x20001642   Data           1  main.o(.data)
    key                                      0x20001643   Data           1  main.o(.data)
    Time_Now_Min_G                           0x20001644   Data           1  main.o(.data)
    Time_Now_Min_S                           0x20001645   Data           1  main.o(.data)
    Time_Now_Hor_G                           0x20001646   Data           1  main.o(.data)
    Time_Now_Hor_S                           0x20001647   Data           1  main.o(.data)
    Time_Now_Sec                             0x20001648   Data           1  main.o(.data)
    Time_Now_Min                             0x20001649   Data           1  main.o(.data)
    Time_Now_Hor                             0x2000164a   Data           1  main.o(.data)
    SystemCoreClock                          0x2000164c   Data           4  system_stm32f10x.o(.data)
    AHBPrescTable                            0x20001650   Data          16  system_stm32f10x.o(.data)
    __stdout                                 0x20001664   Data           4  usart.o(.data)
    USART_RX_STA                             0x20001668   Data           2  usart.o(.data)
    Flag_1s                                  0x20001682   Data           1  timer2_int.o(.data)
    USART_RX_BUF                             0x20001684   Data         200  usart.o(.bss)
    OLED_GRAM                                0x2000174c   Data        1024  oled.o(.bss)
    calendar                                 0x20001b4c   Data          10  rtc.o(.bss)
    __libspace_start                         0x20001b58   Data          96  libspace.o(.bss)
    __temporary_stack_top$libspace           0x20001bb8   Data           0  libspace.o(.bss)



==============================================================================

Memory Map of the image

  Image Entry point : 0x0800021d

  Load Region LR_1 (Base: 0x08000000, Size: 0x0000556c, Max: 0xffffffff, ABSOLUTE, COMPRESSED[0x00004454])

    Execution Region ER_RO (Exec base: 0x08000000, Load base: 0x08000000, Size: 0x00003ee8, Max: 0xffffffff, ABSOLUTE)

    Exec Addr    Load Addr    Size         Type   Attr      Idx    E Section Name        Object

    0x08000000   0x08000000   0x00000130   Data   RO          412    RESET               startup_stm32f10x_hd.o
    0x08000130   0x08000130   0x00000008   Code   RO         3939  * !!!main             c_w.l(__main.o)
    0x08000138   0x08000138   0x00000034   Code   RO         4231    !!!scatter          c_w.l(__scatter.o)
    0x0800016c   0x0800016c   0x00000064   Code   RO         4229    !!dclz77c           c_w.l(__dclz77c.o)
    0x080001d0   0x080001d0   0x0000001c   Code   RO         4233    !!handler_zi        c_w.l(__scatter_zi.o)
    0x080001ec   0x080001ec   0x00000000   Code   RO         3936    .ARM.Collect$$_printf_percent$$00000000  c_w.l(_printf_percent.o)
    0x080001ec   0x080001ec   0x00000006   Code   RO         3935    .ARM.Collect$$_printf_percent$$00000009  c_w.l(_printf_d.o)
    0x080001f2   0x080001f2   0x00000004   Code   RO         4012    .ARM.Collect$$_printf_percent$$00000017  c_w.l(_printf_percent_end.o)
    0x080001f6   0x080001f6   0x00000002   Code   RO         4100    .ARM.Collect$$libinit$$00000000  c_w.l(libinit.o)
    0x080001f8   0x080001f8   0x00000000   Code   RO         4106    .ARM.Collect$$libinit$$00000002  c_w.l(libinit2.o)
    0x080001f8   0x080001f8   0x00000000   Code   RO         4108    .ARM.Collect$$libinit$$00000004  c_w.l(libinit2.o)
    0x080001f8   0x080001f8   0x00000000   Code   RO         4111    .ARM.Collect$$libinit$$0000000A  c_w.l(libinit2.o)
    0x080001f8   0x080001f8   0x00000000   Code   RO         4113    .ARM.Collect$$libinit$$0000000C  c_w.l(libinit2.o)
    0x080001f8   0x080001f8   0x00000000   Code   RO         4115    .ARM.Collect$$libinit$$0000000E  c_w.l(libinit2.o)
    0x080001f8   0x080001f8   0x00000000   Code   RO         4118    .ARM.Collect$$libinit$$00000011  c_w.l(libinit2.o)
    0x080001f8   0x080001f8   0x00000000   Code   RO         4120    .ARM.Collect$$libinit$$00000013  c_w.l(libinit2.o)
    0x080001f8   0x080001f8   0x00000000   Code   RO         4122    .ARM.Collect$$libinit$$00000015  c_w.l(libinit2.o)
    0x080001f8   0x080001f8   0x00000000   Code   RO         4124    .ARM.Collect$$libinit$$00000017  c_w.l(libinit2.o)
    0x080001f8   0x080001f8   0x00000000   Code   RO         4126    .ARM.Collect$$libinit$$00000019  c_w.l(libinit2.o)
    0x080001f8   0x080001f8   0x00000000   Code   RO         4128    .ARM.Collect$$libinit$$0000001B  c_w.l(libinit2.o)
    0x080001f8   0x080001f8   0x00000000   Code   RO         4130    .ARM.Collect$$libinit$$0000001D  c_w.l(libinit2.o)
    0x080001f8   0x080001f8   0x00000000   Code   RO         4132    .ARM.Collect$$libinit$$0000001F  c_w.l(libinit2.o)
    0x080001f8   0x080001f8   0x00000000   Code   RO         4134    .ARM.Collect$$libinit$$00000021  c_w.l(libinit2.o)
    0x080001f8   0x080001f8   0x00000000   Code   RO         4136    .ARM.Collect$$libinit$$00000023  c_w.l(libinit2.o)
    0x080001f8   0x080001f8   0x00000000   Code   RO         4138    .ARM.Collect$$libinit$$00000025  c_w.l(libinit2.o)
    0x080001f8   0x080001f8   0x00000000   Code   RO         4142    .ARM.Collect$$libinit$$0000002C  c_w.l(libinit2.o)
    0x080001f8   0x080001f8   0x00000000   Code   RO         4144    .ARM.Collect$$libinit$$0000002E  c_w.l(libinit2.o)
    0x080001f8   0x080001f8   0x00000000   Code   RO         4146    .ARM.Collect$$libinit$$00000030  c_w.l(libinit2.o)
    0x080001f8   0x080001f8   0x00000000   Code   RO         4148    .ARM.Collect$$libinit$$00000032  c_w.l(libinit2.o)
    0x080001f8   0x080001f8   0x00000002   Code   RO         4149    .ARM.Collect$$libinit$$00000033  c_w.l(libinit2.o)
    0x080001fa   0x080001fa   0x00000002   Code   RO         4171    .ARM.Collect$$libshutdown$$00000000  c_w.l(libshutdown.o)
    0x080001fc   0x080001fc   0x00000000   Code   RO         4181    .ARM.Collect$$libshutdown$$00000002  c_w.l(libshutdown2.o)
    0x080001fc   0x080001fc   0x00000000   Code   RO         4183    .ARM.Collect$$libshutdown$$00000004  c_w.l(libshutdown2.o)
    0x080001fc   0x080001fc   0x00000000   Code   RO         4186    .ARM.Collect$$libshutdown$$00000007  c_w.l(libshutdown2.o)
    0x080001fc   0x080001fc   0x00000000   Code   RO         4189    .ARM.Collect$$libshutdown$$0000000A  c_w.l(libshutdown2.o)
    0x080001fc   0x080001fc   0x00000000   Code   RO         4191    .ARM.Collect$$libshutdown$$0000000C  c_w.l(libshutdown2.o)
    0x080001fc   0x080001fc   0x00000000   Code   RO         4194    .ARM.Collect$$libshutdown$$0000000F  c_w.l(libshutdown2.o)
    0x080001fc   0x080001fc   0x00000002   Code   RO         4195    .ARM.Collect$$libshutdown$$00000010  c_w.l(libshutdown2.o)
    0x080001fe   0x080001fe   0x00000000   Code   RO         4005    .ARM.Collect$$rtentry$$00000000  c_w.l(__rtentry.o)
    0x080001fe   0x080001fe   0x00000000   Code   RO         4055    .ARM.Collect$$rtentry$$00000002  c_w.l(__rtentry2.o)
    0x080001fe   0x080001fe   0x00000006   Code   RO         4067    .ARM.Collect$$rtentry$$00000004  c_w.l(__rtentry4.o)
    0x08000204   0x08000204   0x00000000   Code   RO         4057    .ARM.Collect$$rtentry$$00000009  c_w.l(__rtentry2.o)
    0x08000204   0x08000204   0x00000004   Code   RO         4058    .ARM.Collect$$rtentry$$0000000A  c_w.l(__rtentry2.o)
    0x08000208   0x08000208   0x00000000   Code   RO         4060    .ARM.Collect$$rtentry$$0000000C  c_w.l(__rtentry2.o)
    0x08000208   0x08000208   0x00000008   Code   RO         4061    .ARM.Collect$$rtentry$$0000000D  c_w.l(__rtentry2.o)
    0x08000210   0x08000210   0x00000002   Code   RO         4103    .ARM.Collect$$rtexit$$00000000  c_w.l(rtexit.o)
    0x08000212   0x08000212   0x00000000   Code   RO         4153    .ARM.Collect$$rtexit$$00000002  c_w.l(rtexit2.o)
    0x08000212   0x08000212   0x00000004   Code   RO         4154    .ARM.Collect$$rtexit$$00000003  c_w.l(rtexit2.o)
    0x08000216   0x08000216   0x00000006   Code   RO         4155    .ARM.Collect$$rtexit$$00000004  c_w.l(rtexit2.o)
    0x0800021c   0x0800021c   0x00000040   Code   RO          413  * .text               startup_stm32f10x_hd.o
    0x0800025c   0x0800025c   0x00000002   Code   RO         3905    .text               c_w.l(use_no_semi_2.o)
    0x0800025e   0x0800025e   0x00000002   PAD
    0x08000260   0x08000260   0x00000018   Code   RO         3909    .text               c_w.l(noretval__2printf.o)
    0x08000278   0x08000278   0x00000068   Code   RO         3911    .text               c_w.l(__printf.o)
    0x080002e0   0x080002e0   0x00000078   Code   RO         3913    .text               c_w.l(_printf_dec.o)
    0x08000358   0x08000358   0x00000006   Code   RO         3937    .text               c_w.l(heapauxi.o)
    0x0800035e   0x0800035e   0x00000002   Code   RO         4003    .text               c_w.l(use_no_semi.o)
    0x08000360   0x08000360   0x00000016   Code   RO         4006    .text               c_w.l(_rserrno.o)
    0x08000376   0x08000376   0x000000b2   Code   RO         4008    .text               c_w.l(_printf_intcommon.o)
    0x08000428   0x08000428   0x00000024   Code   RO         4010    .text               c_w.l(_printf_char_file.o)
    0x0800044c   0x0800044c   0x00000008   Code   RO         4072    .text               c_w.l(rt_errno_addr_intlibspace.o)
    0x08000454   0x08000454   0x00000030   Code   RO         4074    .text               c_w.l(_printf_char_common.o)
    0x08000484   0x08000484   0x00000008   Code   RO         4076    .text               c_w.l(ferror.o)
    0x0800048c   0x0800048c   0x00000008   Code   RO         4086    .text               c_w.l(libspace.o)
    0x08000494   0x08000494   0x0000004a   Code   RO         4089    .text               c_w.l(sys_stackheap_outer.o)
    0x080004de   0x080004de   0x00000012   Code   RO         4093    .text               c_w.l(exit.o)
    0x080004f0   0x080004f0   0x00000010   Code   RO          677    i.BKP_DeInit        stm32f10x_bkp.o
    0x08000500   0x08000500   0x0000001c   Code   RO          682    i.BKP_ReadBackupRegister  stm32f10x_bkp.o
    0x0800051c   0x0800051c   0x0000001c   Code   RO          686    i.BKP_WriteBackupRegister  stm32f10x_bkp.o
    0x08000538   0x08000538   0x00000050   Code   RO            1    i.BMP_HomeToAlarm   main.o
    0x08000588   0x08000588   0x00000004   Code   RO          181    i.BusFault_Handler  stm32f10x_it.o
    0x0800058c   0x0800058c   0x00000002   Code   RO          182    i.DebugMon_Handler  stm32f10x_it.o
    0x0800058e   0x0800058e   0x0000000c   Code   RO         3428    i.Delay             oled.o
    0x0800059a   0x0800059a   0x00000044   Code   RO         3432    i.Ellipse4Point     oled.o
    0x080005de   0x080005de   0x00000116   Code   RO         1568    i.GPIO_Init         stm32f10x_gpio.o
    0x080006f4   0x080006f4   0x00000090   Code   RO         1570    i.GPIO_PinRemapConfig  stm32f10x_gpio.o
    0x08000784   0x08000784   0x00000012   Code   RO         1572    i.GPIO_ReadInputDataBit  stm32f10x_gpio.o
    0x08000796   0x08000796   0x00000004   Code   RO         1575    i.GPIO_ResetBits    stm32f10x_gpio.o
    0x0800079a   0x0800079a   0x00000004   Code   RO         1576    i.GPIO_SetBits      stm32f10x_gpio.o
    0x0800079e   0x0800079e   0x00000004   Code   RO          183    i.HardFault_Handler  stm32f10x_it.o
    0x080007a2   0x080007a2   0x0000003a   Code   RO         3793    i.Is_Leap_Year      rtc.o
    0x080007dc   0x080007dc   0x0000003c   Code   RO         3396    i.KEY_Init          key.o
    0x08000818   0x08000818   0x000000a0   Code   RO         3397    i.KEY_Scan          key.o
    0x080008b8   0x080008b8   0x0000004c   Code   RO         3415    i.LED_Init          led.o
    0x08000904   0x08000904   0x00000004   Code   RO          184    i.MemManage_Handler  stm32f10x_it.o
    0x08000908   0x08000908   0x00000002   Code   RO          185    i.NMI_Handler       stm32f10x_it.o
    0x0800090a   0x0800090a   0x00000002   PAD
    0x0800090c   0x0800090c   0x00000070   Code   RO          417    i.NVIC_Init         misc.o
    0x0800097c   0x0800097c   0x00000014   Code   RO          418    i.NVIC_PriorityGroupConfig  misc.o
    0x08000990   0x08000990   0x0000003e   Code   RO         3433    i.OLED_Clear        oled.o
    0x080009ce   0x080009ce   0x00000002   PAD
    0x080009d0   0x080009d0   0x000000a0   Code   RO         3440    i.OLED_DrawAngleLine  oled.o
    0x08000a70   0x08000a70   0x00000076   Code   RO         3442    i.OLED_DrawBMP      oled.o
    0x08000ae6   0x08000ae6   0x00000002   PAD
    0x08000ae8   0x08000ae8   0x000001e8   Code   RO         3446    i.OLED_DrawEllipse  oled.o
    0x08000cd0   0x08000cd0   0x000000d6   Code   RO         3447    i.OLED_DrawFillCircle  oled.o
    0x08000da6   0x08000da6   0x000000aa   Code   RO         3449    i.OLED_DrawLine     oled.o
    0x08000e50   0x08000e50   0x00000078   Code   RO         3451    i.OLED_DrawPoint    oled.o
    0x08000ec8   0x08000ec8   0x00000036   Code   RO         3455    i.OLED_Fill         oled.o
    0x08000efe   0x08000efe   0x00000002   PAD
    0x08000f00   0x08000f00   0x00000030   Code   RO         3458    i.OLED_IIC_Start    oled.o
    0x08000f30   0x08000f30   0x00000028   Code   RO         3459    i.OLED_IIC_Stop     oled.o
    0x08000f58   0x08000f58   0x0000001c   Code   RO         3460    i.OLED_IIC_Wait_Ack  oled.o
    0x08000f74   0x08000f74   0x00000124   Code   RO         3461    i.OLED_Init         oled.o
    0x08001098   0x08001098   0x00000048   Code   RO         3469    i.OLED_Refresh      oled.o
    0x080010e0   0x080010e0   0x00000028   Code   RO         3470    i.OLED_Set_Pos      oled.o
    0x08001108   0x08001108   0x000000d6   Code   RO         3474    i.OLED_ShowPicture  oled.o
    0x080011de   0x080011de   0x00000018   Code   RO         3477    i.OLED_WR_Byte      oled.o
    0x080011f6   0x080011f6   0x00000002   PAD
    0x080011f8   0x080011f8   0x0000005c   Code   RO         3478    i.OLED_Write_IIC_Byte  oled.o
    0x08001254   0x08001254   0x0000002c   Code   RO         3479    i.OLED_Write_IIC_Command  oled.o
    0x08001280   0x08001280   0x0000002c   Code   RO         3480    i.OLED_Write_IIC_Data  oled.o
    0x080012ac   0x080012ac   0x0000000c   Code   RO         1922    i.PWR_BackupAccessCmd  stm32f10x_pwr.o
    0x080012b8   0x080012b8   0x00000002   Code   RO          186    i.PendSV_Handler    stm32f10x_it.o
    0x080012ba   0x080012ba   0x00000002   PAD
    0x080012bc   0x080012bc   0x00000020   Code   RO         1984    i.RCC_APB1PeriphClockCmd  stm32f10x_rcc.o
    0x080012dc   0x080012dc   0x00000020   Code   RO         1986    i.RCC_APB2PeriphClockCmd  stm32f10x_rcc.o
    0x080012fc   0x080012fc   0x0000000c   Code   RO         1989    i.RCC_BackupResetCmd  stm32f10x_rcc.o
    0x08001308   0x08001308   0x000000d4   Code   RO         1994    i.RCC_GetClocksFreq  stm32f10x_rcc.o
    0x080013dc   0x080013dc   0x0000003c   Code   RO         1995    i.RCC_GetFlagStatus  stm32f10x_rcc.o
    0x08001418   0x08001418   0x00000034   Code   RO         2002    i.RCC_LSEConfig     stm32f10x_rcc.o
    0x0800144c   0x0800144c   0x0000000c   Code   RO         2009    i.RCC_RTCCLKCmd     stm32f10x_rcc.o
    0x08001458   0x08001458   0x00000010   Code   RO         2010    i.RCC_RTCCLKConfig  stm32f10x_rcc.o
    0x08001468   0x08001468   0x00000010   Code   RO         2183    i.RTC_ClearITPendingBit  stm32f10x_rtc.o
    0x08001478   0x08001478   0x00000014   Code   RO         2184    i.RTC_EnterConfigMode  stm32f10x_rtc.o
    0x0800148c   0x0800148c   0x00000014   Code   RO         2185    i.RTC_ExitConfigMode  stm32f10x_rtc.o
    0x080014a0   0x080014a0   0x00000100   Code   RO         3795    i.RTC_Get           rtc.o
    0x080015a0   0x080015a0   0x00000014   Code   RO         2186    i.RTC_GetCounter    stm32f10x_rtc.o
    0x080015b4   0x080015b4   0x00000024   Code   RO         2189    i.RTC_GetITStatus   stm32f10x_rtc.o
    0x080015d8   0x080015d8   0x00000078   Code   RO         3796    i.RTC_Get_Week      rtc.o
    0x08001650   0x08001650   0x00000070   Code   RO         3797    i.RTC_IRQHandler    rtc.o
    0x080016c0   0x080016c0   0x00000020   Code   RO         2190    i.RTC_ITConfig      stm32f10x_rtc.o
    0x080016e0   0x080016e0   0x000000c0   Code   RO         3798    i.RTC_Init          rtc.o
    0x080017a0   0x080017a0   0x00000020   Code   RO         3799    i.RTC_NVIC_Config   rtc.o
    0x080017c0   0x080017c0   0x000000c8   Code   RO         3800    i.RTC_Set           rtc.o
    0x08001888   0x08001888   0x0000001c   Code   RO         2192    i.RTC_SetCounter    stm32f10x_rtc.o
    0x080018a4   0x080018a4   0x00000020   Code   RO         2193    i.RTC_SetPrescaler  stm32f10x_rtc.o
    0x080018c4   0x080018c4   0x00000014   Code   RO         2194    i.RTC_WaitForLastTask  stm32f10x_rtc.o
    0x080018d8   0x080018d8   0x00000024   Code   RO         2195    i.RTC_WaitForSynchro  stm32f10x_rtc.o
    0x080018fc   0x080018fc   0x00000002   Code   RO          187    i.SVC_Handler       stm32f10x_it.o
    0x080018fe   0x080018fe   0x00000008   Code   RO          244    i.SetSysClock       system_stm32f10x.o
    0x08001906   0x08001906   0x00000002   PAD
    0x08001908   0x08001908   0x000000e0   Code   RO          245    i.SetSysClockTo72   system_stm32f10x.o
    0x080019e8   0x080019e8   0x00000028   Code   RO          421    i.SysTick_CLKSourceConfig  misc.o
    0x08001a10   0x08001a10   0x00000002   Code   RO          188    i.SysTick_Handler   stm32f10x_it.o
    0x08001a12   0x08001a12   0x00000002   PAD
    0x08001a14   0x08001a14   0x00000060   Code   RO          247    i.SystemInit        system_stm32f10x.o
    0x08001a74   0x08001a74   0x00000080   Code   RO         3858    i.TIM2_IRQHandler   timer2_int.o
    0x08001af4   0x08001af4   0x0000005c   Code   RO         3859    i.TIM2_Int_Init     timer2_int.o
    0x08001b50   0x08001b50   0x00000050   Code   RO         3880    i.TIM3_IRQHandler   timer3_int.o
    0x08001ba0   0x08001ba0   0x00000060   Code   RO         3881    i.TIM3_Int_Init     timer3_int.o
    0x08001c00   0x08001c00   0x00000006   Code   RO         2613    i.TIM_ClearITPendingBit  stm32f10x_tim.o
    0x08001c06   0x08001c06   0x00000018   Code   RO         2618    i.TIM_Cmd           stm32f10x_tim.o
    0x08001c1e   0x08001c1e   0x00000022   Code   RO         2639    i.TIM_GetITStatus   stm32f10x_tim.o
    0x08001c40   0x08001c40   0x00000012   Code   RO         2643    i.TIM_ITConfig      stm32f10x_tim.o
    0x08001c52   0x08001c52   0x00000002   PAD
    0x08001c54   0x08001c54   0x000000a4   Code   RO         2689    i.TIM_TimeBaseInit  stm32f10x_tim.o
    0x08001cf8   0x08001cf8   0x00000174   Code   RO            2    i.Time_Dish_Display  main.o
    0x08001e6c   0x08001e6c   0x000000ac   Code   RO            3    i.Time_Num_Display  main.o
    0x08001f18   0x08001f18   0x00000040   Code   RO            4    i.Time_Num_Dot_Display  main.o
    0x08001f58   0x08001f58   0x000003bc   Code   RO            5    i.Time_Num_Updata   main.o
    0x08002314   0x08002314   0x00000088   Code   RO          359    i.USART1_IRQHandler  usart.o
    0x0800239c   0x0800239c   0x00000018   Code   RO         3154    i.USART_Cmd         stm32f10x_usart.o
    0x080023b4   0x080023b4   0x00000054   Code   RO         3158    i.USART_GetITStatus  stm32f10x_usart.o
    0x08002408   0x08002408   0x0000004a   Code   RO         3160    i.USART_ITConfig    stm32f10x_usart.o
    0x08002452   0x08002452   0x00000002   PAD
    0x08002454   0x08002454   0x000000d8   Code   RO         3161    i.USART_Init        stm32f10x_usart.o
    0x0800252c   0x0800252c   0x0000000a   Code   RO         3168    i.USART_ReceiveData  stm32f10x_usart.o
    0x08002536   0x08002536   0x00000004   Code   RO          189    i.UsageFault_Handler  stm32f10x_it.o
    0x0800253a   0x0800253a   0x00000028   Code   RO         4082    i.__ARM_fpclassify  m_ws.l(fpclassify.o)
    0x08002562   0x08002562   0x00000002   PAD
    0x08002564   0x08002564   0x00000388   Code   RO         4043    i.__ieee754_rem_pio2  m_ws.l(rred.o)
    0x080028ec   0x080028ec   0x000000fc   Code   RO         4026    i.__kernel_cos      m_ws.l(cos_i.o)
    0x080029e8   0x080029e8   0x000000aa   Code   RO         4084    i.__kernel_poly     m_ws.l(poly.o)
    0x08002a92   0x08002a92   0x00000002   PAD
    0x08002a94   0x08002a94   0x000000ec   Code   RO         4048    i.__kernel_sin      m_ws.l(sin_i.o)
    0x08002b80   0x08002b80   0x00000006   Code   RO         4030    i.__mathlib_dbl_infnan  m_ws.l(dunder.o)
    0x08002b86   0x08002b86   0x0000000c   Code   RO         4032    i.__mathlib_dbl_invalid  m_ws.l(dunder.o)
    0x08002b92   0x08002b92   0x00000002   PAD
    0x08002b94   0x08002b94   0x00000010   Code   RO         4035    i.__mathlib_dbl_underflow  m_ws.l(dunder.o)
    0x08002ba4   0x08002ba4   0x00000004   Code   RO          360    i._sys_exit         usart.o
    0x08002ba8   0x08002ba8   0x0000009c   Code   RO         3988    i.cos               m_ws.l(cos.o)
    0x08002c44   0x08002c44   0x00000044   Code   RO          278    i.delay_init        delay.o
    0x08002c88   0x08002c88   0x0000004c   Code   RO          279    i.delay_ms          delay.o
    0x08002cd4   0x08002cd4   0x0000001c   Code   RO          361    i.fputc             usart.o
    0x08002cf0   0x08002cf0   0x00000140   Code   RO            6    i.main              main.o
    0x08002e30   0x08002e30   0x000000a0   Code   RO         3996    i.sin               m_ws.l(sin.o)
    0x08002ed0   0x08002ed0   0x000000a0   Code   RO          362    i.uart_init         usart.o
    0x08002f70   0x08002f70   0x00000062   Code   RO         3941    x$fpl$d2f           fz_ws.l(d2f.o)
    0x08002fd2   0x08002fd2   0x00000002   PAD
    0x08002fd4   0x08002fd4   0x00000150   Code   RO         3943    x$fpl$dadd          fz_ws.l(daddsub_clz.o)
    0x08003124   0x08003124   0x00000010   Code   RO         4101    x$fpl$dcheck1       fz_ws.l(dcheck1.o)
    0x08003134   0x08003134   0x000002b0   Code   RO         3950    x$fpl$ddiv          fz_ws.l(ddiv.o)
    0x080033e4   0x080033e4   0x0000005e   Code   RO         3953    x$fpl$dfix          fz_ws.l(dfix.o)
    0x08003442   0x08003442   0x0000002e   Code   RO         3962    x$fpl$dflt          fz_ws.l(dflt_clz.o)
    0x08003470   0x08003470   0x00000026   Code   RO         3961    x$fpl$dfltu         fz_ws.l(dflt_clz.o)
    0x08003496   0x08003496   0x00000002   PAD
    0x08003498   0x08003498   0x00000154   Code   RO         3969    x$fpl$dmul          fz_ws.l(dmul.o)
    0x080035ec   0x080035ec   0x0000009c   Code   RO         4015    x$fpl$dnaninf       fz_ws.l(dnaninf.o)
    0x08003688   0x08003688   0x0000000c   Code   RO         4017    x$fpl$dretinf       fz_ws.l(dretinf.o)
    0x08003694   0x08003694   0x00000016   Code   RO         3944    x$fpl$drsb          fz_ws.l(daddsub_clz.o)
    0x080036aa   0x080036aa   0x00000002   PAD
    0x080036ac   0x080036ac   0x000001d4   Code   RO         3945    x$fpl$dsub          fz_ws.l(daddsub_clz.o)
    0x08003880   0x08003880   0x000000c4   Code   RO         3971    x$fpl$fadd          fz_ws.l(faddsub_clz.o)
    0x08003944   0x08003944   0x00000018   Code   RO         4019    x$fpl$fcmpinf       fz_ws.l(fcmpi.o)
    0x0800395c   0x0800395c   0x00000030   Code   RO         3978    x$fpl$fflt          fz_ws.l(fflt_clz.o)
    0x0800398c   0x0800398c   0x00000026   Code   RO         3977    x$fpl$ffltu         fz_ws.l(fflt_clz.o)
    0x080039b2   0x080039b2   0x00000002   PAD
    0x080039b4   0x080039b4   0x00000068   Code   RO         3983    x$fpl$fleqf         fz_ws.l(fleqf.o)
    0x08003a1c   0x08003a1c   0x00000102   Code   RO         3985    x$fpl$fmul          fz_ws.l(fmul.o)
    0x08003b1e   0x08003b1e   0x0000008c   Code   RO         4021    x$fpl$fnaninf       fz_ws.l(fnaninf.o)
    0x08003baa   0x08003baa   0x0000000a   Code   RO         4023    x$fpl$fretinf       fz_ws.l(fretinf.o)
    0x08003bb4   0x08003bb4   0x000000ea   Code   RO         3973    x$fpl$fsub          fz_ws.l(faddsub_clz.o)
    0x08003c9e   0x08003c9e   0x00000064   Code   RO         4150    x$fpl$retnan        fz_ws.l(retnan.o)
    0x08003d02   0x08003d02   0x0000005c   Code   RO         4080    x$fpl$scalbn        fz_ws.l(scalbn.o)
    0x08003d5e   0x08003d5e   0x00000030   Code   RO         4163    x$fpl$trapveneer    fz_ws.l(trapv.o)
    0x08003d8e   0x08003d8e   0x00000000   Code   RO         4025    x$fpl$usenofp       fz_ws.l(usenofp.o)
    0x08003d8e   0x08003d8e   0x00000018   Data   RO         3802    .constdata          rtc.o
    0x08003da6   0x08003da6   0x00000002   PAD
    0x08003da8   0x08003da8   0x00000030   Data   RO         4027    .constdata          m_ws.l(cos_i.o)
    0x08003dd8   0x08003dd8   0x000000c8   Data   RO         4045    .constdata          m_ws.l(rred.o)
    0x08003ea0   0x08003ea0   0x00000028   Data   RO         4049    .constdata          m_ws.l(sin_i.o)
    0x08003ec8   0x08003ec8   0x00000020   Data   RO         4227    Region$$Table       anon$$obj.o


    Execution Region ER_RW (Exec base: 0x20000000, Load base: 0x08003ee8, Size: 0x00001684, Max: 0xffffffff, ABSOLUTE, COMPRESSED[0x0000056c])

    Exec Addr    Load Addr    Size         Type   Attr      Idx    E Section Name        Object

    0x20000000   COMPRESSED   0x0000164b   Data   RW            8    .data               main.o
    0x2000164b   COMPRESSED   0x00000001   PAD
    0x2000164c   COMPRESSED   0x00000014   Data   RW          248    .data               system_stm32f10x.o
    0x20001660   COMPRESSED   0x00000004   Data   RW          281    .data               delay.o
    0x20001664   COMPRESSED   0x00000006   Data   RW          364    .data               usart.o
    0x2000166a   COMPRESSED   0x00000014   Data   RW         2014    .data               stm32f10x_rcc.o
    0x2000167e   COMPRESSED   0x00000001   Data   RW         3398    .data               key.o
    0x2000167f   COMPRESSED   0x00000001   PAD
    0x20001680   COMPRESSED   0x00000002   Data   RW         3803    .data               rtc.o
    0x20001682   COMPRESSED   0x00000001   Data   RW         3860    .data               timer2_int.o


    Execution Region ER_ZI (Exec base: 0x20001684, Load base: 0x08004454, Size: 0x00000b34, Max: 0xffffffff, ABSOLUTE)

    Exec Addr    Load Addr    Size         Type   Attr      Idx    E Section Name        Object

    0x20001684        -       0x000000c8   Zero   RW          363    .bss                usart.o
    0x2000174c        -       0x00000400   Zero   RW         3486    .bss                oled.o
    0x20001b4c        -       0x0000000a   Zero   RW         3801    .bss                rtc.o
    0x20001b56   0x08004454   0x00000002   PAD
    0x20001b58        -       0x00000060   Zero   RW         4087    .bss                c_w.l(libspace.o)
    0x20001bb8        -       0x00000200   Zero   RW          411    HEAP                startup_stm32f10x_hd.o
    0x20001db8        -       0x00000400   Zero   RW          410    STACK               startup_stm32f10x_hd.o


==============================================================================

Image component sizes


      Code (inc. data)   RO Data    RW Data    ZI Data      Debug   Object Name

       144         22          0          4          0     205964   delay.o
       220         20          0          1          0       1142   key.o
        76          8          0          0          0        499   led.o
      1964         84          0       5707          0     256632   main.o
       172         22          0          0          0       2045   misc.o
      2404         54          0          0       1024      14952   oled.o
       970         72         24          2         10       5618   rtc.o
        64         26        304          0       1536        796   startup_stm32f10x_hd.o
        72         10          0          0          0       2672   stm32f10x_bkp.o
       448          6          0          0          0       4478   stm32f10x_gpio.o
        26          0          0          0          0       3678   stm32f10x_it.o
        12          6          0          0          0        506   stm32f10x_pwr.o
       428         58          0         20          0       7130   stm32f10x_rcc.o
       260         48          0          0          0       5128   stm32f10x_rtc.o
       246         42          0          0          0       3530   stm32f10x_tim.o
       408          6          0          0          0       4982   stm32f10x_usart.o
         0          0          0          0          0         32   sys.o
       328         28          0         20          0       2077   system_stm32f10x.o
       220         26          0          1          0       1444   timer2_int.o
       176         30          0          0          0       1178   timer3_int.o
       328         26          0          6        200       4096   usart.o

    ----------------------------------------------------------------------
      8986        594        362       5764       2772     528579   Object Totals
         0          0         32          0          0          0   (incl. Generated)
        20          0          2          3          2          0   (incl. Padding)

    ----------------------------------------------------------------------

      Code (inc. data)   RO Data    RW Data    ZI Data      Debug   Library Member Name

       100          0          0          0          0          0   __dclz77c.o
         8          0          0          0          0         68   __main.o
       104          0          0          0          0         84   __printf.o
         0          0          0          0          0          0   __rtentry.o
        12          0          0          0          0          0   __rtentry2.o
         6          0          0          0          0          0   __rtentry4.o
        52          8          0          0          0          0   __scatter.o
        28          0          0          0          0          0   __scatter_zi.o
        48          6          0          0          0         96   _printf_char_common.o
        36          4          0          0          0         80   _printf_char_file.o
         6          0          0          0          0          0   _printf_d.o
       120         16          0          0          0         92   _printf_dec.o
       178          0          0          0          0         88   _printf_intcommon.o
         0          0          0          0          0          0   _printf_percent.o
         4          0          0          0          0          0   _printf_percent_end.o
        22          0          0          0          0        100   _rserrno.o
        18          0          0          0          0         80   exit.o
         8          0          0          0          0         68   ferror.o
         6          0          0          0          0        152   heapauxi.o
         2          0          0          0          0          0   libinit.o
         2          0          0          0          0          0   libinit2.o
         2          0          0          0          0          0   libshutdown.o
         2          0          0          0          0          0   libshutdown2.o
         8          4          0          0         96         68   libspace.o
        24          4          0          0          0         84   noretval__2printf.o
         8          4          0          0          0         68   rt_errno_addr_intlibspace.o
         2          0          0          0          0          0   rtexit.o
        10          0          0          0          0          0   rtexit2.o
        74          0          0          0          0         80   sys_stackheap_outer.o
         2          0          0          0          0         68   use_no_semi.o
         2          0          0          0          0         68   use_no_semi_2.o
        98          4          0          0          0         92   d2f.o
       826         16          0          0          0        348   daddsub_clz.o
        16          4          0          0          0         68   dcheck1.o
       688        140          0          0          0        208   ddiv.o
        94          4          0          0          0         92   dfix.o
        84          0          0          0          0        136   dflt_clz.o
       340         12          0          0          0        104   dmul.o
       156          4          0          0          0         92   dnaninf.o
        12          0          0          0          0         68   dretinf.o
       430          8          0          0          0        168   faddsub_clz.o
        24          0          0          0          0         68   fcmpi.o
        86          0          0          0          0        136   fflt_clz.o
       104          4          0          0          0         84   fleqf.o
       258          4          0          0          0         84   fmul.o
       140          4          0          0          0         84   fnaninf.o
        10          0          0          0          0         68   fretinf.o
       100          0          0          0          0         68   retnan.o
        92          0          0          0          0         68   scalbn.o
        48          0          0          0          0         68   trapv.o
         0          0          0          0          0          0   usenofp.o
       156          8          0          0          0        104   cos.o
       252         22         48          0          0        124   cos_i.o
        34          6          0          0          0        204   dunder.o
        40          0          0          0          0         68   fpclassify.o
       170          0          0          0          0         96   poly.o
       904         76        200          0          0        140   rred.o
       160         10          0          0          0        108   sin.o
       236         12         40          0          0        128   sin_i.o

    ----------------------------------------------------------------------
      6468        384        288          0         96       4420   Library Totals
        16          0          0          0          0          0   (incl. Padding)

    ----------------------------------------------------------------------

      Code (inc. data)   RO Data    RW Data    ZI Data      Debug   Library Name

       894         46          0          0         96       1344   c_w.l
      3606        204          0          0          0       2104   fz_ws.l
      1952        134        288          0          0        972   m_ws.l

    ----------------------------------------------------------------------
      6468        384        288          0         96       4420   Library Totals

    ----------------------------------------------------------------------

==============================================================================


      Code (inc. data)   RO Data    RW Data    ZI Data      Debug   

     15454        978        650       5764       2868     525767   Grand Totals
     15454        978        650       1388       2868     525767   ELF Image Totals (compressed)
     15454        978        650       1388          0          0   ROM Totals

==============================================================================

    Total RO  Size (Code + RO Data)                16104 (  15.73kB)
    Total RW  Size (RW Data + ZI Data)              8632 (   8.43kB)
    Total ROM Size (Code + RO Data + RW Data)      17492 (  17.08kB)

==============================================================================

