Component: ARM Compiler 5.06 update 6 (build 750) Tool: armlink [4d35ed]

==============================================================================

Section Cross References

    startup_stm32f10x_hd.o(RESET) refers to startup_stm32f10x_hd.o(STACK) for __initial_sp
    startup_stm32f10x_hd.o(RESET) refers to startup_stm32f10x_hd.o(.text) for Reset_Handler
    startup_stm32f10x_hd.o(RESET) refers to stm32f10x_it.o(.text) for NMI_Handler
    startup_stm32f10x_hd.o(.text) refers to system_stm32f10x.o(.text) for SystemInit
    startup_stm32f10x_hd.o(.text) refers to entry.o(.ARM.Collect$$$$00000000) for __main
    system_stm32f10x.o(.text) refers to system_stm32f10x.o(.data) for SystemCoreClock
    stm32f10x_adc.o(.text) refers to stm32f10x_rcc.o(.text) for RCC_APB2PeriphResetCmd
    stm32f10x_bkp.o(.text) refers to stm32f10x_rcc.o(.text) for RCC_BackupResetCmd
    stm32f10x_can.o(.text) refers to stm32f10x_rcc.o(.text) for RCC_APB1PeriphResetCmd
    stm32f10x_cec.o(.text) refers to stm32f10x_rcc.o(.text) for RCC_APB1PeriphResetCmd
    stm32f10x_dac.o(.text) refers to stm32f10x_rcc.o(.text) for RCC_APB1PeriphResetCmd
    stm32f10x_gpio.o(.text) refers to stm32f10x_rcc.o(.text) for RCC_APB2PeriphResetCmd
    stm32f10x_i2c.o(.text) refers to stm32f10x_rcc.o(.text) for RCC_APB1PeriphResetCmd
    stm32f10x_pwr.o(.text) refers to stm32f10x_rcc.o(.text) for RCC_APB1PeriphResetCmd
    stm32f10x_rcc.o(.text) refers to stm32f10x_rcc.o(.data) for APBAHBPrescTable
    stm32f10x_spi.o(.text) refers to stm32f10x_rcc.o(.text) for RCC_APB2PeriphResetCmd
    stm32f10x_tim.o(.text) refers to stm32f10x_rcc.o(.text) for RCC_APB2PeriphResetCmd
    stm32f10x_usart.o(.text) refers to stm32f10x_rcc.o(.text) for RCC_APB2PeriphResetCmd
    stm32f10x_wwdg.o(.text) refers to stm32f10x_rcc.o(.text) for RCC_APB1PeriphResetCmd
    main.o(.text) refers to misc.o(.text) for NVIC_PriorityGroupConfig
    main.o(.text) refers to delay.o(.text) for DelayInit
    main.o(.text) refers to oled_basic.o(.text) for InitGraph
    stm32f10x_it.o(.text) refers to delay.o(.text) for TimingDelay_Decrement
    stm32f10x_it.o(.text) refers to oled_config.o(.text) for OledTimeMsFunc
    delay.o(.text) refers to misc.o(.text) for SysTick_CLKSourceConfig
    delay.o(.text) refers to system_stm32f10x.o(.data) for SystemCoreClock
    delay.o(.text) refers to delay.o(.data) for ms_counter
    bsp_usart.o(.text) refers to misc.o(.text) for NVIC_Init
    bsp_usart.o(.text) refers to stm32f10x_rcc.o(.text) for RCC_APB2PeriphClockCmd
    bsp_usart.o(.text) refers to stm32f10x_gpio.o(.text) for GPIO_Init
    bsp_usart.o(.text) refers to stm32f10x_usart.o(.text) for USART_Init
    oled_config.o(.text) refers to oled_driver.o(.text) for SPI_Configuration
    oled_config.o(.text) refers to oled_buffer.o(.bss) for ScreenBuffer
    oled_config.o(.text) refers to oled_config.o(.data) for OledTimeMs
    oled_driver.o(.text) refers to stm32f10x_rcc.o(.text) for RCC_APB1PeriphClockCmd
    oled_driver.o(.text) refers to stm32f10x_gpio.o(.text) for GPIO_Init
    oled_driver.o(.text) refers to stm32f10x_spi.o(.text) for SPI_Init
    oled_driver.o(.text) refers to oled_basic.o(.text) for WaitTimeMs
    oled_draw.o(.text) refers to oled_color.o(.text) for GetDrawColor
    oled_draw.o(.text) refers to oled_buffer.o(.text) for SetPointBuffer
    oled_draw.o(.text) refers to oled_basic.o(.text) for FillRect
    oled_draw.o(.text) refers to oled_draw.o(.data) for _pointx
    oled_draw.o(.text) refers to fflti.o(.text) for __aeabi_i2f
    oled_draw.o(.text) refers to fadd.o(.text) for __aeabi_fadd
    oled_draw.o(.text) refers to cfrcmple.o(.text) for __aeabi_cfrcmple
    oled_draw.o(.text) refers to dflti.o(.text) for __aeabi_i2d
    oled_draw.o(.text) refers to dmul.o(.text) for __aeabi_dmul
    oled_draw.o(.text) refers to dadd.o(.text) for __aeabi_dadd
    oled_draw.o(.text) refers to dfixi.o(.text) for __aeabi_d2iz
    oled_draw.o(.text) refers to oled_font.o(.text) for GetFontSize
    oled_draw.o(.text) refers to oled_font.o(.constdata) for font5x7
    oled_basic.o(.text) refers to oled_config.o(.text) for DriverInit
    oled_basic.o(.text) refers to oled_buffer.o(.text) for ClearScreenBuffer
    oled_basic.o(.text) refers to oled_color.o(.text) for GetFillColor
    oled_basic.o(.text) refers to fdiv.o(.text) for __aeabi_fdiv
    oled_basic.o(.text) refers to fadd.o(.text) for __aeabi_fadd
    oled_basic.o(.text) refers to f2d.o(.text) for __aeabi_f2d
    oled_basic.o(.text) refers to dmul.o(.text) for __aeabi_dmul
    oled_basic.o(.text) refers to d2f.o(.text) for __aeabi_d2f
    oled_basic.o(.text) refers to fflti.o(.text) for __aeabi_i2f
    oled_basic.o(.text) refers to dflti.o(.text) for __aeabi_i2d
    oled_basic.o(.text) refers to atan2.o(i.atan2) for atan2
    oled_basic.o(.text) refers to dadd.o(.text) for __aeabi_dadd
    oled_basic.o(.text) refers to cos.o(i.cos) for cos
    oled_basic.o(.text) refers to dfixi.o(.text) for __aeabi_d2iz
    oled_basic.o(.text) refers to sin.o(i.sin) for sin
    oled_basic.o(.text) refers to cfcmple.o(.text) for __aeabi_cfcmpeq
    oled_basic.o(.text) refers to ddiv.o(.text) for __aeabi_ddiv
    oled_basic.o(.text) refers to oled_basic.o(.data) for _BitTableS
    oled_basic.o(.text) refers to oled_config.o(.data) for OledTimeMs
    oled_color.o(.text) refers to oled_color.o(.data) for _Draw
    oled_buffer.o(.text) refers to oled_config.o(.text) for UpdateScreenBuffer
    oled_buffer.o(.text) refers to memseta.o(.text) for __aeabi_memset
    oled_buffer.o(.text) refers to memcpya.o(.text) for __aeabi_memcpy
    oled_buffer.o(.text) refers to oled_buffer.o(.data) for _SelectedBuffer
    oled_buffer.o(.text) refers to oled_buffer.o(.bss) for ScreenBuffer
    oled_font.o(.text) refers to oled_font.o(.data) for _TextBk
    oled_debug.o(.text) refers to oled_font.o(.text) for GetFontSize
    oled_debug.o(.text) refers to oled_draw.o(.text) for DrawChar
    oled_debug.o(.text) refers to strlen.o(.text) for strlen
    oled_debug.o(.text) refers to oled_basic.o(.text) for UpdateScreen
    oled_debug.o(.text) refers to oled_debug.o(.data) for wrap
    test.o(.text) refers to oled_basic.o(.text) for ClearScreen
    test.o(.text) refers to dflti.o(.text) for __aeabi_i2d
    test.o(.text) refers to dfltui.o(.text) for __aeabi_ui2d
    test.o(.text) refers to dmul.o(.text) for __aeabi_dmul
    test.o(.text) refers to ddiv.o(.text) for __aeabi_ddiv
    test.o(.text) refers to cos.o(i.cos) for cos
    test.o(.text) refers to dadd.o(.text) for __aeabi_dadd
    test.o(.text) refers to dfixi.o(.text) for __aeabi_d2iz
    test.o(.text) refers to sin.o(i.sin) for sin
    test.o(.text) refers to oled_draw.o(.text) for DrawLine
    test.o(.text) refers to delay.o(.text) for DelayMs
    test.o(.text) refers to oled_draw_ex_example.o(.text) for RoundClock
    test.o(.text) refers to memseta.o(.text) for __aeabi_memclr4
    test.o(.text) refers to rand.o(.text) for srand
    test.o(.text) refers to oled_color.o(.text) for SetDrawColor
    test.o(.text) refers to oled_font.o(.text) for SetFontSize
    test.o(.text) refers to oled_bmp.o(.constdata) for TempLogo
    test.o(.text) refers to fflti.o(.text) for __aeabi_i2f
    oled_draw_ex_example.o(.text) refers to oled_draw.o(.text) for GetY
    oled_draw_ex_example.o(.text) refers to oled_basic.o(.text) for GetRotateXY
    oled_draw_ex_example.o(.text) refers to fflti.o(.text) for __aeabi_i2f
    atan2.o(i.__softfp_atan2) refers (Special) to iusefp.o(.text) for __I$use$fp
    atan2.o(i.__softfp_atan2) refers to atan2.o(i.atan2) for atan2
    atan2.o(i.atan2) refers (Special) to iusefp.o(.text) for __I$use$fp
    atan2.o(i.atan2) refers to dunder.o(i.__mathlib_dbl_infnan2) for __mathlib_dbl_infnan2
    atan2.o(i.atan2) refers to atan.o(i.atan) for atan
    atan2.o(i.atan2) refers to ddiv.o(.text) for __aeabi_ddiv
    atan2.o(i.atan2) refers to dadd.o(.text) for __aeabi_dsub
    atan2.o(i.atan2) refers to qnan.o(.constdata) for __mathlib_zero
    atan2_x.o(i.____softfp_atan2$lsc) refers (Special) to iusefp.o(.text) for __I$use$fp
    atan2_x.o(i.____softfp_atan2$lsc) refers to atan2_x.o(i.__atan2$lsc) for __atan2$lsc
    atan2_x.o(i.__atan2$lsc) refers (Special) to iusefp.o(.text) for __I$use$fp
    atan2_x.o(i.__atan2$lsc) refers to dunder.o(i.__mathlib_dbl_infnan2) for __mathlib_dbl_infnan2
    atan2_x.o(i.__atan2$lsc) refers to atan.o(i.atan) for atan
    atan2_x.o(i.__atan2$lsc) refers to errno.o(i.__set_errno) for __set_errno
    atan2_x.o(i.__atan2$lsc) refers to ddiv.o(.text) for __aeabi_ddiv
    atan2_x.o(i.__atan2$lsc) refers to dadd.o(.text) for __aeabi_dsub
    atan2_x.o(i.__atan2$lsc) refers to qnan.o(.constdata) for __mathlib_zero
    cos.o(i.__softfp_cos) refers (Special) to iusefp.o(.text) for __I$use$fp
    cos.o(i.__softfp_cos) refers to cos.o(i.cos) for cos
    cos.o(i.cos) refers (Special) to iusefp.o(.text) for __I$use$fp
    cos.o(i.cos) refers to errno.o(i.__set_errno) for __set_errno
    cos.o(i.cos) refers to dunder.o(i.__mathlib_dbl_invalid) for __mathlib_dbl_invalid
    cos.o(i.cos) refers to dunder.o(i.__mathlib_dbl_infnan) for __mathlib_dbl_infnan
    cos.o(i.cos) refers to rred.o(i.__ieee754_rem_pio2) for __ieee754_rem_pio2
    cos.o(i.cos) refers to sin_i.o(i.__kernel_sin) for __kernel_sin
    cos.o(i.cos) refers to cos_i.o(i.__kernel_cos) for __kernel_cos
    cos_x.o(i.____softfp_cos$lsc) refers (Special) to iusefp.o(.text) for __I$use$fp
    cos_x.o(i.____softfp_cos$lsc) refers to cos_x.o(i.__cos$lsc) for __cos$lsc
    cos_x.o(i.__cos$lsc) refers (Special) to iusefp.o(.text) for __I$use$fp
    cos_x.o(i.__cos$lsc) refers to errno.o(i.__set_errno) for __set_errno
    cos_x.o(i.__cos$lsc) refers to dunder.o(i.__mathlib_dbl_infnan) for __mathlib_dbl_infnan
    cos_x.o(i.__cos$lsc) refers to rred.o(i.__ieee754_rem_pio2) for __ieee754_rem_pio2
    cos_x.o(i.__cos$lsc) refers to sin_i.o(i.__kernel_sin) for __kernel_sin
    cos_x.o(i.__cos$lsc) refers to cos_i.o(i.__kernel_cos) for __kernel_cos
    sin.o(i.__softfp_sin) refers (Special) to iusefp.o(.text) for __I$use$fp
    sin.o(i.__softfp_sin) refers to sin.o(i.sin) for sin
    sin.o(i.sin) refers (Special) to iusefp.o(.text) for __I$use$fp
    sin.o(i.sin) refers to errno.o(i.__set_errno) for __set_errno
    sin.o(i.sin) refers to dunder.o(i.__mathlib_dbl_invalid) for __mathlib_dbl_invalid
    sin.o(i.sin) refers to dunder.o(i.__mathlib_dbl_infnan) for __mathlib_dbl_infnan
    sin.o(i.sin) refers to rred.o(i.__ieee754_rem_pio2) for __ieee754_rem_pio2
    sin.o(i.sin) refers to cos_i.o(i.__kernel_cos) for __kernel_cos
    sin.o(i.sin) refers to sin_i.o(i.__kernel_sin) for __kernel_sin
    sin_x.o(i.____softfp_sin$lsc) refers (Special) to iusefp.o(.text) for __I$use$fp
    sin_x.o(i.____softfp_sin$lsc) refers to sin_x.o(i.__sin$lsc) for __sin$lsc
    sin_x.o(i.__sin$lsc) refers (Special) to iusefp.o(.text) for __I$use$fp
    sin_x.o(i.__sin$lsc) refers to errno.o(i.__set_errno) for __set_errno
    sin_x.o(i.__sin$lsc) refers to dunder.o(i.__mathlib_dbl_infnan) for __mathlib_dbl_infnan
    sin_x.o(i.__sin$lsc) refers to rred.o(i.__ieee754_rem_pio2) for __ieee754_rem_pio2
    sin_x.o(i.__sin$lsc) refers to cos_i.o(i.__kernel_cos) for __kernel_cos
    sin_x.o(i.__sin$lsc) refers to sin_i.o(i.__kernel_sin) for __kernel_sin
    entry.o(.ARM.Collect$$$$00000000) refers (Special) to entry10a.o(.ARM.Collect$$$$0000000D) for __rt_final_cpp
    entry.o(.ARM.Collect$$$$00000000) refers (Special) to entry11a.o(.ARM.Collect$$$$0000000F) for __rt_final_exit
    entry.o(.ARM.Collect$$$$00000000) refers (Special) to entry7b.o(.ARM.Collect$$$$00000008) for _main_clock
    entry.o(.ARM.Collect$$$$00000000) refers (Special) to entry8b.o(.ARM.Collect$$$$0000000A) for _main_cpp_init
    entry.o(.ARM.Collect$$$$00000000) refers (Special) to entry9a.o(.ARM.Collect$$$$0000000B) for _main_init
    entry.o(.ARM.Collect$$$$00000000) refers (Special) to entry5.o(.ARM.Collect$$$$00000004) for _main_scatterload
    entry.o(.ARM.Collect$$$$00000000) refers (Special) to entry2.o(.ARM.Collect$$$$00000001) for _main_stk
    rand.o(.text) refers to rand.o(.data) for .data
    fadd.o(.text) refers (Special) to iusefp.o(.text) for __I$use$fp
    fadd.o(.text) refers to fepilogue.o(.text) for _float_epilogue
    fdiv.o(.text) refers (Special) to iusefp.o(.text) for __I$use$fp
    fdiv.o(.text) refers to fepilogue.o(.text) for _float_round
    dadd.o(.text) refers (Special) to iusefp.o(.text) for __I$use$fp
    dadd.o(.text) refers to llshl.o(.text) for __aeabi_llsl
    dadd.o(.text) refers to llsshr.o(.text) for __aeabi_lasr
    dadd.o(.text) refers to depilogue.o(.text) for _double_epilogue
    dmul.o(.text) refers (Special) to iusefp.o(.text) for __I$use$fp
    dmul.o(.text) refers to depilogue.o(.text) for _double_epilogue
    ddiv.o(.text) refers (Special) to iusefp.o(.text) for __I$use$fp
    ddiv.o(.text) refers to depilogue.o(.text) for _double_round
    fflti.o(.text) refers (Special) to iusefp.o(.text) for __I$use$fp
    fflti.o(.text) refers to fepilogue.o(.text) for _float_epilogue
    dflti.o(.text) refers (Special) to iusefp.o(.text) for __I$use$fp
    dflti.o(.text) refers to depilogue.o(.text) for _double_epilogue
    dfltui.o(.text) refers (Special) to iusefp.o(.text) for __I$use$fp
    dfltui.o(.text) refers to depilogue.o(.text) for _double_epilogue
    dfixi.o(.text) refers (Special) to iusefp.o(.text) for __I$use$fp
    dfixi.o(.text) refers to llushr.o(.text) for __aeabi_llsr
    f2d.o(.text) refers (Special) to iusefp.o(.text) for __I$use$fp
    d2f.o(.text) refers (Special) to iusefp.o(.text) for __I$use$fp
    d2f.o(.text) refers to fepilogue.o(.text) for _float_round
    cfcmple.o(.text) refers (Special) to iusefp.o(.text) for __I$use$fp
    cfrcmple.o(.text) refers (Special) to iusefp.o(.text) for __I$use$fp
    atan.o(i.__softfp_atan) refers (Special) to iusefp.o(.text) for __I$use$fp
    atan.o(i.__softfp_atan) refers to atan.o(i.atan) for atan
    atan.o(i.atan) refers (Special) to iusefp.o(.text) for __I$use$fp
    atan.o(i.atan) refers to dunder.o(i.__mathlib_dbl_infnan) for __mathlib_dbl_infnan
    atan.o(i.atan) refers to fpclassify.o(i.__ARM_fpclassify) for __ARM_fpclassify
    atan.o(i.atan) refers to dunder.o(i.__mathlib_dbl_underflow) for __mathlib_dbl_underflow
    atan.o(i.atan) refers to dadd.o(.text) for __aeabi_dadd
    atan.o(i.atan) refers to dscalb.o(.text) for __ARM_scalbn
    atan.o(i.atan) refers to ddiv.o(.text) for __aeabi_ddiv
    atan.o(i.atan) refers to dmul.o(.text) for __aeabi_dmul
    atan.o(i.atan) refers to poly.o(i.__kernel_poly) for __kernel_poly
    atan.o(i.atan) refers to atan.o(.constdata) for .constdata
    atan.o(.constdata) refers (Special) to iusefp.o(.text) for __I$use$fp
    atan_x.o(i.____softfp_atan$lsc) refers (Special) to iusefp.o(.text) for __I$use$fp
    atan_x.o(i.____softfp_atan$lsc) refers to atan_x.o(i.__atan$lsc) for __atan$lsc
    atan_x.o(i.__atan$lsc) refers (Special) to iusefp.o(.text) for __I$use$fp
    atan_x.o(i.__atan$lsc) refers to dunder.o(i.__mathlib_dbl_infnan) for __mathlib_dbl_infnan
    atan_x.o(i.__atan$lsc) refers to dadd.o(.text) for __aeabi_dadd
    atan_x.o(i.__atan$lsc) refers to dscalb.o(.text) for __ARM_scalbn
    atan_x.o(i.__atan$lsc) refers to ddiv.o(.text) for __aeabi_ddiv
    atan_x.o(i.__atan$lsc) refers to dmul.o(.text) for __aeabi_dmul
    atan_x.o(i.__atan$lsc) refers to poly.o(i.__kernel_poly) for __kernel_poly
    atan_x.o(i.__atan$lsc) refers to atan_x.o(.constdata) for .constdata
    atan_x.o(.constdata) refers (Special) to iusefp.o(.text) for __I$use$fp
    cos_i.o(i.__kernel_cos) refers (Special) to iusefp.o(.text) for __I$use$fp
    cos_i.o(i.__kernel_cos) refers to dfixi.o(.text) for __aeabi_d2iz
    cos_i.o(i.__kernel_cos) refers to dmul.o(.text) for __aeabi_dmul
    cos_i.o(i.__kernel_cos) refers to poly.o(i.__kernel_poly) for __kernel_poly
    cos_i.o(i.__kernel_cos) refers to dadd.o(.text) for __aeabi_dsub
    cos_i.o(i.__kernel_cos) refers to dscalb.o(.text) for __ARM_scalbn
    cos_i.o(i.__kernel_cos) refers to cos_i.o(.constdata) for .constdata
    cos_i.o(.constdata) refers (Special) to iusefp.o(.text) for __I$use$fp
    dunder.o(i.__mathlib_dbl_divzero) refers to ddiv.o(.text) for __aeabi_ddiv
    dunder.o(i.__mathlib_dbl_infnan) refers to dscalb.o(.text) for __ARM_scalbn
    dunder.o(i.__mathlib_dbl_infnan2) refers to dadd.o(.text) for __aeabi_dadd
    dunder.o(i.__mathlib_dbl_invalid) refers to ddiv.o(.text) for __aeabi_ddiv
    dunder.o(i.__mathlib_dbl_overflow) refers to dscalb.o(.text) for __ARM_scalbn
    dunder.o(i.__mathlib_dbl_posinfnan) refers to dmul.o(.text) for __aeabi_dmul
    dunder.o(i.__mathlib_dbl_underflow) refers to dscalb.o(.text) for __ARM_scalbn
    qnan.o(.constdata) refers (Special) to iusefp.o(.text) for __I$use$fp
    rred.o(i.__ieee754_rem_pio2) refers (Special) to iusefp.o(.text) for __I$use$fp
    rred.o(i.__ieee754_rem_pio2) refers to dadd.o(.text) for __aeabi_dsub
    rred.o(i.__ieee754_rem_pio2) refers to dmul.o(.text) for __aeabi_dmul
    rred.o(i.__ieee754_rem_pio2) refers to dfixi.o(.text) for __aeabi_d2iz
    rred.o(i.__ieee754_rem_pio2) refers to dflti.o(.text) for __aeabi_i2d
    rred.o(i.__ieee754_rem_pio2) refers to dfltui.o(.text) for __aeabi_ui2d
    rred.o(i.__ieee754_rem_pio2) refers to dscalb.o(.text) for __ARM_scalbn
    rred.o(i.__ieee754_rem_pio2) refers to rred.o(.constdata) for .constdata
    rred.o(i.__use_accurate_range_reduction) refers (Special) to iusefp.o(.text) for __I$use$fp
    rred.o(.constdata) refers (Special) to iusefp.o(.text) for __I$use$fp
    sin_i.o(i.__kernel_sin) refers (Special) to iusefp.o(.text) for __I$use$fp
    sin_i.o(i.__kernel_sin) refers to fpclassify.o(i.__ARM_fpclassify) for __ARM_fpclassify
    sin_i.o(i.__kernel_sin) refers to dunder.o(i.__mathlib_dbl_underflow) for __mathlib_dbl_underflow
    sin_i.o(i.__kernel_sin) refers to dmul.o(.text) for __aeabi_dmul
    sin_i.o(i.__kernel_sin) refers to poly.o(i.__kernel_poly) for __kernel_poly
    sin_i.o(i.__kernel_sin) refers to dscalb.o(.text) for __ARM_scalbn
    sin_i.o(i.__kernel_sin) refers to dadd.o(.text) for __aeabi_dsub
    sin_i.o(i.__kernel_sin) refers to sin_i.o(.constdata) for .constdata
    sin_i.o(.constdata) refers (Special) to iusefp.o(.text) for __I$use$fp
    sin_i_x.o(i.____kernel_sin$lsc) refers (Special) to iusefp.o(.text) for __I$use$fp
    sin_i_x.o(i.____kernel_sin$lsc) refers to dmul.o(.text) for __aeabi_dmul
    sin_i_x.o(i.____kernel_sin$lsc) refers to poly.o(i.__kernel_poly) for __kernel_poly
    sin_i_x.o(i.____kernel_sin$lsc) refers to dscalb.o(.text) for __ARM_scalbn
    sin_i_x.o(i.____kernel_sin$lsc) refers to dadd.o(.text) for __aeabi_dsub
    sin_i_x.o(i.____kernel_sin$lsc) refers to sin_i_x.o(.constdata) for .constdata
    sin_i_x.o(.constdata) refers (Special) to iusefp.o(.text) for __I$use$fp
    entry2.o(.ARM.Collect$$$$00000001) refers to entry2.o(.ARM.Collect$$$$00002712) for __lit__00000000
    entry2.o(.ARM.Collect$$$$00002712) refers to startup_stm32f10x_hd.o(STACK) for __initial_sp
    entry2.o(__vectab_stack_and_reset_area) refers to startup_stm32f10x_hd.o(STACK) for __initial_sp
    entry2.o(__vectab_stack_and_reset_area) refers to entry.o(.ARM.Collect$$$$00000000) for __main
    entry5.o(.ARM.Collect$$$$00000004) refers to init.o(.text) for __scatterload
    entry9a.o(.ARM.Collect$$$$0000000B) refers to main.o(.text) for main
    entry9b.o(.ARM.Collect$$$$0000000C) refers to main.o(.text) for main
    errno.o(i.__aeabi_errno_addr) refers to errno.o(.data) for .data
    errno.o(i.__read_errno) refers to errno.o(.data) for .data
    errno.o(i.__set_errno) refers to errno.o(.data) for .data
    depilogue.o(.text) refers to llshl.o(.text) for __aeabi_llsl
    depilogue.o(.text) refers to llushr.o(.text) for __aeabi_llsr
    fpclassify.o(i.__ARM_fpclassify) refers (Special) to iusefp.o(.text) for __I$use$fp
    poly.o(i.__kernel_poly) refers (Special) to iusefp.o(.text) for __I$use$fp
    poly.o(i.__kernel_poly) refers to dmul.o(.text) for __aeabi_dmul
    poly.o(i.__kernel_poly) refers to dadd.o(.text) for __aeabi_dadd
    init.o(.text) refers to entry5.o(.ARM.Collect$$$$00000004) for __main_after_scatterload


==============================================================================

Removing Unused input sections from the image.

    Removing startup_stm32f10x_hd.o(HEAP), (512 bytes).
    Removing core_cm3.o(.emb_text), (32 bytes).
    Removing stm32f10x_adc.o(.text), (1102 bytes).
    Removing stm32f10x_bkp.o(.text), (196 bytes).
    Removing stm32f10x_can.o(.text), (2544 bytes).
    Removing stm32f10x_cec.o(.text), (288 bytes).
    Removing stm32f10x_crc.o(.text), (72 bytes).
    Removing stm32f10x_dac.o(.text), (396 bytes).
    Removing stm32f10x_dbgmcu.o(.text), (48 bytes).
    Removing stm32f10x_dma.o(.text), (596 bytes).
    Removing stm32f10x_exti.o(.text), (284 bytes).
    Removing stm32f10x_flash.o(.text), (1468 bytes).
    Removing stm32f10x_fsmc.o(.text), (1548 bytes).
    Removing stm32f10x_i2c.o(.text), (1028 bytes).
    Removing stm32f10x_iwdg.o(.text), (64 bytes).
    Removing stm32f10x_pwr.o(.text), (204 bytes).
    Removing stm32f10x_rtc.o(.text), (328 bytes).
    Removing stm32f10x_sdio.o(.text), (468 bytes).
    Removing stm32f10x_tim.o(.text), (3610 bytes).
    Removing stm32f10x_usart.o(.text), (1032 bytes).
    Removing stm32f10x_wwdg.o(.text), (136 bytes).
    Removing bsp_usart.o(.text), (412 bytes).
    Removing oled_draw.o(.text), (4504 bytes).
    Removing oled_draw.o(.data), (8 bytes).
    Removing oled_font.o(.text), (36 bytes).
    Removing oled_font.o(.constdata), (3352 bytes).
    Removing oled_font.o(.data), (2 bytes).
    Removing oled_bmp.o(.constdata), (2336 bytes).
    Removing oled_debug.o(.text), (560 bytes).
    Removing oled_debug.o(.data), (9 bytes).
    Removing test.o(.text), (2488 bytes).
    Removing oled_draw_ex_example.o(.text), (478 bytes).
    Removing cfrcmple.o(.text), (20 bytes).

33 unused section(s) (total 30161 bytes) removed from the image.

==============================================================================

Image Symbol Table

    Local Symbols

    Symbol Name                              Value     Ov Type        Size  Object(Section)

    ../clib/microlib/errno.c                 0x00000000   Number         0  errno.o ABSOLUTE
    ../clib/microlib/init/entry.s            0x00000000   Number         0  entry8b.o ABSOLUTE
    ../clib/microlib/init/entry.s            0x00000000   Number         0  entry8a.o ABSOLUTE
    ../clib/microlib/init/entry.s            0x00000000   Number         0  entry7a.o ABSOLUTE
    ../clib/microlib/init/entry.s            0x00000000   Number         0  entry7b.o ABSOLUTE
    ../clib/microlib/init/entry.s            0x00000000   Number         0  entry11b.o ABSOLUTE
    ../clib/microlib/init/entry.s            0x00000000   Number         0  entry10b.o ABSOLUTE
    ../clib/microlib/init/entry.s            0x00000000   Number         0  entry10a.o ABSOLUTE
    ../clib/microlib/init/entry.s            0x00000000   Number         0  entry9b.o ABSOLUTE
    ../clib/microlib/init/entry.s            0x00000000   Number         0  entry9a.o ABSOLUTE
    ../clib/microlib/init/entry.s            0x00000000   Number         0  entry.o ABSOLUTE
    ../clib/microlib/init/entry.s            0x00000000   Number         0  entry5.o ABSOLUTE
    ../clib/microlib/init/entry.s            0x00000000   Number         0  entry2.o ABSOLUTE
    ../clib/microlib/init/entry.s            0x00000000   Number         0  entry11a.o ABSOLUTE
    ../clib/microlib/longlong.c              0x00000000   Number         0  llsshr.o ABSOLUTE
    ../clib/microlib/longlong.c              0x00000000   Number         0  llushr.o ABSOLUTE
    ../clib/microlib/longlong.c              0x00000000   Number         0  llshl.o ABSOLUTE
    ../clib/microlib/stdlib/rand.c           0x00000000   Number         0  rand.o ABSOLUTE
    ../clib/microlib/string/memcpy.c         0x00000000   Number         0  memcpyb.o ABSOLUTE
    ../clib/microlib/string/memcpy.c         0x00000000   Number         0  memcpya.o ABSOLUTE
    ../clib/microlib/string/memset.c         0x00000000   Number         0  memseta.o ABSOLUTE
    ../clib/microlib/string/strlen.c         0x00000000   Number         0  strlen.o ABSOLUTE
    ../clib/microlib/stubs.s                 0x00000000   Number         0  iusefp.o ABSOLUTE
    ../fplib/microlib/d2f.c                  0x00000000   Number         0  d2f.o ABSOLUTE
    ../fplib/microlib/f2d.c                  0x00000000   Number         0  f2d.o ABSOLUTE
    ../fplib/microlib/fpadd.c                0x00000000   Number         0  fadd.o ABSOLUTE
    ../fplib/microlib/fpadd.c                0x00000000   Number         0  dadd.o ABSOLUTE
    ../fplib/microlib/fpdiv.c                0x00000000   Number         0  fdiv.o ABSOLUTE
    ../fplib/microlib/fpdiv.c                0x00000000   Number         0  ddiv.o ABSOLUTE
    ../fplib/microlib/fpepilogue.c           0x00000000   Number         0  depilogue.o ABSOLUTE
    ../fplib/microlib/fpepilogue.c           0x00000000   Number         0  fepilogue.o ABSOLUTE
    ../fplib/microlib/fpfix.c                0x00000000   Number         0  dfixi.o ABSOLUTE
    ../fplib/microlib/fpflt.c                0x00000000   Number         0  dfltui.o ABSOLUTE
    ../fplib/microlib/fpflt.c                0x00000000   Number         0  dflti.o ABSOLUTE
    ../fplib/microlib/fpflt.c                0x00000000   Number         0  fflti.o ABSOLUTE
    ../fplib/microlib/fpmul.c                0x00000000   Number         0  dmul.o ABSOLUTE
    ../fplib/microlib/fpscalb.c              0x00000000   Number         0  dscalb.o ABSOLUTE
    ../mathlib/atan.c                        0x00000000   Number         0  atan.o ABSOLUTE
    ../mathlib/atan.c                        0x00000000   Number         0  atan_x.o ABSOLUTE
    ../mathlib/atan2.c                       0x00000000   Number         0  atan2.o ABSOLUTE
    ../mathlib/atan2.c                       0x00000000   Number         0  atan2_x.o ABSOLUTE
    ../mathlib/cos.c                         0x00000000   Number         0  cos_x.o ABSOLUTE
    ../mathlib/cos.c                         0x00000000   Number         0  cos.o ABSOLUTE
    ../mathlib/cos_i.c                       0x00000000   Number         0  cos_i.o ABSOLUTE
    ../mathlib/dunder.c                      0x00000000   Number         0  dunder.o ABSOLUTE
    ../mathlib/fpclassify.c                  0x00000000   Number         0  fpclassify.o ABSOLUTE
    ../mathlib/poly.c                        0x00000000   Number         0  poly.o ABSOLUTE
    ../mathlib/qnan.c                        0x00000000   Number         0  qnan.o ABSOLUTE
    ../mathlib/rred.c                        0x00000000   Number         0  rred.o ABSOLUTE
    ../mathlib/sin.c                         0x00000000   Number         0  sin.o ABSOLUTE
    ../mathlib/sin.c                         0x00000000   Number         0  sin_x.o ABSOLUTE
    ../mathlib/sin_i.c                       0x00000000   Number         0  sin_i_x.o ABSOLUTE
    ../mathlib/sin_i.c                       0x00000000   Number         0  sin_i.o ABSOLUTE
    ..\..\Libraries\CMSIS\core_cm3.c         0x00000000   Number         0  core_cm3.o ABSOLUTE
    ..\..\Libraries\CMSIS\startup\startup_stm32f10x_hd.s 0x00000000   Number         0  startup_stm32f10x_hd.o ABSOLUTE
    ..\..\Libraries\CMSIS\system_stm32f10x.c 0x00000000   Number         0  system_stm32f10x.o ABSOLUTE
    ..\..\Libraries\src\misc.c               0x00000000   Number         0  misc.o ABSOLUTE
    ..\..\Libraries\src\stm32f10x_adc.c      0x00000000   Number         0  stm32f10x_adc.o ABSOLUTE
    ..\..\Libraries\src\stm32f10x_bkp.c      0x00000000   Number         0  stm32f10x_bkp.o ABSOLUTE
    ..\..\Libraries\src\stm32f10x_can.c      0x00000000   Number         0  stm32f10x_can.o ABSOLUTE
    ..\..\Libraries\src\stm32f10x_cec.c      0x00000000   Number         0  stm32f10x_cec.o ABSOLUTE
    ..\..\Libraries\src\stm32f10x_crc.c      0x00000000   Number         0  stm32f10x_crc.o ABSOLUTE
    ..\..\Libraries\src\stm32f10x_dac.c      0x00000000   Number         0  stm32f10x_dac.o ABSOLUTE
    ..\..\Libraries\src\stm32f10x_dbgmcu.c   0x00000000   Number         0  stm32f10x_dbgmcu.o ABSOLUTE
    ..\..\Libraries\src\stm32f10x_dma.c      0x00000000   Number         0  stm32f10x_dma.o ABSOLUTE
    ..\..\Libraries\src\stm32f10x_exti.c     0x00000000   Number         0  stm32f10x_exti.o ABSOLUTE
    ..\..\Libraries\src\stm32f10x_flash.c    0x00000000   Number         0  stm32f10x_flash.o ABSOLUTE
    ..\..\Libraries\src\stm32f10x_fsmc.c     0x00000000   Number         0  stm32f10x_fsmc.o ABSOLUTE
    ..\..\Libraries\src\stm32f10x_gpio.c     0x00000000   Number         0  stm32f10x_gpio.o ABSOLUTE
    ..\..\Libraries\src\stm32f10x_i2c.c      0x00000000   Number         0  stm32f10x_i2c.o ABSOLUTE
    ..\..\Libraries\src\stm32f10x_iwdg.c     0x00000000   Number         0  stm32f10x_iwdg.o ABSOLUTE
    ..\..\Libraries\src\stm32f10x_pwr.c      0x00000000   Number         0  stm32f10x_pwr.o ABSOLUTE
    ..\..\Libraries\src\stm32f10x_rcc.c      0x00000000   Number         0  stm32f10x_rcc.o ABSOLUTE
    ..\..\Libraries\src\stm32f10x_rtc.c      0x00000000   Number         0  stm32f10x_rtc.o ABSOLUTE
    ..\..\Libraries\src\stm32f10x_sdio.c     0x00000000   Number         0  stm32f10x_sdio.o ABSOLUTE
    ..\..\Libraries\src\stm32f10x_spi.c      0x00000000   Number         0  stm32f10x_spi.o ABSOLUTE
    ..\..\Libraries\src\stm32f10x_tim.c      0x00000000   Number         0  stm32f10x_tim.o ABSOLUTE
    ..\..\Libraries\src\stm32f10x_usart.c    0x00000000   Number         0  stm32f10x_usart.o ABSOLUTE
    ..\..\Libraries\src\stm32f10x_wwdg.c     0x00000000   Number         0  stm32f10x_wwdg.o ABSOLUTE
    ..\..\User\bsp_usart.c                   0x00000000   Number         0  bsp_usart.o ABSOLUTE
    ..\..\User\delay.c                       0x00000000   Number         0  delay.o ABSOLUTE
    ..\..\User\main.c                        0x00000000   Number         0  main.o ABSOLUTE
    ..\..\User\stm32f10x_it.c                0x00000000   Number         0  stm32f10x_it.o ABSOLUTE
    ..\..\example\oled_draw_ex_example.c     0x00000000   Number         0  oled_draw_ex_example.o ABSOLUTE
    ..\..\example\physical.c                 0x00000000   Number         0  physical.o ABSOLUTE
    ..\..\example\test.c                     0x00000000   Number         0  test.o ABSOLUTE
    ..\..\oledlib\oled_basic.c               0x00000000   Number         0  oled_basic.o ABSOLUTE
    ..\..\oledlib\oled_bmp.c                 0x00000000   Number         0  oled_bmp.o ABSOLUTE
    ..\..\oledlib\oled_buffer.c              0x00000000   Number         0  oled_buffer.o ABSOLUTE
    ..\..\oledlib\oled_color.c               0x00000000   Number         0  oled_color.o ABSOLUTE
    ..\..\oledlib\oled_config.c              0x00000000   Number         0  oled_config.o ABSOLUTE
    ..\..\oledlib\oled_debug.c               0x00000000   Number         0  oled_debug.o ABSOLUTE
    ..\..\oledlib\oled_draw.c                0x00000000   Number         0  oled_draw.o ABSOLUTE
    ..\..\oledlib\oled_driver.c              0x00000000   Number         0  oled_driver.o ABSOLUTE
    ..\..\oledlib\oled_font.c                0x00000000   Number         0  oled_font.o ABSOLUTE
    ..\\..\\Libraries\\CMSIS\\core_cm3.c     0x00000000   Number         0  core_cm3.o ABSOLUTE
    cfcmple.s                                0x00000000   Number         0  cfcmple.o ABSOLUTE
    cfrcmple.s                               0x00000000   Number         0  cfrcmple.o ABSOLUTE
    dc.s                                     0x00000000   Number         0  dc.o ABSOLUTE
    handlers.s                               0x00000000   Number         0  handlers.o ABSOLUTE
    init.s                                   0x00000000   Number         0  init.o ABSOLUTE
    RESET                                    0x08000000   Section      304  startup_stm32f10x_hd.o(RESET)
    .ARM.Collect$$$$00000000                 0x08000130   Section        0  entry.o(.ARM.Collect$$$$00000000)
    .ARM.Collect$$$$00000001                 0x08000130   Section        4  entry2.o(.ARM.Collect$$$$00000001)
    .ARM.Collect$$$$00000004                 0x08000134   Section        4  entry5.o(.ARM.Collect$$$$00000004)
    .ARM.Collect$$$$00000008                 0x08000138   Section        0  entry7b.o(.ARM.Collect$$$$00000008)
    .ARM.Collect$$$$0000000A                 0x08000138   Section        0  entry8b.o(.ARM.Collect$$$$0000000A)
    .ARM.Collect$$$$0000000B                 0x08000138   Section        8  entry9a.o(.ARM.Collect$$$$0000000B)
    .ARM.Collect$$$$0000000D                 0x08000140   Section        0  entry10a.o(.ARM.Collect$$$$0000000D)
    .ARM.Collect$$$$0000000F                 0x08000140   Section        0  entry11a.o(.ARM.Collect$$$$0000000F)
    .ARM.Collect$$$$00002712                 0x08000140   Section        4  entry2.o(.ARM.Collect$$$$00002712)
    __lit__00000000                          0x08000140   Data           4  entry2.o(.ARM.Collect$$$$00002712)
    .text                                    0x08000144   Section       36  startup_stm32f10x_hd.o(.text)
    .text                                    0x08000168   Section        0  system_stm32f10x.o(.text)
    SetSysClockTo72                          0x08000169   Thumb Code   214  system_stm32f10x.o(.text)
    SetSysClock                              0x0800023f   Thumb Code     8  system_stm32f10x.o(.text)
    .text                                    0x08000348   Section        0  misc.o(.text)
    .text                                    0x08000424   Section        0  stm32f10x_gpio.o(.text)
    .text                                    0x08000780   Section        0  stm32f10x_rcc.o(.text)
    .text                                    0x08000b24   Section        0  stm32f10x_spi.o(.text)
    .text                                    0x08000e30   Section        0  main.o(.text)
    .text                                    0x08000e44   Section        0  stm32f10x_it.o(.text)
    .text                                    0x08000e6c   Section        0  delay.o(.text)
    .text                                    0x08000f2c   Section        0  oled_config.o(.text)
    .text                                    0x08000f6c   Section        0  oled_driver.o(.text)
    .text                                    0x0800126c   Section        0  oled_basic.o(.text)
    Rotate                                   0x0800152d   Thumb Code   388  oled_basic.o(.text)
    .text                                    0x08001938   Section        0  oled_color.o(.text)
    .text                                    0x08001958   Section        0  oled_buffer.o(.text)
    .text                                    0x08001bc8   Section        0  memcpya.o(.text)
    .text                                    0x08001bec   Section        0  memseta.o(.text)
    .text                                    0x08001c10   Section        0  fadd.o(.text)
    .text                                    0x08001cc0   Section        0  fdiv.o(.text)
    .text                                    0x08001d3c   Section        0  dadd.o(.text)
    .text                                    0x08001e8a   Section        0  dmul.o(.text)
    .text                                    0x08001f6e   Section        0  ddiv.o(.text)
    .text                                    0x0800204c   Section        0  fflti.o(.text)
    .text                                    0x0800205e   Section        0  dflti.o(.text)
    .text                                    0x08002080   Section        0  dfltui.o(.text)
    .text                                    0x0800209a   Section        0  dfixi.o(.text)
    .text                                    0x080020d8   Section        0  f2d.o(.text)
    .text                                    0x080020fe   Section        0  d2f.o(.text)
    .text                                    0x08002138   Section       20  cfcmple.o(.text)
    .text                                    0x0800214c   Section        0  llshl.o(.text)
    .text                                    0x0800216a   Section        0  llushr.o(.text)
    .text                                    0x0800218a   Section        0  llsshr.o(.text)
    .text                                    0x080021ae   Section        0  fepilogue.o(.text)
    .text                                    0x080021ae   Section        0  iusefp.o(.text)
    .text                                    0x0800221c   Section        0  depilogue.o(.text)
    .text                                    0x080022d8   Section       36  init.o(.text)
    .text                                    0x080022fc   Section        0  dscalb.o(.text)
    i.__ARM_fpclassify                       0x0800232a   Section        0  fpclassify.o(i.__ARM_fpclassify)
    i.__ieee754_rem_pio2                     0x08002354   Section        0  rred.o(i.__ieee754_rem_pio2)
    i.__kernel_cos                           0x080026dc   Section        0  cos_i.o(i.__kernel_cos)
    i.__kernel_poly                          0x080027d8   Section        0  poly.o(i.__kernel_poly)
    i.__kernel_sin                           0x08002884   Section        0  sin_i.o(i.__kernel_sin)
    i.__mathlib_dbl_infnan                   0x08002970   Section        0  dunder.o(i.__mathlib_dbl_infnan)
    i.__mathlib_dbl_infnan2                  0x08002976   Section        0  dunder.o(i.__mathlib_dbl_infnan2)
    i.__mathlib_dbl_invalid                  0x0800297a   Section        0  dunder.o(i.__mathlib_dbl_invalid)
    i.__mathlib_dbl_underflow                0x08002988   Section        0  dunder.o(i.__mathlib_dbl_underflow)
    i.__scatterload_copy                     0x08002998   Section       14  handlers.o(i.__scatterload_copy)
    i.__scatterload_null                     0x080029a6   Section        2  handlers.o(i.__scatterload_null)
    i.__scatterload_zeroinit                 0x080029a8   Section       14  handlers.o(i.__scatterload_zeroinit)
    i.__set_errno                            0x080029b8   Section        0  errno.o(i.__set_errno)
    i.atan                                   0x080029c4   Section        0  atan.o(i.atan)
    i.atan2                                  0x08002be4   Section        0  atan2.o(i.atan2)
    i.cos                                    0x08002d64   Section        0  cos.o(i.cos)
    i.sin                                    0x08002e00   Section        0  sin.o(i.sin)
    .constdata                               0x08002ea0   Section      152  atan.o(.constdata)
    atanhi                                   0x08002ea0   Data          32  atan.o(.constdata)
    atanlo                                   0x08002ec0   Data          32  atan.o(.constdata)
    aTodd                                    0x08002ee0   Data          40  atan.o(.constdata)
    aTeven                                   0x08002f08   Data          48  atan.o(.constdata)
    .constdata                               0x08002f38   Section       48  cos_i.o(.constdata)
    C                                        0x08002f38   Data          48  cos_i.o(.constdata)
    .constdata                               0x08002f68   Section        8  qnan.o(.constdata)
    .constdata                               0x08002f70   Section      200  rred.o(.constdata)
    pio2s                                    0x08002f70   Data          48  rred.o(.constdata)
    twooverpi                                0x08002fa0   Data         152  rred.o(.constdata)
    .constdata                               0x08003038   Section       40  sin_i.o(.constdata)
    S                                        0x08003038   Data          40  sin_i.o(.constdata)
    .data                                    0x20000000   Section       20  system_stm32f10x.o(.data)
    .data                                    0x20000014   Section       20  stm32f10x_rcc.o(.data)
    APBAHBPrescTable                         0x20000014   Data          16  stm32f10x_rcc.o(.data)
    ADCPrescTable                            0x20000024   Data           4  stm32f10x_rcc.o(.data)
    .data                                    0x20000028   Section        4  delay.o(.data)
    ms_counter                               0x20000028   Data           4  delay.o(.data)
    .data                                    0x2000002c   Section        4  oled_config.o(.data)
    .data                                    0x20000030   Section       24  oled_basic.o(.data)
    _BitTableS                               0x20000040   Data           8  oled_basic.o(.data)
    .data                                    0x20000048   Section        2  oled_color.o(.data)
    _Draw                                    0x20000048   Data           1  oled_color.o(.data)
    _fill                                    0x20000049   Data           1  oled_color.o(.data)
    .data                                    0x2000004a   Section        1  oled_buffer.o(.data)
    _SelectedBuffer                          0x2000004a   Data           1  oled_buffer.o(.data)
    .data                                    0x2000004c   Section        4  errno.o(.data)
    _errno                                   0x2000004c   Data           4  errno.o(.data)
    .bss                                     0x20000050   Section     2048  oled_buffer.o(.bss)
    STACK                                    0x20000850   Section     1024  startup_stm32f10x_hd.o(STACK)

    Global Symbols

    Symbol Name                              Value     Ov Type        Size  Object(Section)

    BuildAttributes$$THM_ISAv4$P$D$K$B$S$PE$A:L22UL41UL21$X:L11$S22US41US21$IEEE1$IW$USESV6$~STKCKD$USESV7$~SHL$OTIME$ROPI$IEEEX$EBA8$MICROLIB$REQ8$PRES8$EABIv2 0x00000000   Number         0  anon$$obj.o ABSOLUTE
    __ARM_use_no_argv                        0x00000000   Number         0  main.o ABSOLUTE
    __cpp_initialize__aeabi_                  - Undefined Weak Reference
    __cxa_finalize                            - Undefined Weak Reference
    __decompress                              - Undefined Weak Reference
    _clock_init                               - Undefined Weak Reference
    _microlib_exit                            - Undefined Weak Reference
    __Vectors_Size                           0x00000130   Number         0  startup_stm32f10x_hd.o ABSOLUTE
    __Vectors                                0x08000000   Data           4  startup_stm32f10x_hd.o(RESET)
    __Vectors_End                            0x08000130   Data           0  startup_stm32f10x_hd.o(RESET)
    __main                                   0x08000131   Thumb Code     0  entry.o(.ARM.Collect$$$$00000000)
    _main_stk                                0x08000131   Thumb Code     0  entry2.o(.ARM.Collect$$$$00000001)
    _main_scatterload                        0x08000135   Thumb Code     0  entry5.o(.ARM.Collect$$$$00000004)
    __main_after_scatterload                 0x08000139   Thumb Code     0  entry5.o(.ARM.Collect$$$$00000004)
    _main_clock                              0x08000139   Thumb Code     0  entry7b.o(.ARM.Collect$$$$00000008)
    _main_cpp_init                           0x08000139   Thumb Code     0  entry8b.o(.ARM.Collect$$$$0000000A)
    _main_init                               0x08000139   Thumb Code     0  entry9a.o(.ARM.Collect$$$$0000000B)
    __rt_final_cpp                           0x08000141   Thumb Code     0  entry10a.o(.ARM.Collect$$$$0000000D)
    __rt_final_exit                          0x08000141   Thumb Code     0  entry11a.o(.ARM.Collect$$$$0000000F)
    Reset_Handler                            0x08000145   Thumb Code     8  startup_stm32f10x_hd.o(.text)
    ADC1_2_IRQHandler                        0x0800015f   Thumb Code     0  startup_stm32f10x_hd.o(.text)
    ADC3_IRQHandler                          0x0800015f   Thumb Code     0  startup_stm32f10x_hd.o(.text)
    CAN1_RX1_IRQHandler                      0x0800015f   Thumb Code     0  startup_stm32f10x_hd.o(.text)
    CAN1_SCE_IRQHandler                      0x0800015f   Thumb Code     0  startup_stm32f10x_hd.o(.text)
    DMA1_Channel1_IRQHandler                 0x0800015f   Thumb Code     0  startup_stm32f10x_hd.o(.text)
    DMA1_Channel2_IRQHandler                 0x0800015f   Thumb Code     0  startup_stm32f10x_hd.o(.text)
    DMA1_Channel3_IRQHandler                 0x0800015f   Thumb Code     0  startup_stm32f10x_hd.o(.text)
    DMA1_Channel4_IRQHandler                 0x0800015f   Thumb Code     0  startup_stm32f10x_hd.o(.text)
    DMA1_Channel5_IRQHandler                 0x0800015f   Thumb Code     0  startup_stm32f10x_hd.o(.text)
    DMA1_Channel6_IRQHandler                 0x0800015f   Thumb Code     0  startup_stm32f10x_hd.o(.text)
    DMA1_Channel7_IRQHandler                 0x0800015f   Thumb Code     0  startup_stm32f10x_hd.o(.text)
    DMA2_Channel1_IRQHandler                 0x0800015f   Thumb Code     0  startup_stm32f10x_hd.o(.text)
    DMA2_Channel2_IRQHandler                 0x0800015f   Thumb Code     0  startup_stm32f10x_hd.o(.text)
    DMA2_Channel3_IRQHandler                 0x0800015f   Thumb Code     0  startup_stm32f10x_hd.o(.text)
    DMA2_Channel4_5_IRQHandler               0x0800015f   Thumb Code     0  startup_stm32f10x_hd.o(.text)
    EXTI0_IRQHandler                         0x0800015f   Thumb Code     0  startup_stm32f10x_hd.o(.text)
    EXTI15_10_IRQHandler                     0x0800015f   Thumb Code     0  startup_stm32f10x_hd.o(.text)
    EXTI1_IRQHandler                         0x0800015f   Thumb Code     0  startup_stm32f10x_hd.o(.text)
    EXTI2_IRQHandler                         0x0800015f   Thumb Code     0  startup_stm32f10x_hd.o(.text)
    EXTI3_IRQHandler                         0x0800015f   Thumb Code     0  startup_stm32f10x_hd.o(.text)
    EXTI4_IRQHandler                         0x0800015f   Thumb Code     0  startup_stm32f10x_hd.o(.text)
    EXTI9_5_IRQHandler                       0x0800015f   Thumb Code     0  startup_stm32f10x_hd.o(.text)
    FLASH_IRQHandler                         0x0800015f   Thumb Code     0  startup_stm32f10x_hd.o(.text)
    FSMC_IRQHandler                          0x0800015f   Thumb Code     0  startup_stm32f10x_hd.o(.text)
    I2C1_ER_IRQHandler                       0x0800015f   Thumb Code     0  startup_stm32f10x_hd.o(.text)
    I2C1_EV_IRQHandler                       0x0800015f   Thumb Code     0  startup_stm32f10x_hd.o(.text)
    I2C2_ER_IRQHandler                       0x0800015f   Thumb Code     0  startup_stm32f10x_hd.o(.text)
    I2C2_EV_IRQHandler                       0x0800015f   Thumb Code     0  startup_stm32f10x_hd.o(.text)
    PVD_IRQHandler                           0x0800015f   Thumb Code     0  startup_stm32f10x_hd.o(.text)
    RCC_IRQHandler                           0x0800015f   Thumb Code     0  startup_stm32f10x_hd.o(.text)
    RTCAlarm_IRQHandler                      0x0800015f   Thumb Code     0  startup_stm32f10x_hd.o(.text)
    RTC_IRQHandler                           0x0800015f   Thumb Code     0  startup_stm32f10x_hd.o(.text)
    SDIO_IRQHandler                          0x0800015f   Thumb Code     0  startup_stm32f10x_hd.o(.text)
    SPI1_IRQHandler                          0x0800015f   Thumb Code     0  startup_stm32f10x_hd.o(.text)
    SPI2_IRQHandler                          0x0800015f   Thumb Code     0  startup_stm32f10x_hd.o(.text)
    SPI3_IRQHandler                          0x0800015f   Thumb Code     0  startup_stm32f10x_hd.o(.text)
    TAMPER_IRQHandler                        0x0800015f   Thumb Code     0  startup_stm32f10x_hd.o(.text)
    TIM1_BRK_IRQHandler                      0x0800015f   Thumb Code     0  startup_stm32f10x_hd.o(.text)
    TIM1_CC_IRQHandler                       0x0800015f   Thumb Code     0  startup_stm32f10x_hd.o(.text)
    TIM1_TRG_COM_IRQHandler                  0x0800015f   Thumb Code     0  startup_stm32f10x_hd.o(.text)
    TIM1_UP_IRQHandler                       0x0800015f   Thumb Code     0  startup_stm32f10x_hd.o(.text)
    TIM2_IRQHandler                          0x0800015f   Thumb Code     0  startup_stm32f10x_hd.o(.text)
    TIM3_IRQHandler                          0x0800015f   Thumb Code     0  startup_stm32f10x_hd.o(.text)
    TIM4_IRQHandler                          0x0800015f   Thumb Code     0  startup_stm32f10x_hd.o(.text)
    TIM5_IRQHandler                          0x0800015f   Thumb Code     0  startup_stm32f10x_hd.o(.text)
    TIM6_IRQHandler                          0x0800015f   Thumb Code     0  startup_stm32f10x_hd.o(.text)
    TIM7_IRQHandler                          0x0800015f   Thumb Code     0  startup_stm32f10x_hd.o(.text)
    TIM8_BRK_IRQHandler                      0x0800015f   Thumb Code     0  startup_stm32f10x_hd.o(.text)
    TIM8_CC_IRQHandler                       0x0800015f   Thumb Code     0  startup_stm32f10x_hd.o(.text)
    TIM8_TRG_COM_IRQHandler                  0x0800015f   Thumb Code     0  startup_stm32f10x_hd.o(.text)
    TIM8_UP_IRQHandler                       0x0800015f   Thumb Code     0  startup_stm32f10x_hd.o(.text)
    UART4_IRQHandler                         0x0800015f   Thumb Code     0  startup_stm32f10x_hd.o(.text)
    UART5_IRQHandler                         0x0800015f   Thumb Code     0  startup_stm32f10x_hd.o(.text)
    USART2_IRQHandler                        0x0800015f   Thumb Code     0  startup_stm32f10x_hd.o(.text)
    USART3_IRQHandler                        0x0800015f   Thumb Code     0  startup_stm32f10x_hd.o(.text)
    USBWakeUp_IRQHandler                     0x0800015f   Thumb Code     0  startup_stm32f10x_hd.o(.text)
    USB_HP_CAN1_TX_IRQHandler                0x0800015f   Thumb Code     0  startup_stm32f10x_hd.o(.text)
    USB_LP_CAN1_RX0_IRQHandler               0x0800015f   Thumb Code     0  startup_stm32f10x_hd.o(.text)
    WWDG_IRQHandler                          0x0800015f   Thumb Code     0  startup_stm32f10x_hd.o(.text)
    SystemInit                               0x08000247   Thumb Code    78  system_stm32f10x.o(.text)
    SystemCoreClockUpdate                    0x08000295   Thumb Code   142  system_stm32f10x.o(.text)
    NVIC_PriorityGroupConfig                 0x08000349   Thumb Code    10  misc.o(.text)
    NVIC_Init                                0x08000353   Thumb Code   100  misc.o(.text)
    NVIC_SetVectorTable                      0x080003b7   Thumb Code    14  misc.o(.text)
    NVIC_SystemLPConfig                      0x080003c5   Thumb Code    34  misc.o(.text)
    SysTick_CLKSourceConfig                  0x080003e7   Thumb Code    40  misc.o(.text)
    GPIO_DeInit                              0x08000425   Thumb Code   172  stm32f10x_gpio.o(.text)
    GPIO_AFIODeInit                          0x080004d1   Thumb Code    20  stm32f10x_gpio.o(.text)
    GPIO_Init                                0x080004e5   Thumb Code   278  stm32f10x_gpio.o(.text)
    GPIO_StructInit                          0x080005fb   Thumb Code    16  stm32f10x_gpio.o(.text)
    GPIO_ReadInputDataBit                    0x0800060b   Thumb Code    18  stm32f10x_gpio.o(.text)
    GPIO_ReadInputData                       0x0800061d   Thumb Code     8  stm32f10x_gpio.o(.text)
    GPIO_ReadOutputDataBit                   0x08000625   Thumb Code    18  stm32f10x_gpio.o(.text)
    GPIO_ReadOutputData                      0x08000637   Thumb Code     8  stm32f10x_gpio.o(.text)
    GPIO_SetBits                             0x0800063f   Thumb Code     4  stm32f10x_gpio.o(.text)
    GPIO_ResetBits                           0x08000643   Thumb Code     4  stm32f10x_gpio.o(.text)
    GPIO_WriteBit                            0x08000647   Thumb Code    10  stm32f10x_gpio.o(.text)
    GPIO_Write                               0x08000651   Thumb Code     4  stm32f10x_gpio.o(.text)
    GPIO_PinLockConfig                       0x08000655   Thumb Code    18  stm32f10x_gpio.o(.text)
    GPIO_EventOutputConfig                   0x08000667   Thumb Code    26  stm32f10x_gpio.o(.text)
    GPIO_EventOutputCmd                      0x08000681   Thumb Code     6  stm32f10x_gpio.o(.text)
    GPIO_PinRemapConfig                      0x08000687   Thumb Code   138  stm32f10x_gpio.o(.text)
    GPIO_EXTILineConfig                      0x08000711   Thumb Code    66  stm32f10x_gpio.o(.text)
    GPIO_ETH_MediaInterfaceConfig            0x08000753   Thumb Code     8  stm32f10x_gpio.o(.text)
    RCC_DeInit                               0x08000781   Thumb Code    64  stm32f10x_rcc.o(.text)
    RCC_HSEConfig                            0x080007c1   Thumb Code    70  stm32f10x_rcc.o(.text)
    RCC_GetFlagStatus                        0x08000807   Thumb Code    56  stm32f10x_rcc.o(.text)
    RCC_WaitForHSEStartUp                    0x0800083f   Thumb Code    56  stm32f10x_rcc.o(.text)
    RCC_AdjustHSICalibrationValue            0x08000877   Thumb Code    20  stm32f10x_rcc.o(.text)
    RCC_HSICmd                               0x0800088b   Thumb Code     6  stm32f10x_rcc.o(.text)
    RCC_PLLConfig                            0x08000891   Thumb Code    24  stm32f10x_rcc.o(.text)
    RCC_PLLCmd                               0x080008a9   Thumb Code     6  stm32f10x_rcc.o(.text)
    RCC_SYSCLKConfig                         0x080008af   Thumb Code    18  stm32f10x_rcc.o(.text)
    RCC_GetSYSCLKSource                      0x080008c1   Thumb Code    10  stm32f10x_rcc.o(.text)
    RCC_HCLKConfig                           0x080008cb   Thumb Code    18  stm32f10x_rcc.o(.text)
    RCC_PCLK1Config                          0x080008dd   Thumb Code    18  stm32f10x_rcc.o(.text)
    RCC_PCLK2Config                          0x080008ef   Thumb Code    20  stm32f10x_rcc.o(.text)
    RCC_ITConfig                             0x08000903   Thumb Code    26  stm32f10x_rcc.o(.text)
    RCC_USBCLKConfig                         0x0800091d   Thumb Code     8  stm32f10x_rcc.o(.text)
    RCC_ADCCLKConfig                         0x08000925   Thumb Code    18  stm32f10x_rcc.o(.text)
    RCC_LSEConfig                            0x08000937   Thumb Code    50  stm32f10x_rcc.o(.text)
    RCC_LSICmd                               0x08000969   Thumb Code     6  stm32f10x_rcc.o(.text)
    RCC_RTCCLKConfig                         0x0800096f   Thumb Code    12  stm32f10x_rcc.o(.text)
    RCC_RTCCLKCmd                            0x0800097b   Thumb Code     8  stm32f10x_rcc.o(.text)
    RCC_GetClocksFreq                        0x08000983   Thumb Code   192  stm32f10x_rcc.o(.text)
    RCC_AHBPeriphClockCmd                    0x08000a43   Thumb Code    26  stm32f10x_rcc.o(.text)
    RCC_APB2PeriphClockCmd                   0x08000a5d   Thumb Code    26  stm32f10x_rcc.o(.text)
    RCC_APB1PeriphClockCmd                   0x08000a77   Thumb Code    26  stm32f10x_rcc.o(.text)
    RCC_APB2PeriphResetCmd                   0x08000a91   Thumb Code    26  stm32f10x_rcc.o(.text)
    RCC_APB1PeriphResetCmd                   0x08000aab   Thumb Code    26  stm32f10x_rcc.o(.text)
    RCC_BackupResetCmd                       0x08000ac5   Thumb Code     8  stm32f10x_rcc.o(.text)
    RCC_ClockSecuritySystemCmd               0x08000acd   Thumb Code     6  stm32f10x_rcc.o(.text)
    RCC_MCOConfig                            0x08000ad3   Thumb Code     6  stm32f10x_rcc.o(.text)
    RCC_ClearFlag                            0x08000ad9   Thumb Code    14  stm32f10x_rcc.o(.text)
    RCC_GetITStatus                          0x08000ae7   Thumb Code    20  stm32f10x_rcc.o(.text)
    RCC_ClearITPendingBit                    0x08000afb   Thumb Code     6  stm32f10x_rcc.o(.text)
    SPI_I2S_DeInit                           0x08000b25   Thumb Code    76  stm32f10x_spi.o(.text)
    SPI_Init                                 0x08000b71   Thumb Code    60  stm32f10x_spi.o(.text)
    I2S_Init                                 0x08000bad   Thumb Code   226  stm32f10x_spi.o(.text)
    SPI_StructInit                           0x08000c8f   Thumb Code    24  stm32f10x_spi.o(.text)
    I2S_StructInit                           0x08000ca7   Thumb Code    20  stm32f10x_spi.o(.text)
    SPI_Cmd                                  0x08000cbb   Thumb Code    24  stm32f10x_spi.o(.text)
    I2S_Cmd                                  0x08000cd3   Thumb Code    24  stm32f10x_spi.o(.text)
    SPI_I2S_ITConfig                         0x08000ceb   Thumb Code    32  stm32f10x_spi.o(.text)
    SPI_I2S_DMACmd                           0x08000d0b   Thumb Code    18  stm32f10x_spi.o(.text)
    SPI_I2S_SendData                         0x08000d1d   Thumb Code     4  stm32f10x_spi.o(.text)
    SPI_I2S_ReceiveData                      0x08000d21   Thumb Code     6  stm32f10x_spi.o(.text)
    SPI_NSSInternalSoftwareConfig            0x08000d27   Thumb Code    30  stm32f10x_spi.o(.text)
    SPI_SSOutputCmd                          0x08000d45   Thumb Code    24  stm32f10x_spi.o(.text)
    SPI_DataSizeConfig                       0x08000d5d   Thumb Code    18  stm32f10x_spi.o(.text)
    SPI_TransmitCRC                          0x08000d6f   Thumb Code    10  stm32f10x_spi.o(.text)
    SPI_CalculateCRC                         0x08000d79   Thumb Code    24  stm32f10x_spi.o(.text)
    SPI_GetCRC                               0x08000d91   Thumb Code    16  stm32f10x_spi.o(.text)
    SPI_GetCRCPolynomial                     0x08000da1   Thumb Code     6  stm32f10x_spi.o(.text)
    SPI_BiDirectionalLineConfig              0x08000da7   Thumb Code    28  stm32f10x_spi.o(.text)
    SPI_I2S_GetFlagStatus                    0x08000dc3   Thumb Code    18  stm32f10x_spi.o(.text)
    SPI_I2S_ClearFlag                        0x08000dd5   Thumb Code     6  stm32f10x_spi.o(.text)
    SPI_I2S_GetITStatus                      0x08000ddb   Thumb Code    52  stm32f10x_spi.o(.text)
    SPI_I2S_ClearITPendingBit                0x08000e0f   Thumb Code    20  stm32f10x_spi.o(.text)
    main                                     0x08000e31   Thumb Code    20  main.o(.text)
    NMI_Handler                              0x08000e45   Thumb Code     2  stm32f10x_it.o(.text)
    HardFault_Handler                        0x08000e47   Thumb Code     4  stm32f10x_it.o(.text)
    MemManage_Handler                        0x08000e4b   Thumb Code     4  stm32f10x_it.o(.text)
    BusFault_Handler                         0x08000e4f   Thumb Code     4  stm32f10x_it.o(.text)
    UsageFault_Handler                       0x08000e53   Thumb Code     4  stm32f10x_it.o(.text)
    SVC_Handler                              0x08000e57   Thumb Code     2  stm32f10x_it.o(.text)
    DebugMon_Handler                         0x08000e59   Thumb Code     2  stm32f10x_it.o(.text)
    PendSV_Handler                           0x08000e5b   Thumb Code     2  stm32f10x_it.o(.text)
    SysTick_Handler                          0x08000e5d   Thumb Code    12  stm32f10x_it.o(.text)
    USART1_IRQHandler                        0x08000e69   Thumb Code     2  stm32f10x_it.o(.text)
    DelayInit                                0x08000e6d   Thumb Code   116  delay.o(.text)
    DelayMs                                  0x08000ee1   Thumb Code    16  delay.o(.text)
    DelayS                                   0x08000ef1   Thumb Code    26  delay.o(.text)
    TimingDelay_Decrement                    0x08000f0b   Thumb Code    18  delay.o(.text)
    DriverInit                               0x08000f2d   Thumb Code    12  oled_config.o(.text)
    UpdateScreenBuffer                       0x08000f39   Thumb Code    10  oled_config.o(.text)
    UpdateTempBuffer                         0x08000f43   Thumb Code    10  oled_config.o(.text)
    OledTimeMsFunc                           0x08000f4d   Thumb Code    18  oled_config.o(.text)
    SPI_Configuration                        0x08000f6d   Thumb Code   266  oled_driver.o(.text)
    SPI_WriterByte                           0x08001077   Thumb Code    48  oled_driver.o(.text)
    WriteCmd                                 0x080010a7   Thumb Code    52  oled_driver.o(.text)
    WriteDat                                 0x080010db   Thumb Code    52  oled_driver.o(.text)
    OLED_FILL                                0x0800110f   Thumb Code    66  oled_driver.o(.text)
    OLED_CLS                                 0x08001151   Thumb Code    56  oled_driver.o(.text)
    OLED_Init                                0x08001189   Thumb Code   176  oled_driver.o(.text)
    OLED_ON                                  0x08001239   Thumb Code    22  oled_driver.o(.text)
    OLED_OFF                                 0x0800124f   Thumb Code    22  oled_driver.o(.text)
    InitGraph                                0x0800126d   Thumb Code     8  oled_basic.o(.text)
    ClearScreen                              0x08001275   Thumb Code    10  oled_basic.o(.text)
    UpdateScreen                             0x0800127f   Thumb Code     8  oled_basic.o(.text)
    FillByte                                 0x08001287   Thumb Code    66  oled_basic.o(.text)
    FillRect                                 0x080012c9   Thumb Code   264  oled_basic.o(.text)
    FillVerticalLine                         0x080013d1   Thumb Code   218  oled_basic.o(.text)
    mySqrt                                   0x080014ab   Thumb Code    66  oled_basic.o(.text)
    sqrt_16                                  0x080014ed   Thumb Code    64  oled_basic.o(.text)
    SetAngle                                 0x080016b1   Thumb Code    62  oled_basic.o(.text)
    SetAnggleDir                             0x080016ef   Thumb Code     6  oled_basic.o(.text)
    SetRotateCenter                          0x080016f5   Thumb Code     8  oled_basic.o(.text)
    SetRotateValue                           0x080016fd   Thumb Code    36  oled_basic.o(.text)
    GetRotateXY                              0x08001721   Thumb Code   102  oled_basic.o(.text)
    FloodFill                                0x08001787   Thumb Code    98  oled_basic.o(.text)
    GetLengthUp                              0x080017e9   Thumb Code    48  oled_basic.o(.text)
    GetLengthDown                            0x08001819   Thumb Code    50  oled_basic.o(.text)
    FloodFill2                               0x0800184b   Thumb Code   150  oled_basic.o(.text)
    pgm_read_byte                            0x080018e1   Thumb Code     6  oled_basic.o(.text)
    oled_pow                                 0x080018e7   Thumb Code    22  oled_basic.o(.text)
    FrameRateUpdateScreen                    0x080018fd   Thumb Code    38  oled_basic.o(.text)
    WaitTimeMs                               0x08001923   Thumb Code    16  oled_basic.o(.text)
    UpdateScreenPiece                        0x08001933   Thumb Code     2  oled_basic.o(.text)
    SetDrawColor                             0x08001939   Thumb Code     6  oled_color.o(.text)
    GetDrawColor                             0x0800193f   Thumb Code     6  oled_color.o(.text)
    SetFillcolor                             0x08001945   Thumb Code     6  oled_color.o(.text)
    GetFillColor                             0x0800194b   Thumb Code     6  oled_color.o(.text)
    SetTempBuffer                            0x08001959   Thumb Code     8  oled_buffer.o(.text)
    SetScreenBuffer                          0x08001961   Thumb Code     8  oled_buffer.o(.text)
    GetSelectedBuffer                        0x08001969   Thumb Code     6  oled_buffer.o(.text)
    ReadByteBuffer                           0x0800196f   Thumb Code    28  oled_buffer.o(.text)
    WriteByteBuffer                          0x0800198b   Thumb Code    26  oled_buffer.o(.text)
    SetPointBuffer                           0x080019a5   Thumb Code   252  oled_buffer.o(.text)
    GetPointBuffer                           0x08001aa1   Thumb Code   102  oled_buffer.o(.text)
    UpdateScreenDisplay                      0x08001b07   Thumb Code     8  oled_buffer.o(.text)
    ClearScreenBuffer                        0x08001b0f   Thumb Code    18  oled_buffer.o(.text)
    ClearTempBuffer                          0x08001b21   Thumb Code    14  oled_buffer.o(.text)
    TempBufferFunc                           0x08001b2f   Thumb Code   142  oled_buffer.o(.text)
    __aeabi_memcpy                           0x08001bc9   Thumb Code    36  memcpya.o(.text)
    __aeabi_memcpy4                          0x08001bc9   Thumb Code     0  memcpya.o(.text)
    __aeabi_memcpy8                          0x08001bc9   Thumb Code     0  memcpya.o(.text)
    __aeabi_memset                           0x08001bed   Thumb Code    14  memseta.o(.text)
    __aeabi_memset4                          0x08001bed   Thumb Code     0  memseta.o(.text)
    __aeabi_memset8                          0x08001bed   Thumb Code     0  memseta.o(.text)
    __aeabi_memclr                           0x08001bfb   Thumb Code     4  memseta.o(.text)
    __aeabi_memclr4                          0x08001bfb   Thumb Code     0  memseta.o(.text)
    __aeabi_memclr8                          0x08001bfb   Thumb Code     0  memseta.o(.text)
    _memset$wrapper                          0x08001bff   Thumb Code    18  memseta.o(.text)
    __aeabi_fadd                             0x08001c11   Thumb Code   164  fadd.o(.text)
    __aeabi_fsub                             0x08001cb5   Thumb Code     6  fadd.o(.text)
    __aeabi_frsub                            0x08001cbb   Thumb Code     6  fadd.o(.text)
    __aeabi_fdiv                             0x08001cc1   Thumb Code   124  fdiv.o(.text)
    __aeabi_dadd                             0x08001d3d   Thumb Code   322  dadd.o(.text)
    __aeabi_dsub                             0x08001e7f   Thumb Code     6  dadd.o(.text)
    __aeabi_drsub                            0x08001e85   Thumb Code     6  dadd.o(.text)
    __aeabi_dmul                             0x08001e8b   Thumb Code   228  dmul.o(.text)
    __aeabi_ddiv                             0x08001f6f   Thumb Code   222  ddiv.o(.text)
    __aeabi_i2f                              0x0800204d   Thumb Code    18  fflti.o(.text)
    __aeabi_i2d                              0x0800205f   Thumb Code    34  dflti.o(.text)
    __aeabi_ui2d                             0x08002081   Thumb Code    26  dfltui.o(.text)
    __aeabi_d2iz                             0x0800209b   Thumb Code    62  dfixi.o(.text)
    __aeabi_f2d                              0x080020d9   Thumb Code    38  f2d.o(.text)
    __aeabi_d2f                              0x080020ff   Thumb Code    56  d2f.o(.text)
    __aeabi_cfcmpeq                          0x08002139   Thumb Code     0  cfcmple.o(.text)
    __aeabi_cfcmple                          0x08002139   Thumb Code    20  cfcmple.o(.text)
    __aeabi_llsl                             0x0800214d   Thumb Code    30  llshl.o(.text)
    _ll_shift_l                              0x0800214d   Thumb Code     0  llshl.o(.text)
    __aeabi_llsr                             0x0800216b   Thumb Code    32  llushr.o(.text)
    _ll_ushift_r                             0x0800216b   Thumb Code     0  llushr.o(.text)
    __aeabi_lasr                             0x0800218b   Thumb Code    36  llsshr.o(.text)
    _ll_sshift_r                             0x0800218b   Thumb Code     0  llsshr.o(.text)
    __I$use$fp                               0x080021af   Thumb Code     0  iusefp.o(.text)
    _float_round                             0x080021af   Thumb Code    18  fepilogue.o(.text)
    _float_epilogue                          0x080021c1   Thumb Code    92  fepilogue.o(.text)
    _double_round                            0x0800221d   Thumb Code    30  depilogue.o(.text)
    _double_epilogue                         0x0800223b   Thumb Code   156  depilogue.o(.text)
    __scatterload                            0x080022d9   Thumb Code    28  init.o(.text)
    __scatterload_rt2                        0x080022d9   Thumb Code     0  init.o(.text)
    __ARM_scalbn                             0x080022fd   Thumb Code    46  dscalb.o(.text)
    scalbn                                   0x080022fd   Thumb Code     0  dscalb.o(.text)
    __ARM_fpclassify                         0x0800232b   Thumb Code    40  fpclassify.o(i.__ARM_fpclassify)
    __ieee754_rem_pio2                       0x08002355   Thumb Code   828  rred.o(i.__ieee754_rem_pio2)
    __kernel_cos                             0x080026dd   Thumb Code   230  cos_i.o(i.__kernel_cos)
    __kernel_poly                            0x080027d9   Thumb Code   170  poly.o(i.__kernel_poly)
    __kernel_sin                             0x08002885   Thumb Code   224  sin_i.o(i.__kernel_sin)
    __mathlib_dbl_infnan                     0x08002971   Thumb Code     6  dunder.o(i.__mathlib_dbl_infnan)
    __mathlib_dbl_infnan2                    0x08002977   Thumb Code     4  dunder.o(i.__mathlib_dbl_infnan2)
    __mathlib_dbl_invalid                    0x0800297b   Thumb Code    12  dunder.o(i.__mathlib_dbl_invalid)
    __mathlib_dbl_underflow                  0x08002989   Thumb Code    10  dunder.o(i.__mathlib_dbl_underflow)
    __scatterload_copy                       0x08002999   Thumb Code    14  handlers.o(i.__scatterload_copy)
    __scatterload_null                       0x080029a7   Thumb Code     2  handlers.o(i.__scatterload_null)
    __scatterload_zeroinit                   0x080029a9   Thumb Code    14  handlers.o(i.__scatterload_zeroinit)
    __set_errno                              0x080029b9   Thumb Code     6  errno.o(i.__set_errno)
    atan                                     0x080029c5   Thumb Code   474  atan.o(i.atan)
    atan2                                    0x08002be5   Thumb Code   346  atan2.o(i.atan2)
    cos                                      0x08002d65   Thumb Code   148  cos.o(i.cos)
    sin                                      0x08002e01   Thumb Code   150  sin.o(i.sin)
    __mathlib_zero                           0x08002f68   Data           8  qnan.o(.constdata)
    Region$$Table$$Base                      0x08003060   Number         0  anon$$obj.o(Region$$Table)
    Region$$Table$$Limit                     0x08003080   Number         0  anon$$obj.o(Region$$Table)
    SystemCoreClock                          0x20000000   Data           4  system_stm32f10x.o(.data)
    AHBPrescTable                            0x20000004   Data          16  system_stm32f10x.o(.data)
    OledTimeMs                               0x2000002c   Data           4  oled_config.o(.data)
    _RoateValue                              0x20000030   Data          16  oled_basic.o(.data)
    ScreenBuffer                             0x20000050   Data        1024  oled_buffer.o(.bss)
    TempBuffer                               0x20000450   Data        1024  oled_buffer.o(.bss)
    __initial_sp                             0x20000c50   Data           0  startup_stm32f10x_hd.o(STACK)



==============================================================================

Memory Map of the image

  Image Entry point : 0x08000131

  Load Region LR_IROM1 (Base: 0x08000000, Size: 0x000030d0, Max: 0x00040000, ABSOLUTE)

    Execution Region ER_IROM1 (Exec base: 0x08000000, Load base: 0x08000000, Size: 0x00003080, Max: 0x00040000, ABSOLUTE)

    Exec Addr    Load Addr    Size         Type   Attr      Idx    E Section Name        Object

    0x08000000   0x08000000   0x00000130   Data   RO            3    RESET               startup_stm32f10x_hd.o
    0x08000130   0x08000130   0x00000000   Code   RO          719  * .ARM.Collect$$$$00000000  mc_w.l(entry.o)
    0x08000130   0x08000130   0x00000004   Code   RO          798    .ARM.Collect$$$$00000001  mc_w.l(entry2.o)
    0x08000134   0x08000134   0x00000004   Code   RO          801    .ARM.Collect$$$$00000004  mc_w.l(entry5.o)
    0x08000138   0x08000138   0x00000000   Code   RO          803    .ARM.Collect$$$$00000008  mc_w.l(entry7b.o)
    0x08000138   0x08000138   0x00000000   Code   RO          805    .ARM.Collect$$$$0000000A  mc_w.l(entry8b.o)
    0x08000138   0x08000138   0x00000008   Code   RO          806    .ARM.Collect$$$$0000000B  mc_w.l(entry9a.o)
    0x08000140   0x08000140   0x00000000   Code   RO          808    .ARM.Collect$$$$0000000D  mc_w.l(entry10a.o)
    0x08000140   0x08000140   0x00000000   Code   RO          810    .ARM.Collect$$$$0000000F  mc_w.l(entry11a.o)
    0x08000140   0x08000140   0x00000004   Code   RO          799    .ARM.Collect$$$$00002712  mc_w.l(entry2.o)
    0x08000144   0x08000144   0x00000024   Code   RO            4    .text               startup_stm32f10x_hd.o
    0x08000168   0x08000168   0x000001e0   Code   RO           24    .text               system_stm32f10x.o
    0x08000348   0x08000348   0x000000dc   Code   RO          121    .text               misc.o
    0x08000424   0x08000424   0x0000035c   Code   RO          269    .text               stm32f10x_gpio.o
    0x08000780   0x08000780   0x000003a4   Code   RO          317    .text               stm32f10x_rcc.o
    0x08000b24   0x08000b24   0x0000030c   Code   RO          355    .text               stm32f10x_spi.o
    0x08000e30   0x08000e30   0x00000014   Code   RO          403    .text               main.o
    0x08000e44   0x08000e44   0x00000026   Code   RO          460    .text               stm32f10x_it.o
    0x08000e6a   0x08000e6a   0x00000002   PAD
    0x08000e6c   0x08000e6c   0x000000c0   Code   RO          475    .text               delay.o
    0x08000f2c   0x08000f2c   0x00000040   Code   RO          505    .text               oled_config.o
    0x08000f6c   0x08000f6c   0x00000300   Code   RO          521    .text               oled_driver.o
    0x0800126c   0x0800126c   0x000006cc   Code   RO          555    .text               oled_basic.o
    0x08001938   0x08001938   0x00000020   Code   RO          571    .text               oled_color.o
    0x08001958   0x08001958   0x00000270   Code   RO          585    .text               oled_buffer.o
    0x08001bc8   0x08001bc8   0x00000024   Code   RO          725    .text               mc_w.l(memcpya.o)
    0x08001bec   0x08001bec   0x00000024   Code   RO          727    .text               mc_w.l(memseta.o)
    0x08001c10   0x08001c10   0x000000b0   Code   RO          733    .text               mf_w.l(fadd.o)
    0x08001cc0   0x08001cc0   0x0000007c   Code   RO          735    .text               mf_w.l(fdiv.o)
    0x08001d3c   0x08001d3c   0x0000014e   Code   RO          737    .text               mf_w.l(dadd.o)
    0x08001e8a   0x08001e8a   0x000000e4   Code   RO          739    .text               mf_w.l(dmul.o)
    0x08001f6e   0x08001f6e   0x000000de   Code   RO          741    .text               mf_w.l(ddiv.o)
    0x0800204c   0x0800204c   0x00000012   Code   RO          743    .text               mf_w.l(fflti.o)
    0x0800205e   0x0800205e   0x00000022   Code   RO          745    .text               mf_w.l(dflti.o)
    0x08002080   0x08002080   0x0000001a   Code   RO          747    .text               mf_w.l(dfltui.o)
    0x0800209a   0x0800209a   0x0000003e   Code   RO          749    .text               mf_w.l(dfixi.o)
    0x080020d8   0x080020d8   0x00000026   Code   RO          751    .text               mf_w.l(f2d.o)
    0x080020fe   0x080020fe   0x00000038   Code   RO          753    .text               mf_w.l(d2f.o)
    0x08002136   0x08002136   0x00000002   PAD
    0x08002138   0x08002138   0x00000014   Code   RO          755    .text               mf_w.l(cfcmple.o)
    0x0800214c   0x0800214c   0x0000001e   Code   RO          812    .text               mc_w.l(llshl.o)
    0x0800216a   0x0800216a   0x00000020   Code   RO          814    .text               mc_w.l(llushr.o)
    0x0800218a   0x0800218a   0x00000024   Code   RO          816    .text               mc_w.l(llsshr.o)
    0x080021ae   0x080021ae   0x00000000   Code   RO          825    .text               mc_w.l(iusefp.o)
    0x080021ae   0x080021ae   0x0000006e   Code   RO          826    .text               mf_w.l(fepilogue.o)
    0x0800221c   0x0800221c   0x000000ba   Code   RO          828    .text               mf_w.l(depilogue.o)
    0x080022d6   0x080022d6   0x00000002   PAD
    0x080022d8   0x080022d8   0x00000024   Code   RO          834    .text               mc_w.l(init.o)
    0x080022fc   0x080022fc   0x0000002e   Code   RO          836    .text               mf_w.l(dscalb.o)
    0x0800232a   0x0800232a   0x00000028   Code   RO          830    i.__ARM_fpclassify  m_ws.l(fpclassify.o)
    0x08002352   0x08002352   0x00000002   PAD
    0x08002354   0x08002354   0x00000388   Code   RO          787    i.__ieee754_rem_pio2  m_ws.l(rred.o)
    0x080026dc   0x080026dc   0x000000fc   Code   RO          769    i.__kernel_cos      m_ws.l(cos_i.o)
    0x080027d8   0x080027d8   0x000000aa   Code   RO          832    i.__kernel_poly     m_ws.l(poly.o)
    0x08002882   0x08002882   0x00000002   PAD
    0x08002884   0x08002884   0x000000ec   Code   RO          792    i.__kernel_sin      m_ws.l(sin_i.o)
    0x08002970   0x08002970   0x00000006   Code   RO          773    i.__mathlib_dbl_infnan  m_ws.l(dunder.o)
    0x08002976   0x08002976   0x00000004   Code   RO          774    i.__mathlib_dbl_infnan2  m_ws.l(dunder.o)
    0x0800297a   0x0800297a   0x0000000c   Code   RO          775    i.__mathlib_dbl_invalid  m_ws.l(dunder.o)
    0x08002986   0x08002986   0x00000002   PAD
    0x08002988   0x08002988   0x00000010   Code   RO          778    i.__mathlib_dbl_underflow  m_ws.l(dunder.o)
    0x08002998   0x08002998   0x0000000e   Code   RO          840    i.__scatterload_copy  mc_w.l(handlers.o)
    0x080029a6   0x080029a6   0x00000002   Code   RO          841    i.__scatterload_null  mc_w.l(handlers.o)
    0x080029a8   0x080029a8   0x0000000e   Code   RO          842    i.__scatterload_zeroinit  mc_w.l(handlers.o)
    0x080029b6   0x080029b6   0x00000002   PAD
    0x080029b8   0x080029b8   0x0000000c   Code   RO          820    i.__set_errno       mc_w.l(errno.o)
    0x080029c4   0x080029c4   0x00000220   Code   RO          760    i.atan              m_ws.l(atan.o)
    0x08002be4   0x08002be4   0x00000180   Code   RO          696    i.atan2             m_ws.l(atan2.o)
    0x08002d64   0x08002d64   0x0000009c   Code   RO          704    i.cos               m_ws.l(cos.o)
    0x08002e00   0x08002e00   0x000000a0   Code   RO          712    i.sin               m_ws.l(sin.o)
    0x08002ea0   0x08002ea0   0x00000098   Data   RO          761    .constdata          m_ws.l(atan.o)
    0x08002f38   0x08002f38   0x00000030   Data   RO          770    .constdata          m_ws.l(cos_i.o)
    0x08002f68   0x08002f68   0x00000008   Data   RO          786    .constdata          m_ws.l(qnan.o)
    0x08002f70   0x08002f70   0x000000c8   Data   RO          789    .constdata          m_ws.l(rred.o)
    0x08003038   0x08003038   0x00000028   Data   RO          793    .constdata          m_ws.l(sin_i.o)
    0x08003060   0x08003060   0x00000020   Data   RO          838    Region$$Table       anon$$obj.o


    Execution Region RW_IRAM1 (Exec base: 0x20000000, Load base: 0x08003080, Size: 0x00000c50, Max: 0x0000c000, ABSOLUTE)

    Exec Addr    Load Addr    Size         Type   Attr      Idx    E Section Name        Object

    0x20000000   0x08003080   0x00000014   Data   RW           25    .data               system_stm32f10x.o
    0x20000014   0x08003094   0x00000014   Data   RW          318    .data               stm32f10x_rcc.o
    0x20000028   0x080030a8   0x00000004   Data   RW          476    .data               delay.o
    0x2000002c   0x080030ac   0x00000004   Data   RW          506    .data               oled_config.o
    0x20000030   0x080030b0   0x00000018   Data   RW          556    .data               oled_basic.o
    0x20000048   0x080030c8   0x00000002   Data   RW          572    .data               oled_color.o
    0x2000004a   0x080030ca   0x00000001   Data   RW          587    .data               oled_buffer.o
    0x2000004b   0x080030cb   0x00000001   PAD
    0x2000004c   0x080030cc   0x00000004   Data   RW          821    .data               mc_w.l(errno.o)
    0x20000050        -       0x00000800   Zero   RW          586    .bss                oled_buffer.o
    0x20000850        -       0x00000400   Zero   RW            1    STACK               startup_stm32f10x_hd.o


==============================================================================

Image component sizes


      Code (inc. data)   RO Data    RW Data    ZI Data      Debug   Object Name

         0          0          0          0          0       4508   core_cm3.o
       192         16          0          4          0      16804   delay.o
        20          0          0          0          0       1495   main.o
       220         22          0          0          0       1777   misc.o
      1740         32          0         24          0       7596   oled_basic.o
       624         12          0          1       2048       3338   oled_buffer.o
        32          8          0          2          0       1090   oled_color.o
        64         14          0          4          0       1105   oled_config.o
       768          8          0          0          0       2143   oled_driver.o
        36          8        304          0       1024        864   startup_stm32f10x_hd.o
       860         38          0          0          0       5709   stm32f10x_gpio.o
        38          0          0          0          0       1392   stm32f10x_it.o
       932         36          0         20          0       8880   stm32f10x_rcc.o
       780         14          0          0          0       6590   stm32f10x_spi.o
       480         38          0         20          0     230703   system_stm32f10x.o

    ----------------------------------------------------------------------
      6788        246        336         76       3072     293994   Object Totals
         0          0         32          0          0          0   (incl. Generated)
         2          0          0          1          0          0   (incl. Padding)

    ----------------------------------------------------------------------

      Code (inc. data)   RO Data    RW Data    ZI Data      Debug   Library Member Name

       544         70        152          0          0        124   atan.o
       384         38          0          0          0        144   atan2.o
       156          8          0          0          0        104   cos.o
       252         22         48          0          0        124   cos_i.o
        38          6          0          0          0        272   dunder.o
        40          0          0          0          0         68   fpclassify.o
       170          0          0          0          0         96   poly.o
         0          0          8          0          0          0   qnan.o
       904         76        200          0          0        140   rred.o
       160         10          0          0          0        108   sin.o
       236         12         40          0          0        128   sin_i.o
         0          0          0          0          0          0   entry.o
         0          0          0          0          0          0   entry10a.o
         0          0          0          0          0          0   entry11a.o
         8          4          0          0          0          0   entry2.o
         4          0          0          0          0          0   entry5.o
         0          0          0          0          0          0   entry7b.o
         0          0          0          0          0          0   entry8b.o
         8          4          0          0          0          0   entry9a.o
        12          6          0          4          0         68   errno.o
        30          0          0          0          0          0   handlers.o
        36          8          0          0          0         68   init.o
         0          0          0          0          0          0   iusefp.o
        30          0          0          0          0         68   llshl.o
        36          0          0          0          0         68   llsshr.o
        32          0          0          0          0         68   llushr.o
        36          0          0          0          0         68   memcpya.o
        36          0          0          0          0        108   memseta.o
        20          0          0          0          0         68   cfcmple.o
        56          0          0          0          0         88   d2f.o
       334          0          0          0          0        148   dadd.o
       222          0          0          0          0        100   ddiv.o
       186          0          0          0          0        176   depilogue.o
        62          0          0          0          0         80   dfixi.o
        34          0          0          0          0         76   dflti.o
        26          0          0          0          0         76   dfltui.o
       228          0          0          0          0         96   dmul.o
        46          0          0          0          0         80   dscalb.o
        38          0          0          0          0         68   f2d.o
       176          0          0          0          0        140   fadd.o
       124          0          0          0          0         88   fdiv.o
       110          0          0          0          0        168   fepilogue.o
        18          0          0          0          0         68   fflti.o

    ----------------------------------------------------------------------
      4844        264        448          4          0       3344   Library Totals
        12          0          0          0          0          0   (incl. Padding)

    ----------------------------------------------------------------------

      Code (inc. data)   RO Data    RW Data    ZI Data      Debug   Library Name

      2884        242        448          0          0       1308   m_ws.l
       268         22          0          4          0        516   mc_w.l
      1680          0          0          0          0       1520   mf_w.l

    ----------------------------------------------------------------------
      4844        264        448          4          0       3344   Library Totals

    ----------------------------------------------------------------------

==============================================================================


      Code (inc. data)   RO Data    RW Data    ZI Data      Debug   

     11632        510        784         80       3072     294474   Grand Totals
     11632        510        784         80       3072     294474   ELF Image Totals
     11632        510        784         80          0          0   ROM Totals

==============================================================================

    Total RO  Size (Code + RO Data)                12416 (  12.13kB)
    Total RW  Size (RW Data + ZI Data)              3152 (   3.08kB)
    Total ROM Size (Code + RO Data + RW Data)      12496 (  12.20kB)

==============================================================================

