Component: ARM Compiler 5.06 update 6 (build 750) Tool: armlink [4d35ed]

==============================================================================

Section Cross References

    main.o(i.main) refers to delay.o(i.delay_init) for delay_init
    main.o(i.main) refers to sys.o(i.JTAG_Set) for JTAG_Set
    main.o(i.main) refers to misc.o(i.NVIC_PriorityGroupConfig) for NVIC_PriorityGroupConfig
    main.o(i.main) refers to usart.o(i.uart_init) for uart_init
    main.o(i.main) refers to led.o(i.LED_Init) for LED_Init
    main.o(i.main) refers to oled.o(i.OLED_Init) for OLED_Init
    main.o(i.main) refers to 24l01.o(i.NRF24L01_Init) for NRF24L01_Init
    main.o(i.main) refers to adc.o(i.Adc_Init) for Adc_Init
    main.o(i.main) refers to exti.o(i.KEY_EXTIX_Init) for KEY_EXTIX_Init
    main.o(i.main) refers to timer.o(i.TIM3_Int_Init) for TIM3_Int_Init
    main.o(i.main) refers to display.o(i.Detection_Hardware_Drive) for Detection_Hardware_Drive
    main.o(i.main) refers to display.o(i.Main_Interface_APP) for Main_Interface_APP
    main.o(i.main) refers to display.o(i.Menu_Interface_APP) for Menu_Interface_APP
    main.o(i.main) refers to display.o(i.Function_Menu_APP) for Function_Menu_APP
    main.o(i.main) refers to display.o(.data) for Mark_Sign
    system_stm32f10x.o(i.SetSysClock) refers to system_stm32f10x.o(i.SetSysClockTo72) for SetSysClockTo72
    system_stm32f10x.o(i.SystemCoreClockUpdate) refers to system_stm32f10x.o(.data) for SystemCoreClock
    system_stm32f10x.o(i.SystemInit) refers to system_stm32f10x.o(i.SetSysClock) for SetSysClock
    led.o(i.LED_Init) refers to stm32f10x_rcc.o(i.RCC_APB2PeriphClockCmd) for RCC_APB2PeriphClockCmd
    led.o(i.LED_Init) refers to stm32f10x_gpio.o(i.GPIO_Init) for GPIO_Init
    led.o(i.LED_Init) refers to stm32f10x_gpio.o(i.GPIO_SetBits) for GPIO_SetBits
    oled.o(i.Draw_BMP) refers to oled.o(i.OLED_Set_Pos) for OLED_Set_Pos
    oled.o(i.Draw_BMP) refers to oled.o(i.OLED_WR_Byte) for OLED_WR_Byte
    oled.o(i.OLED_Clear) refers to delay.o(i.delay_ms) for delay_ms
    oled.o(i.OLED_Clear) refers to oled.o(i.OLED_WR_Byte) for OLED_WR_Byte
    oled.o(i.OLED_Clear1) refers to oled.o(i.OLED_WR_Byte) for OLED_WR_Byte
    oled.o(i.OLED_Clear2) refers to oled.o(i.OLED_WR_Byte) for OLED_WR_Byte
    oled.o(i.OLED_Clear3) refers to oled.o(i.OLED_WR_Byte) for OLED_WR_Byte
    oled.o(i.OLED_Clear4) refers to oled.o(i.OLED_WR_Byte) for OLED_WR_Byte
    oled.o(i.OLED_Display_Off) refers to oled.o(i.OLED_WR_Byte) for OLED_WR_Byte
    oled.o(i.OLED_Display_On) refers to oled.o(i.OLED_WR_Byte) for OLED_WR_Byte
    oled.o(i.OLED_DrawBMP) refers to oled.o(i.OLED_Set_Pos) for OLED_Set_Pos
    oled.o(i.OLED_DrawBMP) refers to oled.o(i.OLED_WR_Byte) for OLED_WR_Byte
    oled.o(i.OLED_DrawCircle) refers to oled.o(i.OLED_DrawPoint) for OLED_DrawPoint
    oled.o(i.OLED_DrawFillCircle) refers to oled.o(i.OLED_DrawLine) for OLED_DrawLine
    oled.o(i.OLED_DrawHand) refers to dflt_clz.o(x$fpl$dfltu) for __aeabi_ui2d
    oled.o(i.OLED_DrawHand) refers to dflt_clz.o(x$fpl$dflt) for __aeabi_i2d
    oled.o(i.OLED_DrawHand) refers to dmul.o(x$fpl$dmul) for __aeabi_dmul
    oled.o(i.OLED_DrawHand) refers to ddiv.o(x$fpl$ddiv) for __aeabi_ddiv
    oled.o(i.OLED_DrawHand) refers to daddsub_clz.o(x$fpl$dsub) for __aeabi_dsub
    oled.o(i.OLED_DrawHand) refers to sin.o(i.sin) for sin
    oled.o(i.OLED_DrawHand) refers to daddsub_clz.o(x$fpl$dadd) for __aeabi_dadd
    oled.o(i.OLED_DrawHand) refers to dfixu.o(x$fpl$dfixu) for __aeabi_d2uiz
    oled.o(i.OLED_DrawHand) refers to cos.o(i.cos) for cos
    oled.o(i.OLED_DrawHand) refers to oled.o(i.OLED_DrawLine) for OLED_DrawLine
    oled.o(i.OLED_DrawLine) refers to oled.o(i.OLED_DrawPoint) for OLED_DrawPoint
    oled.o(i.OLED_DrawPoint) refers to oled.o(.bss) for OLED_GRAM
    oled.o(i.OLED_Fill) refers to oled.o(i.OLED_DrawPoint) for OLED_DrawPoint
    oled.o(i.OLED_Fill) refers to oled.o(i.OLED_Refresh_Gram) for OLED_Refresh_Gram
    oled.o(i.OLED_Init) refers to stm32f10x_rcc.o(i.RCC_APB2PeriphClockCmd) for RCC_APB2PeriphClockCmd
    oled.o(i.OLED_Init) refers to stm32f10x_gpio.o(i.GPIO_Init) for GPIO_Init
    oled.o(i.OLED_Init) refers to stm32f10x_gpio.o(i.GPIO_SetBits) for GPIO_SetBits
    oled.o(i.OLED_Init) refers to delay.o(i.delay_ms) for delay_ms
    oled.o(i.OLED_Init) refers to stm32f10x_gpio.o(i.GPIO_ResetBits) for GPIO_ResetBits
    oled.o(i.OLED_Init) refers to oled.o(i.OLED_WR_Byte) for OLED_WR_Byte
    oled.o(i.OLED_Init) refers to oled.o(i.OLED_Clear) for OLED_Clear
    oled.o(i.OLED_Init) refers to oled.o(i.OLED_Set_Pos) for OLED_Set_Pos
    oled.o(i.OLED_P128x32Ch) refers to oled.o(i.OLED_Set_Pos) for OLED_Set_Pos
    oled.o(i.OLED_P128x32Ch) refers to oled.o(i.OLED_WR_Byte) for OLED_WR_Byte
    oled.o(i.OLED_P128x32Ch) refers to oled.o(.constdata) for F128x32
    oled.o(i.OLED_P16x16Ch) refers to oled.o(i.OLED_Set_Pos) for OLED_Set_Pos
    oled.o(i.OLED_P16x16Ch) refers to oled.o(i.OLED_WR_Byte) for OLED_WR_Byte
[...]
    Removing stm32f10x_adc.o(i.ADC_DiscModeCmd), (22 bytes).
    Removing stm32f10x_adc.o(i.ADC_ExternalTrigConvCmd), (22 bytes).
    Removing stm32f10x_adc.o(i.ADC_ExternalTrigInjectedConvCmd), (22 bytes).
    Removing stm32f10x_adc.o(i.ADC_ExternalTrigInjectedConvConfig), (16 bytes).
    Removing stm32f10x_adc.o(i.ADC_GetDualModeConversionValue), (12 bytes).
    Removing stm32f10x_adc.o(i.ADC_GetITStatus), (36 bytes).
    Removing stm32f10x_adc.o(i.ADC_GetInjectedConversionValue), (28 bytes).
    Removing stm32f10x_adc.o(i.ADC_GetSoftwareStartConvStatus), (20 bytes).
    Removing stm32f10x_adc.o(i.ADC_GetSoftwareStartInjectedConvCmdStatus), (20 bytes).
    Removing stm32f10x_adc.o(i.ADC_ITConfig), (24 bytes).
    Removing stm32f10x_adc.o(i.ADC_InjectedChannelConfig), (130 bytes).
    Removing stm32f10x_adc.o(i.ADC_InjectedDiscModeCmd), (22 bytes).
    Removing stm32f10x_adc.o(i.ADC_InjectedSequencerLengthConfig), (24 bytes).
    Removing stm32f10x_adc.o(i.ADC_SetInjectedOffset), (20 bytes).
    Removing stm32f10x_adc.o(i.ADC_SoftwareStartInjectedConvCmd), (22 bytes).
    Removing stm32f10x_adc.o(i.ADC_StructInit), (18 bytes).
    Removing stm32f10x_adc.o(i.ADC_TempSensorVrefintCmd), (36 bytes).
    Removing stm32f10x_spi.o(i.I2S_Cmd), (24 bytes).
    Removing stm32f10x_spi.o(i.I2S_Init), (232 bytes).
    Removing stm32f10x_spi.o(i.I2S_StructInit), (20 bytes).
    Removing stm32f10x_spi.o(i.SPI_BiDirectionalLineConfig), (28 bytes).
    Removing stm32f10x_spi.o(i.SPI_CalculateCRC), (24 bytes).
    Removing stm32f10x_spi.o(i.SPI_DataSizeConfig), (18 bytes).
    Removing stm32f10x_spi.o(i.SPI_GetCRC), (16 bytes).
    Removing stm32f10x_spi.o(i.SPI_GetCRCPolynomial), (6 bytes).
    Removing stm32f10x_spi.o(i.SPI_I2S_ClearFlag), (6 bytes).
    Removing stm32f10x_spi.o(i.SPI_I2S_ClearITPendingBit), (20 bytes).
    Removing stm32f10x_spi.o(i.SPI_I2S_DMACmd), (18 bytes).
    Removing stm32f10x_spi.o(i.SPI_I2S_DeInit), (88 bytes).
    Removing stm32f10x_spi.o(i.SPI_I2S_GetITStatus), (52 bytes).
    Removing stm32f10x_spi.o(i.SPI_I2S_ITConfig), (32 bytes).
    Removing stm32f10x_spi.o(i.SPI_NSSInternalSoftwareConfig), (30 bytes).
    Removing stm32f10x_spi.o(i.SPI_SSOutputCmd), (24 bytes).
    Removing stm32f10x_spi.o(i.SPI_StructInit), (24 bytes).
    Removing stm32f10x_spi.o(i.SPI_TransmitCRC), (10 bytes).
    Removing stm32f10x_exti.o(i.EXTI_ClearFlag), (12 bytes).
    Removing stm32f10x_exti.o(i.EXTI_DeInit), (36 bytes).
    Removing stm32f10x_exti.o(i.EXTI_GenerateSWInterrupt), (16 bytes).
    Removing stm32f10x_exti.o(i.EXTI_GetFlagStatus), (24 bytes).
    Removing stm32f10x_exti.o(i.EXTI_GetITStatus), (40 bytes).
    Removing stm32f10x_exti.o(i.EXTI_StructInit), (16 bytes).
    Removing stm32f10x_tim.o(i.TI1_Config), (128 bytes).
    Removing stm32f10x_tim.o(i.TI2_Config), (152 bytes).
    Removing stm32f10x_tim.o(i.TI3_Config), (144 bytes).
    Removing stm32f10x_tim.o(i.TI4_Config), (152 bytes).
    Removing stm32f10x_tim.o(i.TIM_ARRPreloadConfig), (24 bytes).
    Removing stm32f10x_tim.o(i.TIM_BDTRConfig), (32 bytes).
    Removing stm32f10x_tim.o(i.TIM_BDTRStructInit), (18 bytes).
    Removing stm32f10x_tim.o(i.TIM_CCPreloadControl), (24 bytes).
    Removing stm32f10x_tim.o(i.TIM_CCxCmd), (30 bytes).
    Removing stm32f10x_tim.o(i.TIM_CCxNCmd), (30 bytes).
    Removing stm32f10x_tim.o(i.TIM_ClearFlag), (6 bytes).
    Removing stm32f10x_tim.o(i.TIM_ClearOC1Ref), (18 bytes).
    Removing stm32f10x_tim.o(i.TIM_ClearOC2Ref), (24 bytes).
    Removing stm32f10x_tim.o(i.TIM_ClearOC3Ref), (18 bytes).
    Removing stm32f10x_tim.o(i.TIM_ClearOC4Ref), (24 bytes).
    Removing stm32f10x_tim.o(i.TIM_CounterModeConfig), (18 bytes).
    Removing stm32f10x_tim.o(i.TIM_CtrlPWMOutputs), (30 bytes).
    Removing stm32f10x_tim.o(i.TIM_DMACmd), (18 bytes).
    Removing stm32f10x_tim.o(i.TIM_DMAConfig), (10 bytes).
    Removing stm32f10x_tim.o(i.TIM_DeInit), (488 bytes).
    Removing stm32f10x_tim.o(i.TIM_ETRClockMode1Config), (54 bytes).
    Removing stm32f10x_tim.o(i.TIM_ETRClockMode2Config), (32 bytes).
    Removing stm32f10x_tim.o(i.TIM_ETRConfig), (28 bytes).
    Removing stm32f10x_tim.o(i.TIM_EncoderInterfaceConfig), (66 bytes).
    Removing stm32f10x_tim.o(i.TIM_ForcedOC1Config), (18 bytes).
    Removing stm32f10x_tim.o(i.TIM_ForcedOC2Config), (26 bytes).
    Removing stm32f10x_tim.o(i.TIM_ForcedOC3Config), (18 bytes).
    Removing stm32f10x_tim.o(i.TIM_ForcedOC4Config), (26 bytes).
    Removing stm32f10x_tim.o(i.TIM_GenerateEvent), (4 bytes).
    Removing stm32f10x_tim.o(i.TIM_GetCapture1), (6 bytes).
    Removing stm32f10x_tim.o(i.TIM_GetCapture2), (6 bytes).
    Removing stm32f10x_tim.o(i.TIM_GetCapture3), (6 bytes).
    Removing stm32f10x_tim.o(i.TIM_GetCapture4), (8 bytes).
    Removing stm32f10x_tim.o(i.TIM_GetCounter), (6 bytes).
    Removing stm32f10x_tim.o(i.TIM_GetFlagStatus), (18 bytes).
    Removing stm32f10x_tim.o(i.TIM_GetPrescaler), (6 bytes).
    Removing stm32f10x_tim.o(i.TIM_ICInit), (172 bytes).
    Removing stm32f10x_tim.o(i.TIM_ICStructInit), (18 bytes).
    Removing stm32f10x_tim.o(i.TIM_ITRxExternalClockConfig), (24 bytes).
    Removing stm32f10x_tim.o(i.TIM_InternalClockConfig), (12 bytes).
    Removing stm32f10x_tim.o(i.TIM_OC1FastConfig), (18 bytes).
    Removing stm32f10x_tim.o(i.TIM_OC1Init), (152 bytes).
    Removing stm32f10x_tim.o(i.TIM_OC1NPolarityConfig), (18 bytes).
    Removing stm32f10x_tim.o(i.TIM_OC1PolarityConfig), (18 bytes).
    Removing stm32f10x_tim.o(i.TIM_OC1PreloadConfig), (18 bytes).
    Removing stm32f10x_tim.o(i.TIM_OC2FastConfig), (26 bytes).
    Removing stm32f10x_tim.o(i.TIM_OC2Init), (164 bytes).
    Removing stm32f10x_tim.o(i.TIM_OC2NPolarityConfig), (26 bytes).
    Removing stm32f10x_tim.o(i.TIM_OC2PolarityConfig), (26 bytes).
    Removing stm32f10x_tim.o(i.TIM_OC2PreloadConfig), (26 bytes).
    Removing stm32f10x_tim.o(i.TIM_OC3FastConfig), (18 bytes).
    Removing stm32f10x_tim.o(i.TIM_OC3Init), (160 bytes).
    Removing stm32f10x_tim.o(i.TIM_OC3NPolarityConfig), (26 bytes).
    Removing stm32f10x_tim.o(i.TIM_OC3PolarityConfig), (26 bytes).
    Removing stm32f10x_tim.o(i.TIM_OC3PreloadConfig), (18 bytes).
    Removing stm32f10x_tim.o(i.TIM_OC4FastConfig), (26 bytes).
    Removing stm32f10x_tim.o(i.TIM_OC4Init), (124 bytes).
    Removing stm32f10x_tim.o(i.TIM_OC4PolarityConfig), (26 bytes).
    Removing stm32f10x_tim.o(i.TIM_OC4PreloadConfig), (26 bytes).
    Removing stm32f10x_tim.o(i.TIM_OCStructInit), (20 bytes).
    Removing stm32f10x_tim.o(i.TIM_PWMIConfig), (124 bytes).
    Removing stm32f10x_tim.o(i.TIM_PrescalerConfig), (6 bytes).
    Removing stm32f10x_tim.o(i.TIM_SelectCCDMA), (24 bytes).
    Removing stm32f10x_tim.o(i.TIM_SelectCOM), (24 bytes).
    Removing stm32f10x_tim.o(i.TIM_SelectHallSensor), (24 bytes).
    Removing stm32f10x_tim.o(i.TIM_SelectInputTrigger), (18 bytes).
    Removing stm32f10x_tim.o(i.TIM_SelectMasterSlaveMode), (18 bytes).
    Removing stm32f10x_tim.o(i.TIM_SelectOCxM), (82 bytes).
    Removing stm32f10x_tim.o(i.TIM_SelectOnePulseMode), (18 bytes).
    Removing stm32f10x_tim.o(i.TIM_SelectOutputTrigger), (18 bytes).
    Removing stm32f10x_tim.o(i.TIM_SelectSlaveMode), (18 bytes).
    Removing stm32f10x_tim.o(i.TIM_SetAutoreload), (4 bytes).
    Removing stm32f10x_tim.o(i.TIM_SetClockDivision), (18 bytes).
    Removing stm32f10x_tim.o(i.TIM_SetCompare1), (4 bytes).
    Removing stm32f10x_tim.o(i.TIM_SetCompare2), (4 bytes).
    Removing stm32f10x_tim.o(i.TIM_SetCompare3), (4 bytes).
    Removing stm32f10x_tim.o(i.TIM_SetCompare4), (6 bytes).
    Removing stm32f10x_tim.o(i.TIM_SetCounter), (4 bytes).
    Removing stm32f10x_tim.o(i.TIM_SetIC1Prescaler), (18 bytes).
    Removing stm32f10x_tim.o(i.TIM_SetIC2Prescaler), (26 bytes).
    Removing stm32f10x_tim.o(i.TIM_SetIC3Prescaler), (18 bytes).
    Removing stm32f10x_tim.o(i.TIM_SetIC4Prescaler), (26 bytes).
    Removing stm32f10x_tim.o(i.TIM_TIxExternalClockConfig), (62 bytes).
    Removing stm32f10x_tim.o(i.TIM_TimeBaseStructInit), (18 bytes).
    Removing stm32f10x_tim.o(i.TIM_UpdateDisableConfig), (24 bytes).
    Removing stm32f10x_tim.o(i.TIM_UpdateRequestConfig), (24 bytes).

260 unused section(s) (total 14079 bytes) removed from the image.

==============================================================================

Image Symbol Table

    Local Symbols

    Symbol Name                              Value     Ov Type        Size  Object(Section)

    ../clib/angel/boardlib.s                 0x00000000   Number         0  boardinit3.o ABSOLUTE
    ../clib/angel/boardlib.s                 0x00000000   Number         0  boardshut.o ABSOLUTE
    ../clib/angel/boardlib.s                 0x00000000   Number         0  boardinit2.o ABSOLUTE
    ../clib/angel/boardlib.s                 0x00000000   Number         0  boardinit1.o ABSOLUTE
    ../clib/angel/dclz77c.s                  0x00000000   Number         0  __dclz77c.o ABSOLUTE
    ../clib/angel/handlers.s                 0x00000000   Number         0  __scatter_zi.o ABSOLUTE
    ../clib/angel/kernel.s                   0x00000000   Number         0  __rtentry2.o ABSOLUTE
    ../clib/angel/kernel.s                   0x00000000   Number         0  __rtentry.o ABSOLUTE
    ../clib/angel/kernel.s                   0x00000000   Number         0  rtexit2.o ABSOLUTE
    ../clib/angel/kernel.s                   0x00000000   Number         0  rtexit.o ABSOLUTE
    ../clib/angel/kernel.s                   0x00000000   Number         0  __rtentry4.o ABSOLUTE
    ../clib/angel/rt.s                       0x00000000   Number         0  rt_errno_addr_intlibspace.o ABSOLUTE
    ../clib/angel/rt.s                       0x00000000   Number         0  rt_errno_addr.o ABSOLUTE
    ../clib/angel/rt.s                       0x00000000   Number         0  rt_raise.o ABSOLUTE
    ../clib/angel/scatter.s                  0x00000000   Number         0  __scatter.o ABSOLUTE
    ../clib/angel/startup.s                  0x00000000   Number         0  __main.o ABSOLUTE
    ../clib/angel/sys.s                      0x00000000   Number         0  sys_stackheap_outer.o ABSOLUTE
    ../clib/angel/sys.s                      0x00000000   Number         0  use_no_semi.o ABSOLUTE
    ../clib/angel/sys.s                      0x00000000   Number         0  use_no_semi_2.o ABSOLUTE
    ../clib/angel/sys.s                      0x00000000   Number         0  indicate_semi.o ABSOLUTE
    ../clib/angel/sys.s                      0x00000000   Number         0  libspace.o ABSOLUTE
    ../clib/angel/sysapp.c                   0x00000000   Number         0  sys_command.o ABSOLUTE
    ../clib/angel/sysapp.c                   0x00000000   Number         0  sys_wrch.o ABSOLUTE
    ../clib/armsys.c                         0x00000000   Number         0  _get_argv_nomalloc.o ABSOLUTE
    ../clib/armsys.c                         0x00000000   Number         0  no_argv.o ABSOLUTE
    ../clib/armsys.c                         0x00000000   Number         0  argv_veneer.o ABSOLUTE
    ../clib/armsys.c                         0x00000000   Number         0  argv_veneer.o ABSOLUTE
    ../clib/fenv.c                           0x00000000   Number         0  _rserrno.o ABSOLUTE
    ../clib/heapalloc.c                      0x00000000   Number         0  hrguard.o ABSOLUTE
    ../clib/heapaux.c                        0x00000000   Number         0  heapauxi.o ABSOLUTE
    ../clib/libinit.s                        0x00000000   Number         0  libshutdown.o ABSOLUTE
    ../clib/libinit.s                        0x00000000   Number         0  libinit2.o ABSOLUTE
    ../clib/libinit.s                        0x00000000   Number         0  libinit.o ABSOLUTE
    ../clib/libinit.s                        0x00000000   Number         0  libshutdown2.o ABSOLUTE
    ../clib/printf.c                         0x00000000   Number         0  _printf_dec.o ABSOLUTE
    ../clib/printf.c                         0x00000000   Number         0  _printf_str.o ABSOLUTE
    ../clib/printf.c                         0x00000000   Number         0  __printf.o ABSOLUTE
    ../clib/printf.c                         0x00000000   Number         0  noretval__2printf.o ABSOLUTE
    ../clib/printf.c                         0x00000000   Number         0  __2printf.o ABSOLUTE
    ../clib/printf.c                         0x00000000   Number         0  __printf_flags.o ABSOLUTE
    ../clib/printf.c                         0x00000000   Number         0  __printf_flags_ss_wp.o ABSOLUTE
    ../clib/printf.c                         0x00000000   Number         0  _printf_char_common.o ABSOLUTE
    ../clib/printf.c                         0x00000000   Number         0  __printf_ss_wp.o ABSOLUTE
    ../clib/printf.c                         0x00000000   Number         0  __printf_flags_wp.o ABSOLUTE
    ../clib/printf.c                         0x00000000   Number         0  __printf_wp.o ABSOLUTE
    ../clib/printf.c                         0x00000000   Number         0  __printf_flags_ss.o ABSOLUTE
    ../clib/printf.c                         0x00000000   Number         0  _printf_char_file.o ABSOLUTE
    ../clib/printf.c                         0x00000000   Number         0  _printf_char.o ABSOLUTE
    ../clib/printf.c                         0x00000000   Number         0  _printf_intcommon.o ABSOLUTE
    ../clib/printf.c                         0x00000000   Number         0  __printf_nopercent.o ABSOLUTE
    ../clib/printf.c                         0x00000000   Number         0  __printf_ss.o ABSOLUTE
    ../clib/printf_percent.s                 0x00000000   Number         0  _printf_d.o ABSOLUTE
    ../clib/printf_percent.s                 0x00000000   Number         0  _printf_s.o ABSOLUTE
    ../clib/printf_percent.s                 0x00000000   Number         0  _printf_percent.o ABSOLUTE
    ../clib/printf_percent.s                 0x00000000   Number         0  _printf_percent_end.o ABSOLUTE
    ../clib/signal.c                         0x00000000   Number         0  defsig_other.o ABSOLUTE
    ../clib/signal.c                         0x00000000   Number         0  defsig_pvfn_inner.o ABSOLUTE
    ../clib/signal.c                         0x00000000   Number         0  defsig_rtmem_formal.o ABSOLUTE
    ../clib/signal.c                         0x00000000   Number         0  defsig_rtmem_outer.o ABSOLUTE
    ../clib/signal.c                         0x00000000   Number         0  defsig_stak_inner.o ABSOLUTE
    ../clib/signal.c                         0x00000000   Number         0  defsig_rtred_inner.o ABSOLUTE
    ../clib/signal.c                         0x00000000   Number         0  defsig_fpe_inner.o ABSOLUTE
    ../clib/signal.c                         0x00000000   Number         0  __raise.o ABSOLUTE
    ../clib/signal.c                         0x00000000   Number         0  defsig_abrt_inner.o ABSOLUTE
    ../clib/signal.c                         0x00000000   Number         0  defsig_cppl_inner.o ABSOLUTE
    ../clib/signal.c                         0x00000000   Number         0  defsig_general.o ABSOLUTE
    ../clib/signal.c                         0x00000000   Number         0  defsig_segv_inner.o ABSOLUTE
    ../clib/signal.c                         0x00000000   Number         0  defsig_rtmem_inner.o ABSOLUTE
    ../clib/signal.c                         0x00000000   Number         0  defsig_exit.o ABSOLUTE
    ../clib/signal.s                         0x00000000   Number         0  defsig.o ABSOLUTE
    ../clib/stdio.c                          0x00000000   Number         0  ferror_locked.o ABSOLUTE
    ../clib/stdio.c                          0x00000000   Number         0  ferror.o ABSOLUTE
    ../clib/stdlib.c                         0x00000000   Number         0  exit.o ABSOLUTE
    ../fplib/daddsub.s                       0x00000000   Number         0  daddsub_clz.o ABSOLUTE
    ../fplib/dcheck1.s                       0x00000000   Number         0  dcheck1.o ABSOLUTE
    ../fplib/ddiv.s                          0x00000000   Number         0  ddiv.o ABSOLUTE
    ../fplib/dfix.s                          0x00000000   Number         0  dfix.o ABSOLUTE
    ../fplib/dfixu.s                         0x00000000   Number         0  dfixu.o ABSOLUTE
    ../fplib/dflt.s                          0x00000000   Number         0  dflt_clz.o ABSOLUTE
    ../fplib/dmul.s                          0x00000000   Number         0  dmul.o ABSOLUTE
    ../fplib/dnaninf.s                       0x00000000   Number         0  dnaninf.o ABSOLUTE
    ../fplib/dretinf.s                       0x00000000   Number         0  dretinf.o ABSOLUTE
    ../fplib/fpinit.s                        0x00000000   Number         0  fpinit.o ABSOLUTE
    ../fplib/retnan.s                        0x00000000   Number         0  retnan.o ABSOLUTE
    ../fplib/scalbn.s                        0x00000000   Number         0  scalbn.o ABSOLUTE
    ../fplib/trapv.s                         0x00000000   Number         0  trapv.o ABSOLUTE
    ../fplib/usenofp.s                       0x00000000   Number         0  usenofp.o ABSOLUTE
    ../mathlib/cos.c                         0x00000000   Number         0  cos.o ABSOLUTE
    ../mathlib/cos.c                         0x00000000   Number         0  cos_x.o ABSOLUTE
    ../mathlib/cos_i.c                       0x00000000   Number         0  cos_i.o ABSOLUTE
    ../mathlib/dunder.c                      0x00000000   Number         0  dunder.o ABSOLUTE
    ../mathlib/fpclassify.c                  0x00000000   Number         0  fpclassify.o ABSOLUTE
    ../mathlib/poly.c                        0x00000000   Number         0  poly.o ABSOLUTE
    ../mathlib/rred.c                        0x00000000   Number         0  rred.o ABSOLUTE
    ../mathlib/sin.c                         0x00000000   Number         0  sin.o ABSOLUTE
    ../mathlib/sin.c                         0x00000000   Number         0  sin_x.o ABSOLUTE
    ../mathlib/sin_i.c                       0x00000000   Number         0  sin_i.o ABSOLUTE
    ../mathlib/sin_i.c                       0x00000000   Number         0  sin_i_x.o ABSOLUTE
    ..\CORE\core_cm3.c                       0x00000000   Number         0  core_cm3.o ABSOLUTE
    ..\CORE\startup_stm32f10x_hd.s           0x00000000   Number         0  startup_stm32f10x_hd.o ABSOLUTE
    ..\HARDWARE\24L01\24l01.c                0x00000000   Number         0  24l01.o ABSOLUTE
    ..\HARDWARE\ADC\adc.c                    0x00000000   Number         0  adc.o ABSOLUTE
    ..\HARDWARE\DISPLAY\DISPLAY.c            0x00000000   Number         0  display.o ABSOLUTE
    ..\HARDWARE\ESP8266\ESP8266.c            0x00000000   Number         0  esp8266.o ABSOLUTE
    ..\HARDWARE\EXTI\exti.c                  0x00000000   Number         0  exti.o ABSOLUTE
    ..\HARDWARE\IIC\IIC.c                    0x00000000   Number         0  iic.o ABSOLUTE
    ..\HARDWARE\KEY\key.c                    0x00000000   Number         0  key.o ABSOLUTE
    ..\HARDWARE\LED\led.c                    0x00000000   Number         0  led.o ABSOLUTE
    ..\HARDWARE\OLED\oled.c                  0x00000000   Number         0  oled.o ABSOLUTE
    ..\HARDWARE\SPI\spi.c                    0x00000000   Number         0  spi.o ABSOLUTE
    ..\HARDWARE\TIMER\timer.c                0x00000000   Number         0  timer.o ABSOLUTE
    ..\STM32F10x_FWLib\src\misc.c            0x00000000   Number         0  misc.o ABSOLUTE
    ..\STM32F10x_FWLib\src\stm32f10x_adc.c   0x00000000   Number         0  stm32f10x_adc.o ABSOLUTE
    ..\STM32F10x_FWLib\src\stm32f10x_dbgmcu.c 0x00000000   Number         0  stm32f10x_dbgmcu.o ABSOLUTE
    ..\STM32F10x_FWLib\src\stm32f10x_exti.c  0x00000000   Number         0  stm32f10x_exti.o ABSOLUTE
    ..\STM32F10x_FWLib\src\stm32f10x_gpio.c  0x00000000   Number         0  stm32f10x_gpio.o ABSOLUTE
    ..\STM32F10x_FWLib\src\stm32f10x_rcc.c   0x00000000   Number         0  stm32f10x_rcc.o ABSOLUTE
    ..\STM32F10x_FWLib\src\stm32f10x_spi.c   0x00000000   Number         0  stm32f10x_spi.o ABSOLUTE
    ..\STM32F10x_FWLib\src\stm32f10x_tim.c   0x00000000   Number         0  stm32f10x_tim.o ABSOLUTE
    ..\STM32F10x_FWLib\src\stm32f10x_usart.c 0x00000000   Number         0  stm32f10x_usart.o ABSOLUTE
    ..\SYSTEM\delay\delay.c                  0x00000000   Number         0  delay.o ABSOLUTE
    ..\SYSTEM\sys\sys.c                      0x00000000   Number         0  sys.o ABSOLUTE
    ..\SYSTEM\usart\usart.c                  0x00000000   Number         0  usart.o ABSOLUTE
    ..\\CORE\\core_cm3.c                     0x00000000   Number         0  core_cm3.o ABSOLUTE
    ..\\SYSTEM\\sys\\sys.c                   0x00000000   Number         0  sys.o ABSOLUTE
    dc.s                                     0x00000000   Number         0  dc.o ABSOLUTE
    main.c                                   0x00000000   Number         0  main.o ABSOLUTE
    stm32f10x_it.c                           0x00000000   Number         0  stm32f10x_it.o ABSOLUTE
    system_stm32f10x.c                       0x00000000   Number         0  system_stm32f10x.o ABSOLUTE
    RESET                                    0x08000000   Section      304  startup_stm32f10x_hd.o(RESET)
    !!!main                                  0x08000130   Section        8  __main.o(!!!main)
    !!!scatter                               0x08000138   Section       52  __scatter.o(!!!scatter)
    !!dclz77c                                0x0800016c   Section      100  __dclz77c.o(!!dclz77c)
    !!handler_zi                             0x080001d0   Section       28  __scatter_zi.o(!!handler_zi)
    .ARM.Collect$$libinit$$00000000          0x080001ec   Section        2  libinit.o(.ARM.Collect$$libinit$$00000000)
    .ARM.Collect$$libinit$$00000002          0x080001ee   Section        0  libinit2.o(.ARM.Collect$$libinit$$00000002)
    .ARM.Collect$$libinit$$00000004          0x080001ee   Section        0  libinit2.o(.ARM.Collect$$libinit$$00000004)
    .ARM.Collect$$libinit$$0000000A          0x080001ee   Section        0  libinit2.o(.ARM.Collect$$libinit$$0000000A)
    .ARM.Collect$$libinit$$0000000C          0x080001ee   Section        0  libinit2.o(.ARM.Collect$$libinit$$0000000C)
    .ARM.Collect$$libinit$$0000000E          0x080001ee   Section        0  libinit2.o(.ARM.Collect$$libinit$$0000000E)
    .ARM.Collect$$libinit$$00000011          0x080001ee   Section        0  libinit2.o(.ARM.Collect$$libinit$$00000011)
    .ARM.Collect$$libinit$$00000013          0x080001ee   Section        0  libinit2.o(.ARM.Collect$$libinit$$00000013)
    .ARM.Collect$$libinit$$00000015          0x080001ee   Section        0  libinit2.o(.ARM.Collect$$libinit$$00000015)
    .ARM.Collect$$libinit$$00000017          0x080001ee   Section        0  libinit2.o(.ARM.Collect$$libinit$$00000017)
    .ARM.Collect$$libinit$$00000019          0x080001ee   Section        0  libinit2.o(.ARM.Collect$$libinit$$00000019)
    .ARM.Collect$$libinit$$0000001B          0x080001ee   Section        0  libinit2.o(.ARM.Collect$$libinit$$0000001B)
    .ARM.Collect$$libinit$$0000001D          0x080001ee   Section        0  libinit2.o(.ARM.Collect$$libinit$$0000001D)
    .ARM.Collect$$libinit$$0000001F          0x080001ee   Section        0  libinit2.o(.ARM.Collect$$libinit$$0000001F)
    .ARM.Collect$$libinit$$00000021          0x080001ee   Section        0  libinit2.o(.ARM.Collect$$libinit$$00000021)
    .ARM.Collect$$libinit$$00000023          0x080001ee   Section        0  libinit2.o(.ARM.Collect$$libinit$$00000023)
    .ARM.Collect$$libinit$$00000025          0x080001ee   Section        0  libinit2.o(.ARM.Collect$$libinit$$00000025)
    .ARM.Collect$$libinit$$0000002C          0x080001ee   Section        0  libinit2.o(.ARM.Collect$$libinit$$0000002C)
    .ARM.Collect$$libinit$$0000002E          0x080001ee   Section        0  libinit2.o(.ARM.Collect$$libinit$$0000002E)
    .ARM.Collect$$libinit$$00000030          0x080001ee   Section        0  libinit2.o(.ARM.Collect$$libinit$$00000030)
    .ARM.Collect$$libinit$$00000032          0x080001ee   Section        0  libinit2.o(.ARM.Collect$$libinit$$00000032)
    .ARM.Collect$$libinit$$00000033          0x080001ee   Section        2  libinit2.o(.ARM.Collect$$libinit$$00000033)
    .ARM.Collect$$libshutdown$$00000000      0x080001f0   Section        2  libshutdown.o(.ARM.Collect$$libshutdown$$00000000)
    .ARM.Collect$$libshutdown$$00000002      0x080001f2   Section        0  libshutdown2.o(.ARM.Collect$$libshutdown$$00000002)
    .ARM.Collect$$libshutdown$$00000004      0x080001f2   Section        0  libshutdown2.o(.ARM.Collect$$libshutdown$$00000004)
    .ARM.Collect$$libshutdown$$00000007      0x080001f2   Section        0  libshutdown2.o(.ARM.Collect$$libshutdown$$00000007)
    .ARM.Collect$$libshutdown$$0000000A      0x080001f2   Section        0  libshutdown2.o(.ARM.Collect$$libshutdown$$0000000A)
    .ARM.Collect$$libshutdown$$0000000C      0x080001f2   Section        0  libshutdown2.o(.ARM.Collect$$libshutdown$$0000000C)
    .ARM.Collect$$libshutdown$$0000000F      0x080001f2   Section        0  libshutdown2.o(.ARM.Collect$$libshutdown$$0000000F)
    .ARM.Collect$$libshutdown$$00000010      0x080001f2   Section        2  libshutdown2.o(.ARM.Collect$$libshutdown$$00000010)
    .ARM.Collect$$rtentry$$00000000          0x080001f4   Section        0  __rtentry.o(.ARM.Collect$$rtentry$$00000000)
    .ARM.Collect$$rtentry$$00000002          0x080001f4   Section        0  __rtentry2.o(.ARM.Collect$$rtentry$$00000002)
    .ARM.Collect$$rtentry$$00000004          0x080001f4   Section        6  __rtentry4.o(.ARM.Collect$$rtentry$$00000004)
    .ARM.Collect$$rtentry$$00000009          0x080001fa   Section        0  __rtentry2.o(.ARM.Collect$$rtentry$$00000009)
    .ARM.Collect$$rtentry$$0000000A          0x080001fa   Section        4  __rtentry2.o(.ARM.Collect$$rtentry$$0000000A)
    .ARM.Collect$$rtentry$$0000000C          0x080001fe   Section        0  __rtentry2.o(.ARM.Collect$$rtentry$$0000000C)
    .ARM.Collect$$rtentry$$0000000D          0x080001fe   Section        8  __rtentry2.o(.ARM.Collect$$rtentry$$0000000D)
    .ARM.Collect$$rtexit$$00000000           0x08000206   Section        2  rtexit.o(.ARM.Collect$$rtexit$$00000000)
    .ARM.Collect$$rtexit$$00000002           0x08000208   Section        0  rtexit2.o(.ARM.Collect$$rtexit$$00000002)
    .ARM.Collect$$rtexit$$00000003           0x08000208   Section        4  rtexit2.o(.ARM.Collect$$rtexit$$00000003)
    .ARM.Collect$$rtexit$$00000004           0x0800020c   Section        6  rtexit2.o(.ARM.Collect$$rtexit$$00000004)
    .text                                    0x08000214   Section       64  startup_stm32f10x_hd.o(.text)
    .text                                    0x08000254   Section        2  use_no_semi_2.o(.text)
    .text                                    0x08000256   Section        0  heapauxi.o(.text)
    .text                                    0x0800025c   Section        2  use_no_semi.o(.text)
    .text                                    0x08000260   Section        8  libspace.o(.text)
    .text                                    0x08000268   Section       74  sys_stackheap_outer.o(.text)
    .text                                    0x080002b2   Section        0  exit.o(.text)
    i.ADC_Cmd                                0x080002c4   Section        0  stm32f10x_adc.o(i.ADC_Cmd)
    i.ADC_DeInit                             0x080002dc   Section        0  stm32f10x_adc.o(i.ADC_DeInit)
    i.ADC_GetCalibrationStatus               0x08000338   Section        0  stm32f10x_adc.o(i.ADC_GetCalibrationStatus)
    i.ADC_GetConversionValue                 0x0800034c   Section        0  stm32f10x_adc.o(i.ADC_GetConversionValue)
    i.ADC_GetFlagStatus                      0x08000354   Section        0  stm32f10x_adc.o(i.ADC_GetFlagStatus)
    i.ADC_GetResetCalibrationStatus          0x08000366   Section        0  stm32f10x_adc.o(i.ADC_GetResetCalibrationStatus)
    i.ADC_Init                               0x0800037c   Section        0  stm32f10x_adc.o(i.ADC_Init)
    i.ADC_RegularChannelConfig               0x080003cc   Section        0  stm32f10x_adc.o(i.ADC_RegularChannelConfig)
    i.ADC_ResetCalibration                   0x08000484   Section        0  stm32f10x_adc.o(i.ADC_ResetCalibration)
    i.ADC_SoftwareStartConvCmd               0x0800048e   Section        0  stm32f10x_adc.o(i.ADC_SoftwareStartConvCmd)
    i.ADC_StartCalibration                   0x080004a4   Section        0  stm32f10x_adc.o(i.ADC_StartCalibration)
    i.Adc_Init                               0x080004b0   Section        0  adc.o(i.Adc_Init)
    i.Bluetooth_Task_APP                     0x08000558   Section        0  display.o(i.Bluetooth_Task_APP)
    i.BusFault_Handler                       0x080006e0   Section        0  stm32f10x_it.o(i.BusFault_Handler)
    i.DebugMon_Handler                       0x080006e4   Section        0  stm32f10x_it.o(i.DebugMon_Handler)
    i.Detection_Hardware_Drive               0x080006e8   Section        0  display.o(i.Detection_Hardware_Drive)
    i.EXTI9_5_IRQHandler                     0x0800082c   Section        0  exti.o(i.EXTI9_5_IRQHandler)
    i.EXTI_ClearITPendingBit                 0x0800091c   Section        0  stm32f10x_exti.o(i.EXTI_ClearITPendingBit)
    i.EXTI_Init                              0x08000928   Section        0  stm32f10x_exti.o(i.EXTI_Init)
    i.Function_Menu_APP                      0x080009bc   Section        0  display.o(i.Function_Menu_APP)
    i.GPIO_EXTILineConfig                    0x08000a04   Section        0  stm32f10x_gpio.o(i.GPIO_EXTILineConfig)
    i.GPIO_Init                              0x08000a44   Section        0  stm32f10x_gpio.o(i.GPIO_Init)
    i.GPIO_ResetBits                         0x08000b5a   Section        0  stm32f10x_gpio.o(i.GPIO_ResetBits)
    i.GPIO_SetBits                           0x08000b5e   Section        0  stm32f10x_gpio.o(i.GPIO_SetBits)
    i.Get_Adc                                0x08000b64   Section        0  adc.o(i.Get_Adc)
    i.HardFault_Handler                      0x08000b98   Section        0  stm32f10x_it.o(i.HardFault_Handler)
    i.JTAG_Set                               0x08000b9c   Section        0  sys.o(i.JTAG_Set)
    i.KEY_EXTIX_Init                         0x08000bcc   Section        0  exti.o(i.KEY_EXTIX_Init)
    i.KEY_Init                               0x08000c38   Section        0  key.o(i.KEY_Init)
    i.LED_Init                               0x08000c60   Section        0  led.o(i.LED_Init)
    i.Main_Interface_APP                     0x08000cbc   Section        0  display.o(i.Main_Interface_APP)
    i.MemManage_Handler                      0x08000d70   Section        0  stm32f10x_it.o(i.MemManage_Handler)
    i.Menu_Interface_APP                     0x08000d74   Section        0  display.o(i.Menu_Interface_APP)
    i.NMI_Handler                            0x08000f50   Section        0  stm32f10x_it.o(i.NMI_Handler)
    i.NRF24L01_Check                         0x08000f54   Section        0  24l01.o(i.NRF24L01_Check)
    i.NRF24L01_Init                          0x08000fa4   Section        0  24l01.o(i.NRF24L01_Init)
    i.NRF24L01_Read_Buf                      0x08001028   Section        0  24l01.o(i.NRF24L01_Read_Buf)
    i.NRF24L01_Task_APP                      0x08001068   Section        0  display.o(i.NRF24L01_Task_APP)
    i.NRF24L01_Write_Buf                     0x080011f0   Section        0  24l01.o(i.NRF24L01_Write_Buf)
    i.NVIC_Init                              0x08001230   Section        0  misc.o(i.NVIC_Init)
    i.NVIC_PriorityGroupConfig               0x080012a0   Section        0  misc.o(i.NVIC_PriorityGroupConfig)
    i.OLED_Clear                             0x080012b4   Section        0  oled.o(i.OLED_Clear)
    i.OLED_Init                              0x080012fc   Section        0  oled.o(i.OLED_Init)
    i.OLED_P128x32Ch                         0x08001448   Section        0  oled.o(i.OLED_P128x32Ch)
    i.OLED_P16x16Ch                          0x080014e4   Section        0  oled.o(i.OLED_P16x16Ch)
    i.OLED_P32x32Ch                          0x0800158c   Section        0  oled.o(i.OLED_P32x32Ch)
    i.OLED_P8x16Ch                           0x080016cc   Section        0  oled.o(i.OLED_P8x16Ch)
    i.OLED_Set_Pos                           0x08001724   Section        0  oled.o(i.OLED_Set_Pos)
    i.OLED_ShowChar                          0x08001754   Section        0  oled.o(i.OLED_ShowChar)
    i.OLED_ShowNum                           0x08001894   Section        0  oled.o(i.OLED_ShowNum)
    i.OLED_ShowString                        0x08001928   Section        0  oled.o(i.OLED_ShowString)
    i.OLED_WR_Byte                           0x0800196c   Section        0  oled.o(i.OLED_WR_Byte)
    i.PendSV_Handler                         0x080019cc   Section        0  stm32f10x_it.o(i.PendSV_Handler)
    i.RCC_ADCCLKConfig                       0x080019d0   Section        0  stm32f10x_rcc.o(i.RCC_ADCCLKConfig)
    i.RCC_APB1PeriphClockCmd                 0x080019e8   Section        0  stm32f10x_rcc.o(i.RCC_APB1PeriphClockCmd)
    i.RCC_APB2PeriphClockCmd                 0x08001a08   Section        0  stm32f10x_rcc.o(i.RCC_APB2PeriphClockCmd)
    i.RCC_APB2PeriphResetCmd                 0x08001a28   Section        0  stm32f10x_rcc.o(i.RCC_APB2PeriphResetCmd)
    i.RCC_GetClocksFreq                      0x08001a48   Section        0  stm32f10x_rcc.o(i.RCC_GetClocksFreq)
    i.Rocker_Detection_Drive                 0x08001b1c   Section        0  adc.o(i.Rocker_Detection_Drive)
    i.SPI_Cmd                                0x08001cb4   Section        0  stm32f10x_spi.o(i.SPI_Cmd)
    i.SPI_I2S_GetFlagStatus                  0x08001ccc   Section        0  stm32f10x_spi.o(i.SPI_I2S_GetFlagStatus)
    i.SPI_I2S_ReceiveData                    0x08001cde   Section        0  stm32f10x_spi.o(i.SPI_I2S_ReceiveData)
    i.SPI_I2S_SendData                       0x08001ce4   Section        0  stm32f10x_spi.o(i.SPI_I2S_SendData)
    i.SPI_Init                               0x08001ce8   Section        0  stm32f10x_spi.o(i.SPI_Init)
    i.SPIx_Init                              0x08001d24   Section        0  spi.o(i.SPIx_Init)
    i.SPIx_ReadWriteByte                     0x08001d9c   Section        0  spi.o(i.SPIx_ReadWriteByte)
    i.SPIx_SetSpeed                          0x08001df0   Section        0  spi.o(i.SPIx_SetSpeed)
    i.SVC_Handler                            0x08001e14   Section        0  stm32f10x_it.o(i.SVC_Handler)
    i.SetSysClock                            0x08001e16   Section        0  system_stm32f10x.o(i.SetSysClock)
    SetSysClock                              0x08001e17   Thumb Code     8  system_stm32f10x.o(i.SetSysClock)
    i.SetSysClockTo72                        0x08001e20   Section        0  system_stm32f10x.o(i.SetSysClockTo72)
    SetSysClockTo72                          0x08001e21   Thumb Code   214  system_stm32f10x.o(i.SetSysClockTo72)
    i.Set_Task_APP                           0x08001f00   Section        0  display.o(i.Set_Task_APP)
    i.SysTick_CLKSourceConfig                0x08002088   Section        0  misc.o(i.SysTick_CLKSourceConfig)
    i.SysTick_Handler                        0x080020b0   Section        0  stm32f10x_it.o(i.SysTick_Handler)
    i.SystemInit                             0x080020b4   Section        0  system_stm32f10x.o(i.SystemInit)
    i.TIM3_IRQHandler                        0x08002114   Section        0  timer.o(i.TIM3_IRQHandler)
    i.TIM3_Int_Init                          0x080021b4   Section        0  timer.o(i.TIM3_Int_Init)
    i.TIM_ClearITPendingBit                  0x08002214   Section        0  stm32f10x_tim.o(i.TIM_ClearITPendingBit)
    i.TIM_Cmd                                0x0800221a   Section        0  stm32f10x_tim.o(i.TIM_Cmd)
    i.TIM_GetITStatus                        0x08002232   Section        0  stm32f10x_tim.o(i.TIM_GetITStatus)
    i.TIM_ITConfig                           0x08002254   Section        0  stm32f10x_tim.o(i.TIM_ITConfig)
    i.TIM_TimeBaseInit                       0x08002268   Section        0  stm32f10x_tim.o(i.TIM_TimeBaseInit)
    i.USART1_IRQHandler                      0x0800230c   Section        0  usart.o(i.USART1_IRQHandler)
    i.USART_Cmd                              0x08002394   Section        0  stm32f10x_usart.o(i.USART_Cmd)
    i.USART_GetITStatus                      0x080023ac   Section        0  stm32f10x_usart.o(i.USART_GetITStatus)
    i.USART_ITConfig                         0x08002400   Section        0  stm32f10x_usart.o(i.USART_ITConfig)
    i.USART_Init                             0x0800244c   Section        0  stm32f10x_usart.o(i.USART_Init)
    i.USART_ReceiveData                      0x08002524   Section        0  stm32f10x_usart.o(i.USART_ReceiveData)
    i.USB_Task_APP                           0x08002530   Section        0  display.o(i.USB_Task_APP)
    i.UsageFault_Handler                     0x080026b8   Section        0  stm32f10x_it.o(i.UsageFault_Handler)
    i.WIFI_Task_APP                          0x080026bc   Section        0  display.o(i.WIFI_Task_APP)
    i._sys_exit                              0x08002844   Section        0  usart.o(i._sys_exit)
    i.delay_init                             0x0800284c   Section        0  delay.o(i.delay_init)
    i.delay_ms                               0x08002890   Section        0  delay.o(i.delay_ms)
    i.main                                   0x080028dc   Section        0  main.o(i.main)
    i.oled_pow                               0x08002958   Section        0  oled.o(i.oled_pow)
    i.uart_init                              0x08002970   Section        0  usart.o(i.uart_init)
    .constdata                               0x08002a10   Section    60232  oled.o(.constdata)
    .data                                    0x20000000   Section       20  system_stm32f10x.o(.data)
    .data                                    0x20000014   Section        4  adc.o(.data)
    Left_Rocker_Sign                         0x20000014   Data           1  adc.o(.data)
    Left_Rocker_Data                         0x20000015   Data           1  adc.o(.data)
    Right_Rocker_Sign                        0x20000016   Data           1  adc.o(.data)
    Right_Rocker_Data                        0x20000017   Data           1  adc.o(.data)
    .data                                    0x20000018   Section     7192  display.o(.data)
    sign                                     0x20001c25   Data           1  display.o(.data)
    Menu_Sign                                0x20001c28   Data           4  display.o(.data)
    Menu_Mark                                0x20001c2c   Data           4  display.o(.data)
    .data                                    0x20001c30   Section        4  timer.o(.data)
    .data                                    0x20001c34   Section        4  delay.o(.data)
    fac_us                                   0x20001c34   Data           1  delay.o(.data)
    fac_ms                                   0x20001c36   Data           2  delay.o(.data)
    .data                                    0x20001c38   Section        6  usart.o(.data)
    .data                                    0x20001c3e   Section       20  stm32f10x_rcc.o(.data)
    APBAHBPrescTable                         0x20001c3e   Data          16  stm32f10x_rcc.o(.data)
    ADCPrescTable                            0x20001c4e   Data           4  stm32f10x_rcc.o(.data)
    .bss                                     0x20001c54   Section       18  spi.o(.bss)
    .bss                                     0x20001c66   Section      200  usart.o(.bss)
    .bss                                     0x20001d30   Section       96  libspace.o(.bss)
    HEAP                                     0x20001d90   Section      512  startup_stm32f10x_hd.o(HEAP)
    Heap_Mem                                 0x20001d90   Data         512  startup_stm32f10x_hd.o(HEAP)
    STACK                                    0x20001f90   Section     1024  startup_stm32f10x_hd.o(STACK)
    Stack_Mem                                0x20001f90   Data        1024  startup_stm32f10x_hd.o(STACK)
    __initial_sp                             0x20002390   Data           0  startup_stm32f10x_hd.o(STACK)

    Global Symbols

    Symbol Name                              Value     Ov Type        Size  Object(Section)

    BuildAttributes$$THM_ISAv4$P$D$K$B$S$PE$A:L22UL41UL21$X:L11$S22US41US21$IEEE1$IW$USESV6$~STKCKD$USESV7$~SHL$OTIME$ROPI$IEEEX$EBA8$UX$STANDARDLIB$REQ8$PRES8$EABIv2 0x00000000   Number         0  anon$$obj.o ABSOLUTE
    __ARM_use_no_argv                        0x00000000   Number         0  main.o ABSOLUTE
    __ARM_exceptions_init                     - Undefined Weak Reference
    __alloca_initialize                       - Undefined Weak Reference
    __arm_preinit_                            - Undefined Weak Reference
    __cpp_initialize__aeabi_                  - Undefined Weak Reference
    __cxa_finalize                            - Undefined Weak Reference
    __rt_locale                               - Undefined Weak Reference
    __sigvec_lookup                           - Undefined Weak Reference
    _atexit_init                              - Undefined Weak Reference
    _call_atexit_fns                          - Undefined Weak Reference
    _clock_init                               - Undefined Weak Reference
    _fp_trap_init                             - Undefined Weak Reference
    _fp_trap_shutdown                         - Undefined Weak Reference
    _get_lc_collate                           - Undefined Weak Reference
    _get_lc_ctype                             - Undefined Weak Reference
    _get_lc_monetary                          - Undefined Weak Reference
    _get_lc_numeric                           - Undefined Weak Reference
    _get_lc_time                              - Undefined Weak Reference
    _getenv_init                              - Undefined Weak Reference
    _handle_redirection                       - Undefined Weak Reference
    _init_alloc                               - Undefined Weak Reference
    _init_user_alloc                          - Undefined Weak Reference
    _initio                                   - Undefined Weak Reference
    _mutex_acquire                            - Undefined Weak Reference
    _mutex_release                            - Undefined Weak Reference
    _printf_mbtowc                            - Undefined Weak Reference
    _printf_post_padding                      - Undefined Weak Reference
    _printf_pre_padding                       - Undefined Weak Reference
    _printf_truncate_signed                   - Undefined Weak Reference
    _printf_truncate_unsigned                 - Undefined Weak Reference
    _rand_init                                - Undefined Weak Reference
    _signal_finish                            - Undefined Weak Reference
    _signal_init                              - Undefined Weak Reference
    _terminate_alloc                          - Undefined Weak Reference
    _terminate_user_alloc                     - Undefined Weak Reference
    _terminateio                              - Undefined Weak Reference
    __Vectors_Size                           0x00000130   Number         0  startup_stm32f10x_hd.o ABSOLUTE
    __Vectors                                0x08000000   Data           4  startup_stm32f10x_hd.o(RESET)
    __Vectors_End                            0x08000130   Data           0  startup_stm32f10x_hd.o(RESET)
    __main                                   0x08000131   Thumb Code     8  __main.o(!!!main)
    __scatterload                            0x08000139   Thumb Code     0  __scatter.o(!!!scatter)
    __scatterload_rt2                        0x08000139   Thumb Code    44  __scatter.o(!!!scatter)
    __scatterload_rt2_thumb_only             0x08000139   Thumb Code     0  __scatter.o(!!!scatter)
    __scatterload_null                       0x08000147   Thumb Code     0  __scatter.o(!!!scatter)
    __decompress                             0x0800016d   Thumb Code   100  __dclz77c.o(!!dclz77c)
    __decompress2                            0x0800016d   Thumb Code     0  __dclz77c.o(!!dclz77c)
    __scatterload_zeroinit                   0x080001d1   Thumb Code    28  __scatter_zi.o(!!handler_zi)
    __rt_lib_init                            0x080001ed   Thumb Code     0  libinit.o(.ARM.Collect$$libinit$$00000000)
    __rt_lib_init_alloca_1                   0x080001ef   Thumb Code     0  libinit2.o(.ARM.Collect$$libinit$$0000002E)
    __rt_lib_init_argv_1                     0x080001ef   Thumb Code     0  libinit2.o(.ARM.Collect$$libinit$$0000002C)
    __rt_lib_init_atexit_1                   0x080001ef   Thumb Code     0  libinit2.o(.ARM.Collect$$libinit$$0000001B)
    __rt_lib_init_clock_1                    0x080001ef   Thumb Code     0  libinit2.o(.ARM.Collect$$libinit$$00000021)
    __rt_lib_init_cpp_1                      0x080001ef   Thumb Code     0  libinit2.o(.ARM.Collect$$libinit$$00000032)
    __rt_lib_init_exceptions_1               0x080001ef   Thumb Code     0  libinit2.o(.ARM.Collect$$libinit$$00000030)
    __rt_lib_init_fp_1                       0x080001ef   Thumb Code     0  libinit2.o(.ARM.Collect$$libinit$$00000002)
    __rt_lib_init_fp_trap_1                  0x080001ef   Thumb Code     0  libinit2.o(.ARM.Collect$$libinit$$0000001F)
    __rt_lib_init_getenv_1                   0x080001ef   Thumb Code     0  libinit2.o(.ARM.Collect$$libinit$$00000023)
    __rt_lib_init_heap_1                     0x080001ef   Thumb Code     0  libinit2.o(.ARM.Collect$$libinit$$0000000A)
    __rt_lib_init_lc_collate_1               0x080001ef   Thumb Code     0  libinit2.o(.ARM.Collect$$libinit$$00000011)
    __rt_lib_init_lc_ctype_1                 0x080001ef   Thumb Code     0  libinit2.o(.ARM.Collect$$libinit$$00000013)
    __rt_lib_init_lc_monetary_1              0x080001ef   Thumb Code     0  libinit2.o(.ARM.Collect$$libinit$$00000015)
    __rt_lib_init_lc_numeric_1               0x080001ef   Thumb Code     0  libinit2.o(.ARM.Collect$$libinit$$00000017)
    __rt_lib_init_lc_time_1                  0x080001ef   Thumb Code     0  libinit2.o(.ARM.Collect$$libinit$$00000019)
    __rt_lib_init_preinit_1                  0x080001ef   Thumb Code     0  libinit2.o(.ARM.Collect$$libinit$$00000004)
    __rt_lib_init_rand_1                     0x080001ef   Thumb Code     0  libinit2.o(.ARM.Collect$$libinit$$0000000E)
    __rt_lib_init_return                     0x080001ef   Thumb Code     0  libinit2.o(.ARM.Collect$$libinit$$00000033)
    __rt_lib_init_signal_1                   0x080001ef   Thumb Code     0  libinit2.o(.ARM.Collect$$libinit$$0000001D)
    __rt_lib_init_stdio_1                    0x080001ef   Thumb Code     0  libinit2.o(.ARM.Collect$$libinit$$00000025)
    __rt_lib_init_user_alloc_1               0x080001ef   Thumb Code     0  libinit2.o(.ARM.Collect$$libinit$$0000000C)
    __rt_lib_shutdown                        0x080001f1   Thumb Code     0  libshutdown.o(.ARM.Collect$$libshutdown$$00000000)
    __rt_lib_shutdown_cpp_1                  0x080001f3   Thumb Code     0  libshutdown2.o(.ARM.Collect$$libshutdown$$00000002)
    __rt_lib_shutdown_fp_trap_1              0x080001f3   Thumb Code     0  libshutdown2.o(.ARM.Collect$$libshutdown$$00000007)
    __rt_lib_shutdown_heap_1                 0x080001f3   Thumb Code     0  libshutdown2.o(.ARM.Collect$$libshutdown$$0000000F)
    __rt_lib_shutdown_return                 0x080001f3   Thumb Code     0  libshutdown2.o(.ARM.Collect$$libshutdown$$00000010)
    __rt_lib_shutdown_signal_1               0x080001f3   Thumb Code     0  libshutdown2.o(.ARM.Collect$$libshutdown$$0000000A)
    __rt_lib_shutdown_stdio_1                0x080001f3   Thumb Code     0  libshutdown2.o(.ARM.Collect$$libshutdown$$00000004)
    __rt_lib_shutdown_user_alloc_1           0x080001f3   Thumb Code     0  libshutdown2.o(.ARM.Collect$$libshutdown$$0000000C)
    __rt_entry                               0x080001f5   Thumb Code     0  __rtentry.o(.ARM.Collect$$rtentry$$00000000)
    __rt_entry_presh_1                       0x080001f5   Thumb Code     0  __rtentry2.o(.ARM.Collect$$rtentry$$00000002)
    __rt_entry_sh                            0x080001f5   Thumb Code     0  __rtentry4.o(.ARM.Collect$$rtentry$$00000004)
    __rt_entry_li                            0x080001fb   Thumb Code     0  __rtentry2.o(.ARM.Collect$$rtentry$$0000000A)
    __rt_entry_postsh_1                      0x080001fb   Thumb Code     0  __rtentry2.o(.ARM.Collect$$rtentry$$00000009)
    __rt_entry_main                          0x080001ff   Thumb Code     0  __rtentry2.o(.ARM.Collect$$rtentry$$0000000D)
    __rt_entry_postli_1                      0x080001ff   Thumb Code     0  __rtentry2.o(.ARM.Collect$$rtentry$$0000000C)
    __rt_exit                                0x08000207   Thumb Code     0  rtexit.o(.ARM.Collect$$rtexit$$00000000)
    __rt_exit_ls                             0x08000209   Thumb Code     0  rtexit2.o(.ARM.Collect$$rtexit$$00000003)
    __rt_exit_prels_1                        0x08000209   Thumb Code     0  rtexit2.o(.ARM.Collect$$rtexit$$00000002)
    __rt_exit_exit                           0x0800020d   Thumb Code     0  rtexit2.o(.ARM.Collect$$rtexit$$00000004)
    Reset_Handler                            0x08000215   Thumb Code     8  startup_stm32f10x_hd.o(.text)
    ADC1_2_IRQHandler                        0x0800022f   Thumb Code     0  startup_stm32f10x_hd.o(.text)
    ADC3_IRQHandler                          0x0800022f   Thumb Code     0  startup_stm32f10x_hd.o(.text)
    CAN1_RX1_IRQHandler                      0x0800022f   Thumb Code     0  startup_stm32f10x_hd.o(.text)
    CAN1_SCE_IRQHandler                      0x0800022f   Thumb Code     0  startup_stm32f10x_hd.o(.text)
    DMA1_Channel1_IRQHandler                 0x0800022f   Thumb Code     0  startup_stm32f10x_hd.o(.text)
    DMA1_Channel2_IRQHandler                 0x0800022f   Thumb Code     0  startup_stm32f10x_hd.o(.text)
    DMA1_Channel3_IRQHandler                 0x0800022f   Thumb Code     0  startup_stm32f10x_hd.o(.text)
    DMA1_Channel4_IRQHandler                 0x0800022f   Thumb Code     0  startup_stm32f10x_hd.o(.text)
    DMA1_Channel5_IRQHandler                 0x0800022f   Thumb Code     0  startup_stm32f10x_hd.o(.text)
    DMA1_Channel6_IRQHandler                 0x0800022f   Thumb Code     0  startup_stm32f10x_hd.o(.text)
    DMA1_Channel7_IRQHandler                 0x0800022f   Thumb Code     0  startup_stm32f10x_hd.o(.text)
    DMA2_Channel1_IRQHandler                 0x0800022f   Thumb Code     0  startup_stm32f10x_hd.o(.text)
    DMA2_Channel2_IRQHandler                 0x0800022f   Thumb Code     0  startup_stm32f10x_hd.o(.text)
    DMA2_Channel3_IRQHandler                 0x0800022f   Thumb Code     0  startup_stm32f10x_hd.o(.text)
    DMA2_Channel4_5_IRQHandler               0x0800022f   Thumb Code     0  startup_stm32f10x_hd.o(.text)
    EXTI0_IRQHandler                         0x0800022f   Thumb Code     0  startup_stm32f10x_hd.o(.text)
    EXTI15_10_IRQHandler                     0x0800022f   Thumb Code     0  startup_stm32f10x_hd.o(.text)
    EXTI1_IRQHandler                         0x0800022f   Thumb Code     0  startup_stm32f10x_hd.o(.text)
    EXTI2_IRQHandler                         0x0800022f   Thumb Code     0  startup_stm32f10x_hd.o(.text)
    EXTI3_IRQHandler                         0x0800022f   Thumb Code     0  startup_stm32f10x_hd.o(.text)
    EXTI4_IRQHandler                         0x0800022f   Thumb Code     0  startup_stm32f10x_hd.o(.text)
    FLASH_IRQHandler                         0x0800022f   Thumb Code     0  startup_stm32f10x_hd.o(.text)
    FSMC_IRQHandler                          0x0800022f   Thumb Code     0  startup_stm32f10x_hd.o(.text)
    I2C1_ER_IRQHandler                       0x0800022f   Thumb Code     0  startup_stm32f10x_hd.o(.text)
    I2C1_EV_IRQHandler                       0x0800022f   Thumb Code     0  startup_stm32f10x_hd.o(.text)
    I2C2_ER_IRQHandler                       0x0800022f   Thumb Code     0  startup_stm32f10x_hd.o(.text)
    I2C2_EV_IRQHandler                       0x0800022f   Thumb Code     0  startup_stm32f10x_hd.o(.text)
    PVD_IRQHandler                           0x0800022f   Thumb Code     0  startup_stm32f10x_hd.o(.text)
    RCC_IRQHandler                           0x0800022f   Thumb Code     0  startup_stm32f10x_hd.o(.text)
    RTCAlarm_IRQHandler                      0x0800022f   Thumb Code     0  startup_stm32f10x_hd.o(.text)
    RTC_IRQHandler                           0x0800022f   Thumb Code     0  startup_stm32f10x_hd.o(.text)
    SDIO_IRQHandler                          0x0800022f   Thumb Code     0  startup_stm32f10x_hd.o(.text)
    SPI1_IRQHandler                          0x0800022f   Thumb Code     0  startup_stm32f10x_hd.o(.text)
    SPI2_IRQHandler                          0x0800022f   Thumb Code     0  startup_stm32f10x_hd.o(.text)
    SPI3_IRQHandler                          0x0800022f   Thumb Code     0  startup_stm32f10x_hd.o(.text)
    TAMPER_IRQHandler                        0x0800022f   Thumb Code     0  startup_stm32f10x_hd.o(.text)
    TIM1_BRK_IRQHandler                      0x0800022f   Thumb Code     0  startup_stm32f10x_hd.o(.text)
    TIM1_CC_IRQHandler                       0x0800022f   Thumb Code     0  startup_stm32f10x_hd.o(.text)
    TIM1_TRG_COM_IRQHandler                  0x0800022f   Thumb Code     0  startup_stm32f10x_hd.o(.text)
    TIM1_UP_IRQHandler                       0x0800022f   Thumb Code     0  startup_stm32f10x_hd.o(.text)
    TIM2_IRQHandler                          0x0800022f   Thumb Code     0  startup_stm32f10x_hd.o(.text)
    TIM4_IRQHandler                          0x0800022f   Thumb Code     0  startup_stm32f10x_hd.o(.text)
    TIM5_IRQHandler                          0x0800022f   Thumb Code     0  startup_stm32f10x_hd.o(.text)
    TIM6_IRQHandler                          0x0800022f   Thumb Code     0  startup_stm32f10x_hd.o(.text)
    TIM7_IRQHandler                          0x0800022f   Thumb Code     0  startup_stm32f10x_hd.o(.text)
    TIM8_BRK_IRQHandler                      0x0800022f   Thumb Code     0  startup_stm32f10x_hd.o(.text)
    TIM8_CC_IRQHandler                       0x0800022f   Thumb Code     0  startup_stm32f10x_hd.o(.text)
    TIM8_TRG_COM_IRQHandler                  0x0800022f   Thumb Code     0  startup_stm32f10x_hd.o(.text)
    TIM8_UP_IRQHandler                       0x0800022f   Thumb Code     0  startup_stm32f10x_hd.o(.text)
    UART4_IRQHandler                         0x0800022f   Thumb Code     0  startup_stm32f10x_hd.o(.text)
    UART5_IRQHandler                         0x0800022f   Thumb Code     0  startup_stm32f10x_hd.o(.text)
    USART2_IRQHandler                        0x0800022f   Thumb Code     0  startup_stm32f10x_hd.o(.text)
    USART3_IRQHandler                        0x0800022f   Thumb Code     0  startup_stm32f10x_hd.o(.text)
    USBWakeUp_IRQHandler                     0x0800022f   Thumb Code     0  startup_stm32f10x_hd.o(.text)
    USB_HP_CAN1_TX_IRQHandler                0x0800022f   Thumb Code     0  startup_stm32f10x_hd.o(.text)
    USB_LP_CAN1_RX0_IRQHandler               0x0800022f   Thumb Code     0  startup_stm32f10x_hd.o(.text)
    WWDG_IRQHandler                          0x0800022f   Thumb Code     0  startup_stm32f10x_hd.o(.text)
    __user_initial_stackheap                 0x08000231   Thumb Code     0  startup_stm32f10x_hd.o(.text)
    __use_no_semihosting                     0x08000255   Thumb Code     2  use_no_semi_2.o(.text)
    __use_two_region_memory                  0x08000257   Thumb Code     2  heapauxi.o(.text)
    __rt_heap_escrow$2region                 0x08000259   Thumb Code     2  heapauxi.o(.text)
    __rt_heap_expand$2region                 0x0800025b   Thumb Code     2  heapauxi.o(.text)
    __I$use$semihosting                      0x0800025d   Thumb Code     0  use_no_semi.o(.text)
    __use_no_semihosting_swi                 0x0800025d   Thumb Code     2  use_no_semi.o(.text)
    __user_libspace                          0x08000261   Thumb Code     8  libspace.o(.text)
    __user_perproc_libspace                  0x08000261   Thumb Code     0  libspace.o(.text)
    __user_perthread_libspace                0x08000261   Thumb Code     0  libspace.o(.text)
    __user_setup_stackheap                   0x08000269   Thumb Code    74  sys_stackheap_outer.o(.text)
    exit                                     0x080002b3   Thumb Code    18  exit.o(.text)
    ADC_Cmd                                  0x080002c5   Thumb Code    22  stm32f10x_adc.o(i.ADC_Cmd)
    ADC_DeInit                               0x080002dd   Thumb Code    78  stm32f10x_adc.o(i.ADC_DeInit)
    ADC_GetCalibrationStatus                 0x08000339   Thumb Code    20  stm32f10x_adc.o(i.ADC_GetCalibrationStatus)
    ADC_GetConversionValue                   0x0800034d   Thumb Code     8  stm32f10x_adc.o(i.ADC_GetConversionValue)
    ADC_GetFlagStatus                        0x08000355   Thumb Code    18  stm32f10x_adc.o(i.ADC_GetFlagStatus)
    ADC_GetResetCalibrationStatus            0x08000367   Thumb Code    20  stm32f10x_adc.o(i.ADC_GetResetCalibrationStatus)
    ADC_Init                                 0x0800037d   Thumb Code    70  stm32f10x_adc.o(i.ADC_Init)
    ADC_RegularChannelConfig                 0x080003cd   Thumb Code   184  stm32f10x_adc.o(i.ADC_RegularChannelConfig)
    ADC_ResetCalibration                     0x08000485   Thumb Code    10  stm32f10x_adc.o(i.ADC_ResetCalibration)
    ADC_SoftwareStartConvCmd                 0x0800048f   Thumb Code    22  stm32f10x_adc.o(i.ADC_SoftwareStartConvCmd)
    ADC_StartCalibration                     0x080004a5   Thumb Code    10  stm32f10x_adc.o(i.ADC_StartCalibration)
    Adc_Init                                 0x080004b1   Thumb Code   154  adc.o(i.Adc_Init)
    Bluetooth_Task_APP                       0x08000559   Thumb Code   358  display.o(i.Bluetooth_Task_APP)
    BusFault_Handler                         0x080006e1   Thumb Code     4  stm32f10x_it.o(i.BusFault_Handler)
    DebugMon_Handler                         0x080006e5   Thumb Code     2  stm32f10x_it.o(i.DebugMon_Handler)
    Detection_Hardware_Drive                 0x080006e9   Thumb Code   314  display.o(i.Detection_Hardware_Drive)
    EXTI9_5_IRQHandler                       0x0800082d   Thumb Code   230  exti.o(i.EXTI9_5_IRQHandler)
    EXTI_ClearITPendingBit                   0x0800091d   Thumb Code     6  stm32f10x_exti.o(i.EXTI_ClearITPendingBit)
    EXTI_Init                                0x08000929   Thumb Code   142  stm32f10x_exti.o(i.EXTI_Init)
    Function_Menu_APP                        0x080009bd   Thumb Code    66  display.o(i.Function_Menu_APP)
    GPIO_EXTILineConfig                      0x08000a05   Thumb Code    60  stm32f10x_gpio.o(i.GPIO_EXTILineConfig)
    GPIO_Init                                0x08000a45   Thumb Code   278  stm32f10x_gpio.o(i.GPIO_Init)
    GPIO_ResetBits                           0x08000b5b   Thumb Code     4  stm32f10x_gpio.o(i.GPIO_ResetBits)
    GPIO_SetBits                             0x08000b5f   Thumb Code     4  stm32f10x_gpio.o(i.GPIO_SetBits)
    Get_Adc                                  0x08000b65   Thumb Code    46  adc.o(i.Get_Adc)
    HardFault_Handler                        0x08000b99   Thumb Code     4  stm32f10x_it.o(i.HardFault_Handler)
    JTAG_Set                                 0x08000b9d   Thumb Code    38  sys.o(i.JTAG_Set)
    KEY_EXTIX_Init                           0x08000bcd   Thumb Code   108  exti.o(i.KEY_EXTIX_Init)
    KEY_Init                                 0x08000c39   Thumb Code    34  key.o(i.KEY_Init)
    LED_Init                                 0x08000c61   Thumb Code    84  led.o(i.LED_Init)
    Main_Interface_APP                       0x08000cbd   Thumb Code   172  display.o(i.Main_Interface_APP)
    MemManage_Handler                        0x08000d71   Thumb Code     4  stm32f10x_it.o(i.MemManage_Handler)
    Menu_Interface_APP                       0x08000d75   Thumb Code   440  display.o(i.Menu_Interface_APP)
    NMI_Handler                              0x08000f51   Thumb Code     2  stm32f10x_it.o(i.NMI_Handler)
    NRF24L01_Check                           0x08000f55   Thumb Code    72  24l01.o(i.NRF24L01_Check)
    NRF24L01_Init                            0x08000fa5   Thumb Code   124  24l01.o(i.NRF24L01_Init)
    NRF24L01_Read_Buf                        0x08001029   Thumb Code    60  24l01.o(i.NRF24L01_Read_Buf)
    NRF24L01_Task_APP                        0x08001069   Thumb Code   358  display.o(i.NRF24L01_Task_APP)
    NRF24L01_Write_Buf                       0x080011f1   Thumb Code    60  24l01.o(i.NRF24L01_Write_Buf)
    NVIC_Init                                0x08001231   Thumb Code   100  misc.o(i.NVIC_Init)
    NVIC_PriorityGroupConfig                 0x080012a1   Thumb Code    10  misc.o(i.NVIC_PriorityGroupConfig)
    OLED_Clear                               0x080012b5   Thumb Code    70  oled.o(i.OLED_Clear)
    OLED_Init                                0x080012fd   Thumb Code   326  oled.o(i.OLED_Init)
    OLED_P128x32Ch                           0x08001449   Thumb Code   152  oled.o(i.OLED_P128x32Ch)
    OLED_P16x16Ch                            0x080014e5   Thumb Code   162  oled.o(i.OLED_P16x16Ch)
    OLED_P32x32Ch                            0x0800158d   Thumb Code   316  oled.o(i.OLED_P32x32Ch)
    OLED_P8x16Ch                             0x080016cd   Thumb Code    84  oled.o(i.OLED_P8x16Ch)
    OLED_Set_Pos                             0x08001725   Thumb Code    46  oled.o(i.OLED_Set_Pos)
    OLED_ShowChar                            0x08001755   Thumb Code   312  oled.o(i.OLED_ShowChar)
    OLED_ShowNum                             0x08001895   Thumb Code   148  oled.o(i.OLED_ShowNum)
    OLED_ShowString                          0x08001929   Thumb Code    66  oled.o(i.OLED_ShowString)
    OLED_WR_Byte                             0x0800196d   Thumb Code    92  oled.o(i.OLED_WR_Byte)
    PendSV_Handler                           0x080019cd   Thumb Code     2  stm32f10x_it.o(i.PendSV_Handler)
    RCC_ADCCLKConfig                         0x080019d1   Thumb Code    18  stm32f10x_rcc.o(i.RCC_ADCCLKConfig)
    RCC_APB1PeriphClockCmd                   0x080019e9   Thumb Code    26  stm32f10x_rcc.o(i.RCC_APB1PeriphClockCmd)
    RCC_APB2PeriphClockCmd                   0x08001a09   Thumb Code    26  stm32f10x_rcc.o(i.RCC_APB2PeriphClockCmd)
    RCC_APB2PeriphResetCmd                   0x08001a29   Thumb Code    26  stm32f10x_rcc.o(i.RCC_APB2PeriphResetCmd)
    RCC_GetClocksFreq                        0x08001a49   Thumb Code   192  stm32f10x_rcc.o(i.RCC_GetClocksFreq)
    Rocker_Detection_Drive                   0x08001b1d   Thumb Code   390  adc.o(i.Rocker_Detection_Drive)
    SPI_Cmd                                  0x08001cb5   Thumb Code    24  stm32f10x_spi.o(i.SPI_Cmd)
    SPI_I2S_GetFlagStatus                    0x08001ccd   Thumb Code    18  stm32f10x_spi.o(i.SPI_I2S_GetFlagStatus)
    SPI_I2S_ReceiveData                      0x08001cdf   Thumb Code     6  stm32f10x_spi.o(i.SPI_I2S_ReceiveData)
    SPI_I2S_SendData                         0x08001ce5   Thumb Code     4  stm32f10x_spi.o(i.SPI_I2S_SendData)
    SPI_Init                                 0x08001ce9   Thumb Code    60  stm32f10x_spi.o(i.SPI_Init)
    SPIx_Init                                0x08001d25   Thumb Code   106  spi.o(i.SPIx_Init)
    SPIx_ReadWriteByte                       0x08001d9d   Thumb Code    78  spi.o(i.SPIx_ReadWriteByte)
    SPIx_SetSpeed                            0x08001df1   Thumb Code    26  spi.o(i.SPIx_SetSpeed)
    SVC_Handler                              0x08001e15   Thumb Code     2  stm32f10x_it.o(i.SVC_Handler)
    Set_Task_APP                             0x08001f01   Thumb Code   358  display.o(i.Set_Task_APP)
    SysTick_CLKSourceConfig                  0x08002089   Thumb Code    40  misc.o(i.SysTick_CLKSourceConfig)
    SysTick_Handler                          0x080020b1   Thumb Code     2  stm32f10x_it.o(i.SysTick_Handler)
    SystemInit                               0x080020b5   Thumb Code    78  system_stm32f10x.o(i.SystemInit)
    TIM3_IRQHandler                          0x08002115   Thumb Code   144  timer.o(i.TIM3_IRQHandler)
    TIM3_Int_Init                            0x080021b5   Thumb Code    90  timer.o(i.TIM3_Int_Init)
    TIM_ClearITPendingBit                    0x08002215   Thumb Code     6  stm32f10x_tim.o(i.TIM_ClearITPendingBit)
    TIM_Cmd                                  0x0800221b   Thumb Code    24  stm32f10x_tim.o(i.TIM_Cmd)
    TIM_GetITStatus                          0x08002233   Thumb Code    34  stm32f10x_tim.o(i.TIM_GetITStatus)
    TIM_ITConfig                             0x08002255   Thumb Code    18  stm32f10x_tim.o(i.TIM_ITConfig)
    TIM_TimeBaseInit                         0x08002269   Thumb Code   122  stm32f10x_tim.o(i.TIM_TimeBaseInit)
    USART1_IRQHandler                        0x0800230d   Thumb Code   122  usart.o(i.USART1_IRQHandler)
    USART_Cmd                                0x08002395   Thumb Code    24  stm32f10x_usart.o(i.USART_Cmd)
    USART_GetITStatus                        0x080023ad   Thumb Code    84  stm32f10x_usart.o(i.USART_GetITStatus)
    USART_ITConfig                           0x08002401   Thumb Code    74  stm32f10x_usart.o(i.USART_ITConfig)
    USART_Init                               0x0800244d   Thumb Code   210  stm32f10x_usart.o(i.USART_Init)
    USART_ReceiveData                        0x08002525   Thumb Code    10  stm32f10x_usart.o(i.USART_ReceiveData)
    USB_Task_APP                             0x08002531   Thumb Code   358  display.o(i.USB_Task_APP)
    UsageFault_Handler                       0x080026b9   Thumb Code     4  stm32f10x_it.o(i.UsageFault_Handler)
    WIFI_Task_APP                            0x080026bd   Thumb Code   358  display.o(i.WIFI_Task_APP)
    _sys_exit                                0x08002845   Thumb Code     6  usart.o(i._sys_exit)
    delay_init                               0x0800284d   Thumb Code    50  delay.o(i.delay_init)
    delay_ms                                 0x08002891   Thumb Code    72  delay.o(i.delay_ms)
    main                                     0x080028dd   Thumb Code   118  main.o(i.main)
    oled_pow                                 0x08002959   Thumb Code    22  oled.o(i.oled_pow)
    uart_init                                0x08002971   Thumb Code   152  usart.o(i.uart_init)
    Ff8x16                                   0x08002a10   Data         192  oled.o(.constdata)
    F16x32                                   0x08002ad0   Data         704  oled.o(.constdata)
    F16x16                                   0x08002d90   Data        3232  oled.o(.constdata)
    F32x6                                    0x08003a30   Data         992  oled.o(.constdata)
    F64x6                                    0x08003e10   Data        4032  oled.o(.constdata)
    F32x32                                   0x08004dd0   Data        1664  oled.o(.constdata)
    F64x32                                   0x08005450   Data         512  oled.o(.constdata)
    F64x64                                   0x08005650   Data       42496  oled.o(.constdata)
    F128x32                                  0x0800fc50   Data        1024  oled.o(.constdata)
    F128x48                                  0x08010050   Data        2304  oled.o(.constdata)
    F128x64                                  0x08010950   Data        1008  oled.o(.constdata)
    F6x8                                     0x08010d40   Data         552  oled.o(.constdata)
    F8X16                                    0x08010f68   Data        1520  oled.o(.constdata)
    Region$$Table$$Base                      0x08011558   Number         0  anon$$obj.o(Region$$Table)
    Region$$Table$$Limit                     0x08011578   Number         0  anon$$obj.o(Region$$Table)
    SystemCoreClock                          0x20000000   Data           4  system_stm32f10x.o(.data)
    AHBPrescTable                            0x20000004   Data          16  system_stm32f10x.o(.data)
    WIFI                                     0x20000018   Data        1024  display.o(.data)
    WIFI1                                    0x20000418   Data        1024  display.o(.data)
    M1                                       0x20000818   Data        1024  display.o(.data)
    M2                                       0x20000c18   Data        1024  display.o(.data)
    M3                                       0x20001018   Data        1024  display.o(.data)
    M4                                       0x20001418   Data        1024  display.o(.data)
    M5                                       0x20001818   Data        1024  display.o(.data)
    Mark_Sign                                0x20001c18   Data           3  display.o(.data)
    Module_Mark                              0x20001c1b   Data           5  display.o(.data)
    Module_Choose                            0x20001c20   Data           5  display.o(.data)
    Teme                                     0x20001c30   Data           4  timer.o(.data)
    __stdout                                 0x20001c38   Data           4  usart.o(.data)
    USART_RX_STA                             0x20001c3c   Data           2  usart.o(.data)
    SPI_InitStructure                        0x20001c54   Data          18  spi.o(.bss)
    USART_RX_BUF                             0x20001c66   Data         200  usart.o(.bss)
    __libspace_start                         0x20001d30   Data          96  libspace.o(.bss)
    __temporary_stack_top$libspace           0x20001d90   Data           0  libspace.o(.bss)



==============================================================================

Memory Map of the image

  Image Entry point : 0x08000215

  Load Region LR_1 (Base: 0x08000000, Size: 0x000131cc, Max: 0xffffffff, ABSOLUTE, COMPRESSED[0x000118a8])

    Execution Region ER_RO (Exec base: 0x08000000, Load base: 0x08000000, Size: 0x00011578, Max: 0xffffffff, ABSOLUTE)

    Exec Addr    Load Addr    Size         Type   Attr      Idx    E Section Name        Object

    0x08000000   0x08000000   0x00000130   Data   RO          978    RESET               startup_stm32f10x_hd.o
    0x08000130   0x08000130   0x00000008   Code   RO         2544  * !!!main             c_w.l(__main.o)
    0x08000138   0x08000138   0x00000034   Code   RO         2810    !!!scatter          c_w.l(__scatter.o)
    0x0800016c   0x0800016c   0x00000064   Code   RO         2808    !!dclz77c           c_w.l(__dclz77c.o)
    0x080001d0   0x080001d0   0x0000001c   Code   RO         2812    !!handler_zi        c_w.l(__scatter_zi.o)
    0x080001ec   0x080001ec   0x00000002   Code   RO         2679    .ARM.Collect$$libinit$$00000000  c_w.l(libinit.o)
    0x080001ee   0x080001ee   0x00000000   Code   RO         2685    .ARM.Collect$$libinit$$00000002  c_w.l(libinit2.o)
    0x080001ee   0x080001ee   0x00000000   Code   RO         2687    .ARM.Collect$$libinit$$00000004  c_w.l(libinit2.o)
    0x080001ee   0x080001ee   0x00000000   Code   RO         2690    .ARM.Collect$$libinit$$0000000A  c_w.l(libinit2.o)
    0x080001ee   0x080001ee   0x00000000   Code   RO         2692    .ARM.Collect$$libinit$$0000000C  c_w.l(libinit2.o)
    0x080001ee   0x080001ee   0x00000000   Code   RO         2694    .ARM.Collect$$libinit$$0000000E  c_w.l(libinit2.o)
    0x080001ee   0x080001ee   0x00000000   Code   RO         2697    .ARM.Collect$$libinit$$00000011  c_w.l(libinit2.o)
    0x080001ee   0x080001ee   0x00000000   Code   RO         2699    .ARM.Collect$$libinit$$00000013  c_w.l(libinit2.o)
    0x080001ee   0x080001ee   0x00000000   Code   RO         2701    .ARM.Collect$$libinit$$00000015  c_w.l(libinit2.o)
    0x080001ee   0x080001ee   0x00000000   Code   RO         2703    .ARM.Collect$$libinit$$00000017  c_w.l(libinit2.o)
    0x080001ee   0x080001ee   0x00000000   Code   RO         2705    .ARM.Collect$$libinit$$00000019  c_w.l(libinit2.o)
    0x080001ee   0x080001ee   0x00000000   Code   RO         2707    .ARM.Collect$$libinit$$0000001B  c_w.l(libinit2.o)
    0x080001ee   0x080001ee   0x00000000   Code   RO         2709    .ARM.Collect$$libinit$$0000001D  c_w.l(libinit2.o)
    0x080001ee   0x080001ee   0x00000000   Code   RO         2711    .ARM.Collect$$libinit$$0000001F  c_w.l(libinit2.o)
    0x080001ee   0x080001ee   0x00000000   Code   RO         2713    .ARM.Collect$$libinit$$00000021  c_w.l(libinit2.o)
    0x080001ee   0x080001ee   0x00000000   Code   RO         2715    .ARM.Collect$$libinit$$00000023  c_w.l(libinit2.o)
    0x080001ee   0x080001ee   0x00000000   Code   RO         2717    .ARM.Collect$$libinit$$00000025  c_w.l(libinit2.o)
    0x080001ee   0x080001ee   0x00000000   Code   RO         2721    .ARM.Collect$$libinit$$0000002C  c_w.l(libinit2.o)
    0x080001ee   0x080001ee   0x00000000   Code   RO         2723    .ARM.Collect$$libinit$$0000002E  c_w.l(libinit2.o)
    0x080001ee   0x080001ee   0x00000000   Code   RO         2725    .ARM.Collect$$libinit$$00000030  c_w.l(libinit2.o)
    0x080001ee   0x080001ee   0x00000000   Code   RO         2727    .ARM.Collect$$libinit$$00000032  c_w.l(libinit2.o)
    0x080001ee   0x080001ee   0x00000002   Code   RO         2728    .ARM.Collect$$libinit$$00000033  c_w.l(libinit2.o)
    0x080001f0   0x080001f0   0x00000002   Code   RO         2750    .ARM.Collect$$libshutdown$$00000000  c_w.l(libshutdown.o)
    0x080001f2   0x080001f2   0x00000000   Code   RO         2760    .ARM.Collect$$libshutdown$$00000002  c_w.l(libshutdown2.o)
    0x080001f2   0x080001f2   0x00000000   Code   RO         2762    .ARM.Collect$$libshutdown$$00000004  c_w.l(libshutdown2.o)
    0x080001f2   0x080001f2   0x00000000   Code   RO         2765    .ARM.Collect$$libshutdown$$00000007  c_w.l(libshutdown2.o)
    0x080001f2   0x080001f2   0x00000000   Code   RO         2768    .ARM.Collect$$libshutdown$$0000000A  c_w.l(libshutdown2.o)
    0x080001f2   0x080001f2   0x00000000   Code   RO         2770    .ARM.Collect$$libshutdown$$0000000C  c_w.l(libshutdown2.o)
    0x080001f2   0x080001f2   0x00000000   Code   RO         2773    .ARM.Collect$$libshutdown$$0000000F  c_w.l(libshutdown2.o)
    0x080001f2   0x080001f2   0x00000002   Code   RO         2774    .ARM.Collect$$libshutdown$$00000010  c_w.l(libshutdown2.o)
    0x080001f4   0x080001f4   0x00000000   Code   RO         2590    .ARM.Collect$$rtentry$$00000000  c_w.l(__rtentry.o)
    0x080001f4   0x080001f4   0x00000000   Code   RO         2634    .ARM.Collect$$rtentry$$00000002  c_w.l(__rtentry2.o)
    0x080001f4   0x080001f4   0x00000006   Code   RO         2646    .ARM.Collect$$rtentry$$00000004  c_w.l(__rtentry4.o)
    0x080001fa   0x080001fa   0x00000000   Code   RO         2636    .ARM.Collect$$rtentry$$00000009  c_w.l(__rtentry2.o)
    0x080001fa   0x080001fa   0x00000004   Code   RO         2637    .ARM.Collect$$rtentry$$0000000A  c_w.l(__rtentry2.o)
    0x080001fe   0x080001fe   0x00000000   Code   RO         2639    .ARM.Collect$$rtentry$$0000000C  c_w.l(__rtentry2.o)
    0x080001fe   0x080001fe   0x00000008   Code   RO         2640    .ARM.Collect$$rtentry$$0000000D  c_w.l(__rtentry2.o)
    0x08000206   0x08000206   0x00000002   Code   RO         2682    .ARM.Collect$$rtexit$$00000000  c_w.l(rtexit.o)
    0x08000208   0x08000208   0x00000000   Code   RO         2732    .ARM.Collect$$rtexit$$00000002  c_w.l(rtexit2.o)
    0x08000208   0x08000208   0x00000004   Code   RO         2733    .ARM.Collect$$rtexit$$00000003  c_w.l(rtexit2.o)
    0x0800020c   0x0800020c   0x00000006   Code   RO         2734    .ARM.Collect$$rtexit$$00000004  c_w.l(rtexit2.o)
    0x08000212   0x08000212   0x00000002   PAD
    0x08000214   0x08000214   0x00000040   Code   RO          979  * .text               startup_stm32f10x_hd.o
    0x08000254   0x08000254   0x00000002   Code   RO         2507    .text               c_w.l(use_no_semi_2.o)
    0x08000256   0x08000256   0x00000006   Code   RO         2542    .text               c_w.l(heapauxi.o)
    0x0800025c   0x0800025c   0x00000002   Code   RO         2588    .text               c_w.l(use_no_semi.o)
    0x0800025e   0x0800025e   0x00000002   PAD
    0x08000260   0x08000260   0x00000008   Code   RO         2665    .text               c_w.l(libspace.o)
    0x08000268   0x08000268   0x0000004a   Code   RO         2668    .text               c_w.l(sys_stackheap_outer.o)
    0x080002b2   0x080002b2   0x00000012   Code   RO         2672    .text               c_w.l(exit.o)
    0x080002c4   0x080002c4   0x00000016   Code   RO         1543    i.ADC_Cmd           stm32f10x_adc.o
    0x080002da   0x080002da   0x00000002   PAD
    0x080002dc   0x080002dc   0x0000005c   Code   RO         1545    i.ADC_DeInit        stm32f10x_adc.o
    0x08000338   0x08000338   0x00000014   Code   RO         1551    i.ADC_GetCalibrationStatus  stm32f10x_adc.o
    0x0800034c   0x0800034c   0x00000008   Code   RO         1552    i.ADC_GetConversionValue  stm32f10x_adc.o
    0x08000354   0x08000354   0x00000012   Code   RO         1554    i.ADC_GetFlagStatus  stm32f10x_adc.o
    0x08000366   0x08000366   0x00000014   Code   RO         1557    i.ADC_GetResetCalibrationStatus  stm32f10x_adc.o
    0x0800037a   0x0800037a   0x00000002   PAD
    0x0800037c   0x0800037c   0x00000050   Code   RO         1561    i.ADC_Init          stm32f10x_adc.o
    0x080003cc   0x080003cc   0x000000b8   Code   RO         1565    i.ADC_RegularChannelConfig  stm32f10x_adc.o
    0x08000484   0x08000484   0x0000000a   Code   RO         1566    i.ADC_ResetCalibration  stm32f10x_adc.o
    0x0800048e   0x0800048e   0x00000016   Code   RO         1568    i.ADC_SoftwareStartConvCmd  stm32f10x_adc.o
    0x080004a4   0x080004a4   0x0000000a   Code   RO         1570    i.ADC_StartCalibration  stm32f10x_adc.o
    0x080004ae   0x080004ae   0x00000002   PAD
    0x080004b0   0x080004b0   0x000000a8   Code   RO          579    i.Adc_Init          adc.o
    0x08000558   0x08000558   0x00000188   Code   RO          718    i.Bluetooth_Task_APP  display.o
    0x080006e0   0x080006e0   0x00000004   Code   RO          155    i.BusFault_Handler  stm32f10x_it.o
    0x080006e4   0x080006e4   0x00000002   Code   RO          156    i.DebugMon_Handler  stm32f10x_it.o
    0x080006e6   0x080006e6   0x00000002   PAD
    0x080006e8   0x080006e8   0x00000144   Code   RO          719    i.Detection_Hardware_Drive  display.o
    0x0800082c   0x0800082c   0x000000f0   Code   RO          800    i.EXTI9_5_IRQHandler  exti.o
    0x0800091c   0x0800091c   0x0000000c   Code   RO         1904    i.EXTI_ClearITPendingBit  stm32f10x_exti.o
    0x08000928   0x08000928   0x00000094   Code   RO         1909    i.EXTI_Init         stm32f10x_exti.o
    0x080009bc   0x080009bc   0x00000048   Code   RO          720    i.Function_Menu_APP  display.o
    0x08000a04   0x08000a04   0x00000040   Code   RO         1022    i.GPIO_EXTILineConfig  stm32f10x_gpio.o
    0x08000a44   0x08000a44   0x00000116   Code   RO         1025    i.GPIO_Init         stm32f10x_gpio.o
    0x08000b5a   0x08000b5a   0x00000004   Code   RO         1032    i.GPIO_ResetBits    stm32f10x_gpio.o
    0x08000b5e   0x08000b5e   0x00000004   Code   RO         1033    i.GPIO_SetBits      stm32f10x_gpio.o
    0x08000b62   0x08000b62   0x00000002   PAD
    0x08000b64   0x08000b64   0x00000034   Code   RO          580    i.Get_Adc           adc.o
    0x08000b98   0x08000b98   0x00000004   Code   RO          157    i.HardFault_Handler  stm32f10x_it.o
    0x08000b9c   0x08000b9c   0x00000030   Code   RO          893    i.JTAG_Set          sys.o
    0x08000bcc   0x08000bcc   0x0000006c   Code   RO          801    i.KEY_EXTIX_Init    exti.o
    0x08000c38   0x08000c38   0x00000028   Code   RO          560    i.KEY_Init          key.o
    0x08000c60   0x08000c60   0x0000005c   Code   RO          278    i.LED_Init          led.o
    0x08000cbc   0x08000cbc   0x000000b4   Code   RO          721    i.Main_Interface_APP  display.o
    0x08000d70   0x08000d70   0x00000004   Code   RO          158    i.MemManage_Handler  stm32f10x_it.o
    0x08000d74   0x08000d74   0x000001dc   Code   RO          722    i.Menu_Interface_APP  display.o
    0x08000f50   0x08000f50   0x00000002   Code   RO          159    i.NMI_Handler       stm32f10x_it.o
    0x08000f52   0x08000f52   0x00000002   PAD
    0x08000f54   0x08000f54   0x00000050   Code   RO          617    i.NRF24L01_Check    24l01.o
    0x08000fa4   0x08000fa4   0x00000084   Code   RO          618    i.NRF24L01_Init     24l01.o
    0x08001028   0x08001028   0x00000040   Code   RO          619    i.NRF24L01_Read_Buf  24l01.o
    0x08001068   0x08001068   0x00000188   Code   RO          723    i.NRF24L01_Task_APP  display.o
    0x080011f0   0x080011f0   0x00000040   Code   RO          623    i.NRF24L01_Write_Buf  24l01.o
    0x08001230   0x08001230   0x00000070   Code   RO          983    i.NVIC_Init         misc.o
    0x080012a0   0x080012a0   0x00000014   Code   RO          984    i.NVIC_PriorityGroupConfig  misc.o
    0x080012b4   0x080012b4   0x00000046   Code   RO          291    i.OLED_Clear        oled.o
    0x080012fa   0x080012fa   0x00000002   PAD
    0x080012fc   0x080012fc   0x0000014c   Code   RO          305    i.OLED_Init         oled.o
    0x08001448   0x08001448   0x0000009c   Code   RO          306    i.OLED_P128x32Ch    oled.o
    0x080014e4   0x080014e4   0x000000a8   Code   RO          307    i.OLED_P16x16Ch     oled.o
    0x0800158c   0x0800158c   0x00000140   Code   RO          309    i.OLED_P32x32Ch     oled.o
    0x080016cc   0x080016cc   0x00000058   Code   RO          314    i.OLED_P8x16Ch      oled.o
    0x08001724   0x08001724   0x0000002e   Code   RO          316    i.OLED_Set_Pos      oled.o
    0x08001752   0x08001752   0x00000002   PAD
    0x08001754   0x08001754   0x00000140   Code   RO          318    i.OLED_ShowChar     oled.o
    0x08001894   0x08001894   0x00000094   Code   RO          319    i.OLED_ShowNum      oled.o
    0x08001928   0x08001928   0x00000042   Code   RO          320    i.OLED_ShowString   oled.o
    0x0800196a   0x0800196a   0x00000002   PAD
    0x0800196c   0x0800196c   0x00000060   Code   RO          321    i.OLED_WR_Byte      oled.o
    0x080019cc   0x080019cc   0x00000002   Code   RO          160    i.PendSV_Handler    stm32f10x_it.o
    0x080019ce   0x080019ce   0x00000002   PAD
    0x080019d0   0x080019d0   0x00000018   Code   RO         1157    i.RCC_ADCCLKConfig  stm32f10x_rcc.o
    0x080019e8   0x080019e8   0x00000020   Code   RO         1159    i.RCC_APB1PeriphClockCmd  stm32f10x_rcc.o
    0x08001a08   0x08001a08   0x00000020   Code   RO         1161    i.RCC_APB2PeriphClockCmd  stm32f10x_rcc.o
    0x08001a28   0x08001a28   0x00000020   Code   RO         1162    i.RCC_APB2PeriphResetCmd  stm32f10x_rcc.o
    0x08001a48   0x08001a48   0x000000d4   Code   RO         1169    i.RCC_GetClocksFreq  stm32f10x_rcc.o
    0x08001b1c   0x08001b1c   0x00000198   Code   RO          583    i.Rocker_Detection_Drive  adc.o
    0x08001cb4   0x08001cb4   0x00000018   Code   RO         1764    i.SPI_Cmd           stm32f10x_spi.o
    0x08001ccc   0x08001ccc   0x00000012   Code   RO         1772    i.SPI_I2S_GetFlagStatus  stm32f10x_spi.o
    0x08001cde   0x08001cde   0x00000006   Code   RO         1775    i.SPI_I2S_ReceiveData  stm32f10x_spi.o
    0x08001ce4   0x08001ce4   0x00000004   Code   RO         1776    i.SPI_I2S_SendData  stm32f10x_spi.o
    0x08001ce8   0x08001ce8   0x0000003c   Code   RO         1777    i.SPI_Init          stm32f10x_spi.o
    0x08001d24   0x08001d24   0x00000078   Code   RO          691    i.SPIx_Init         spi.o
    0x08001d9c   0x08001d9c   0x00000054   Code   RO          692    i.SPIx_ReadWriteByte  spi.o
    0x08001df0   0x08001df0   0x00000024   Code   RO          693    i.SPIx_SetSpeed     spi.o
    0x08001e14   0x08001e14   0x00000002   Code   RO          161    i.SVC_Handler       stm32f10x_it.o
    0x08001e16   0x08001e16   0x00000008   Code   RO          244    i.SetSysClock       system_stm32f10x.o
    0x08001e1e   0x08001e1e   0x00000002   PAD
    0x08001e20   0x08001e20   0x000000e0   Code   RO          245    i.SetSysClockTo72   system_stm32f10x.o
    0x08001f00   0x08001f00   0x00000188   Code   RO          726    i.Set_Task_APP      display.o
    0x08002088   0x08002088   0x00000028   Code   RO          987    i.SysTick_CLKSourceConfig  misc.o
    0x080020b0   0x080020b0   0x00000002   Code   RO          162    i.SysTick_Handler   stm32f10x_it.o
    0x080020b2   0x080020b2   0x00000002   PAD
    0x080020b4   0x080020b4   0x00000060   Code   RO          247    i.SystemInit        system_stm32f10x.o
    0x08002114   0x08002114   0x000000a0   Code   RO          821    i.TIM3_IRQHandler   timer.o
    0x080021b4   0x080021b4   0x00000060   Code   RO          822    i.TIM3_Int_Init     timer.o
    0x08002214   0x08002214   0x00000006   Code   RO         1968    i.TIM_ClearITPendingBit  stm32f10x_tim.o
    0x0800221a   0x0800221a   0x00000018   Code   RO         1973    i.TIM_Cmd           stm32f10x_tim.o
    0x08002232   0x08002232   0x00000022   Code   RO         1994    i.TIM_GetITStatus   stm32f10x_tim.o
    0x08002254   0x08002254   0x00000012   Code   RO         1998    i.TIM_ITConfig      stm32f10x_tim.o
    0x08002266   0x08002266   0x00000002   PAD
    0x08002268   0x08002268   0x000000a4   Code   RO         2044    i.TIM_TimeBaseInit  stm32f10x_tim.o
    0x0800230c   0x0800230c   0x00000088   Code   RO          925    i.USART1_IRQHandler  usart.o
    0x08002394   0x08002394   0x00000018   Code   RO         1361    i.USART_Cmd         stm32f10x_usart.o
    0x080023ac   0x080023ac   0x00000054   Code   RO         1365    i.USART_GetITStatus  stm32f10x_usart.o
    0x08002400   0x08002400   0x0000004a   Code   RO         1367    i.USART_ITConfig    stm32f10x_usart.o
    0x0800244a   0x0800244a   0x00000002   PAD
    0x0800244c   0x0800244c   0x000000d8   Code   RO         1368    i.USART_Init        stm32f10x_usart.o
    0x08002524   0x08002524   0x0000000a   Code   RO         1375    i.USART_ReceiveData  stm32f10x_usart.o
    0x0800252e   0x0800252e   0x00000002   PAD
    0x08002530   0x08002530   0x00000188   Code   RO          727    i.USB_Task_APP      display.o
    0x080026b8   0x080026b8   0x00000004   Code   RO          163    i.UsageFault_Handler  stm32f10x_it.o
    0x080026bc   0x080026bc   0x00000188   Code   RO          728    i.WIFI_Task_APP     display.o
    0x08002844   0x08002844   0x00000006   Code   RO          926    i._sys_exit         usart.o
    0x0800284a   0x0800284a   0x00000002   PAD
    0x0800284c   0x0800284c   0x00000044   Code   RO          864    i.delay_init        delay.o
    0x08002890   0x08002890   0x0000004c   Code   RO          865    i.delay_ms          delay.o
    0x080028dc   0x080028dc   0x0000007c   Code   RO            1    i.main              main.o
    0x08002958   0x08002958   0x00000016   Code   RO          322    i.oled_pow          oled.o
    0x0800296e   0x0800296e   0x00000002   PAD
    0x08002970   0x08002970   0x000000a0   Code   RO          928    i.uart_init         usart.o
    0x08002a10   0x08002a10   0x0000eb48   Data   RO          324    .constdata          oled.o
    0x08011558   0x08011558   0x00000020   Data   RO         2806    Region$$Table       anon$$obj.o


    Execution Region ER_RW (Exec base: 0x20000000, Load base: 0x08011578, Size: 0x00001c54, Max: 0xffffffff, ABSOLUTE, COMPRESSED[0x00000330])

    Exec Addr    Load Addr    Size         Type   Attr      Idx    E Section Name        Object

    0x20000000   COMPRESSED   0x00000014   Data   RW          248    .data               system_stm32f10x.o
    0x20000014   COMPRESSED   0x00000004   Data   RW          584    .data               adc.o
    0x20000018   COMPRESSED   0x00001c18   Data   RW          729    .data               display.o
    0x20001c30   COMPRESSED   0x00000004   Data   RW          823    .data               timer.o
    0x20001c34   COMPRESSED   0x00000004   Data   RW          867    .data               delay.o
    0x20001c38   COMPRESSED   0x00000006   Data   RW          930    .data               usart.o
    0x20001c3e   COMPRESSED   0x00000014   Data   RW         1189    .data               stm32f10x_rcc.o


    Execution Region ER_ZI (Exec base: 0x20001c54, Load base: 0x080118a8, Size: 0x0000073c, Max: 0xffffffff, ABSOLUTE)

    Exec Addr    Load Addr    Size         Type   Attr      Idx    E Section Name        Object

    0x20001c54        -       0x00000012   Zero   RW          694    .bss                spi.o
    0x20001c66        -       0x000000c8   Zero   RW          929    .bss                usart.o
    0x20001d2e   0x080118a8   0x00000002   PAD
    0x20001d30        -       0x00000060   Zero   RW         2666    .bss                c_w.l(libspace.o)
    0x20001d90        -       0x00000200   Zero   RW          977    HEAP                startup_stm32f10x_hd.o
    0x20001f90        -       0x00000400   Zero   RW          976    STACK               startup_stm32f10x_hd.o


==============================================================================

Image component sizes


      Code (inc. data)   RO Data    RW Data    ZI Data      Debug   Object Name

       340         24          0          0          0       2962   24l01.o
       628         38          0          4          0       2062   adc.o
       144         22          0          4          0       1196   delay.o
      3012        242          0       7192          0       8963   display.o
       348         22          0          0          0       1194   exti.o
        40          6          0          0          0        479   key.o
        92          8          0          0          0        507   led.o
       124          6          0          0          0     271427   main.o
       172         22          0          0          0       2049   misc.o
      1832         36      60232          0          0      10476   oled.o
       240         30          0          0         18       1937   spi.o
        64         26        304          0       1536        796   startup_stm32f10x_hd.o
       486         24          0          0          0       8586   stm32f10x_adc.o
       160         12          0          0          0       1497   stm32f10x_exti.o
       350          4          0          0          0       3650   stm32f10x_gpio.o
        26          0          0          0          0       3694   stm32f10x_it.o
       332         44          0         20          0       5546   stm32f10x_rcc.o
       112          0          0          0          0       3830   stm32f10x_spi.o
       246         42          0          0          0       3546   stm32f10x_tim.o
       408          6          0          0          0       4998   stm32f10x_usart.o
        48         10          0          0          0        503   sys.o
       328         28          0         20          0       2077   system_stm32f10x.o
       256         22          0          4          0       3519   timer.o
       302         22          0          6        200       3644   usart.o

    ----------------------------------------------------------------------
     10124        696      60568       7252       1756     349138   Object Totals
         0          0         32          0          0          0   (incl. Generated)
        34          0          0          2          2          0   (incl. Padding)

    ----------------------------------------------------------------------

      Code (inc. data)   RO Data    RW Data    ZI Data      Debug   Library Member Name

       100          0          0          0          0          0   __dclz77c.o
         8          0          0          0          0         68   __main.o
         0          0          0          0          0          0   __rtentry.o
        12          0          0          0          0          0   __rtentry2.o
         6          0          0          0          0          0   __rtentry4.o
        52          8          0          0          0          0   __scatter.o
        28          0          0          0          0          0   __scatter_zi.o
        18          0          0          0          0         80   exit.o
         6          0          0          0          0        152   heapauxi.o
         2          0          0          0          0          0   libinit.o
         2          0          0          0          0          0   libinit2.o
         2          0          0          0          0          0   libshutdown.o
         2          0          0          0          0          0   libshutdown2.o
         8          4          0          0         96         68   libspace.o
         2          0          0          0          0          0   rtexit.o
        10          0          0          0          0          0   rtexit2.o
        74          0          0          0          0         80   sys_stackheap_outer.o
         2          0          0          0          0         68   use_no_semi.o
         2          0          0          0          0         68   use_no_semi_2.o

    ----------------------------------------------------------------------
       340         12          0          0         96        584   Library Totals
         4          0          0          0          0          0   (incl. Padding)

    ----------------------------------------------------------------------

      Code (inc. data)   RO Data    RW Data    ZI Data      Debug   Library Name

       336         12          0          0         96        584   c_w.l

    ----------------------------------------------------------------------
       340         12          0          0         96        584   Library Totals

    ----------------------------------------------------------------------

==============================================================================


      Code (inc. data)   RO Data    RW Data    ZI Data      Debug   

     10464        708      60568       7252       1852     344778   Grand Totals
     10464        708      60568        816       1852     344778   ELF Image Totals (compressed)
     10464        708      60568        816          0          0   ROM Totals

==============================================================================

    Total RO  Size (Code + RO Data)                71032 (  69.37kB)
    Total RW  Size (RW Data + ZI Data)              9104 (   8.89kB)
    Total ROM Size (Code + RO Data + RW Data)      71848 (  70.16kB)

==============================================================================

